[
  {
    "DateOfCalculation": "2025-01-01T00:00:00",
    "BvgAge": 56,
    "TechnicalAge": {
      "Years": 55,
      "Months": 9
    },
    "ProRatedFactor": 1.0,
    "GrossInterestRate": 0.0125,
    "RetirementCredit": 11245.5,
    "RetirementCapitalWithoutInterest": 11245.5,
    "RetirementCapital": 11245.5,
    "IsRetirementDate": false,
    "IsEndOfSavings": false,
    "IsFullYear": true,
    "IsFullAge": false
  },
  {
    "DateOfCalculation": "2025-02-01T00:00:00",
    "BvgAge": 56,
    "TechnicalAge": {
      "Years": 55,
      "Months": 10
    },
    "ProRatedFactor": 0.0833333333333333333333333333,
    "GrossInterestRate": 0.0125,
    "RetirementCredit": 937.1249999999999999999999996,
    "RetirementCapitalWithoutInterest": 12182.625000000000000000000000,
    "RetirementCapital": 12194.339062500000000000000000,
    "IsRetirementDate": false,
    "IsEndOfSavings": false,
    "IsFullYear": false,
    "IsFullAge": false
  },
  {
    "DateOfCalculation": "2025-03-01T00:00:00",
    "BvgAge": 56,
    "TechnicalAge": {
      "Years": 55,
      "Months": 11
    },
    "ProRatedFactor": 0.1666666666666666666666666667,
    "GrossInterestRate": 0.0125,
    "RetirementCredit": 1874.2500000000000000000000004,
    "RetirementCapitalWithoutInterest": 13119.750000000000000000000000,
    "RetirementCapital": 13143.178125000000000000000000,
    "IsRetirementDate": false,
    "IsEndOfSavings": false,
    "IsFullYear": false,
    "IsFullAge": false
  },
  {
    "DateOfCalculation": "2025-04-01T00:00:00",
    "BvgAge": 56,
    "TechnicalAge": {
      "Years": 56,
      "Months": 0
    },
    "ProRatedFactor": 0.25,
    "GrossInterestRate": 0.0125,
    "RetirementCredit": 2811.375,
    "RetirementCapitalWithoutInterest": 14056.875,
    "RetirementCapital": 14092.0171875,
    "IsRetirementDate": false,
    "IsEndOfSavings": false,
    "IsFullYear": false,
    "IsFullAge": true
  },
  {
    "DateOfCalculation": "2025-05-01T00:00:00",
    "BvgAge": 56,
    "TechnicalAge": {
      "Years": 56,
      "Months": 1
    },
    "ProRatedFactor": 0.3333333333333333333333333333,
    "GrossInterestRate": 0.0125,
    "RetirementCredit": 3748.4999999999999999999999996,
    "RetirementCapitalWithoutInterest": 14994.000000000000000000000000,
    "RetirementCapital": 15040.856250000000000000000000,
    "IsRetirementDate": false,
    "IsEndOfSavings": false,
    "IsFullYear": false,
    "IsFullAge": false
  },
  {
    "DateOfCalculation": "2025-06-01T00:00:00",
    "BvgAge": 56,
    "TechnicalAge": {
      "Years": 56,
      "Months": 2
    },
    "ProRatedFactor": 0.4166666666666666666666666667,
    "GrossInterestRate": 0.0125,
    "RetirementCredit": 4685.6250000000000000000000004,
    "RetirementCapitalWithoutInterest": 15931.125000000000000000000000,
    "RetirementCapital": 15989.695312500000000000000000,
    "IsRetirementDate": false,
    "IsEndOfSavings": false,
    "IsFullYear": false,
    "IsFullAge": false
  },
  {
    "DateOfCalculation": "2025-07-01T00:00:00",
    "BvgAge": 56,
    "TechnicalAge": {
      "Years": 56,
      "Months": 3
    },
    "ProRatedFactor": 0.5,
    "GrossInterestRate": 0.0125,
    "RetirementCredit": 5622.75,
    "RetirementCapitalWithoutInterest": 16868.25,
    "RetirementCapital": 16938.534375,
    "IsRetirementDate": false,
    "IsEndOfSavings": false,
    "IsFullYear": false,
    "IsFullAge": false
  },
  {
    "DateOfCalculation": "2025-08-01T00:00:00",
    "BvgAge": 56,
    "TechnicalAge": {
      "Years": 56,
      "Months": 4
    },
    "ProRatedFactor": 0.5833333333333333333333333333,
    "GrossInterestRate": 0.0125,
    "RetirementCredit": 6559.8749999999999999999999996,
    "RetirementCapitalWithoutInterest": 17805.375000000000000000000000,
    "RetirementCapital": 17887.373437500000000000000000,
    "IsRetirementDate": false,
    "IsEndOfSavings": false,
    "IsFullYear": false,
    "IsFullAge": false
  },
  {
    "DateOfCalculation": "2025-09-01T00:00:00",
    "BvgAge": 56,
    "TechnicalAge": {
      "Years": 56,
      "Months": 5
    },
    "ProRatedFactor": 0.6666666666666666666666666667,
    "GrossInterestRate": 0.0125,
    "RetirementCredit": 7497.0000000000000000000000004,
    "RetirementCapitalWithoutInterest": 18742.500000000000000000000000,
    "RetirementCapital": 18836.212500000000000000000000,
    "IsRetirementDate": false,
    "IsEndOfSavings": false,
    "IsFullYear": false,
    "IsFullAge": false
  },
  {
    "DateOfCalculation": "2025-10-01T00:00:00",
    "BvgAge": 56,
    "TechnicalAge": {
      "Years": 56,
      "Months": 6
    },
    "ProRatedFactor": 0.75,
    "GrossInterestRate": 0.0125,
    "RetirementCredit": 8434.125,
    "RetirementCapitalWithoutInterest": 19679.625,
    "RetirementCapital": 19785.0515625,
    "IsRetirementDate": false,
    "IsEndOfSavings": false,
    "IsFullYear": false,
    "IsFullAge": false
  },
  {
    "DateOfCalculation": "2025-11-01T00:00:00",
    "BvgAge": 56,
    "TechnicalAge": {
      "Years": 56,
      "Months": 7
    },
    "ProRatedFactor": 0.8333333333333333333333333333,
    "GrossInterestRate": 0.0125,
    "RetirementCredit": 9371.250000000000000000000000,
    "RetirementCapitalWithoutInterest": 20616.750000000000000000000000,
    "RetirementCapital": 20733.890625000000000000000000,
    "IsRetirementDate": false,
    "IsEndOfSavings": false,
    "IsFullYear": false,
    "IsFullAge": false
  },
  {
    "DateOfCalculation": "2025-12-01T00:00:00",
    "BvgAge": 56,
    "TechnicalAge": {
      "Years": 56,
      "Months": 8
    },
    "ProRatedFactor": 0.9166666666666666666666666667,
    "GrossInterestRate": 0.0125,
    "RetirementCredit": 10308.375000000000000000000000,
    "RetirementCapitalWithoutInterest": 21553.875000000000000000000000,
    "RetirementCapital": 21682.729687500000000000000000,
    "IsRetirementDate": false,
    "IsEndOfSavings": false,
    "IsFullYear": false,
    "IsFullAge": false
  },
  {
    "DateOfCalculation": "2026-01-01T00:00:00",
    "BvgAge": 57,
    "TechnicalAge": {
      "Years": 56,
      "Months": 9
    },
    "ProRatedFactor": 1.0,
    "GrossInterestRate": 0.0125,
    "RetirementCredit": 11245.5,
    "RetirementCapitalWithoutInterest": 22491.0,
    "RetirementCapital": 22631.56875,
    "IsRetirementDate": false,
    "IsEndOfSavings": false,
    "IsFullYear": true,
    "IsFullAge": false
  },
  {
    "DateOfCalculation": "2026-02-01T00:00:00",
    "BvgAge": 57,
    "TechnicalAge": {
      "Years": 56,
      "Months": 10
    },
    "ProRatedFactor": 0.0833333333333333333333333333,
    "GrossInterestRate": 0.0125,
    "RetirementCredit": 937.1249999999999999999999996,
    "RetirementCapitalWithoutInterest": 23428.125000000000000000000000,
    "RetirementCapital": 23592.268300781250000000000001,
    "IsRetirementDate": false,
    "IsEndOfSavings": false,
    "IsFullYear": false,
    "IsFullAge": false
  },
  {
    "DateOfCalculation": "2026-03-01T00:00:00",
    "BvgAge": 57,
    "TechnicalAge": {
      "Years": 56,
      "Months": 11
    },
    "ProRatedFactor": 0.1666666666666666666666666667,
    "GrossInterestRate": 0.0125,
    "RetirementCredit": 1646.4000000000000000000000003,
    "RetirementCapitalWithoutInterest": 24137.400000000000000000000000,
    "RetirementCapital": 24325.117851562499999999999999,
    "IsRetirementDate": false,
    "IsEndOfSavings": false,
    "IsFullYear": false,
    "IsFullAge": false
  },
  {
    "DateOfCalculation": "2026-04-01T00:00:00",
    "BvgAge": 57,
    "TechnicalAge": {
      "Years": 57,
      "Months": 0
    },
    "ProRatedFactor": 0.25,
    "GrossInterestRate": 0.0125,
    "RetirementCredit": 2469.600,
    "RetirementCapitalWithoutInterest": 24960.600,
    "RetirementCapital": 25171.89240234375,
    "IsRetirementDate": false,
    "IsEndOfSavings": false,
    "IsFullYear": false,
    "IsFullAge": true
  },
  {
    "DateOfCalculation": "2026-05-01T00:00:00",
    "BvgAge": 57,
    "TechnicalAge": {
      "Years": 57,
      "Months": 1
    },
    "ProRatedFactor": 0.3333333333333333333333333333,
    "GrossInterestRate": 0.0125,
    "RetirementCredit": 3292.7999999999999999999999997,
    "RetirementCapitalWithoutInterest": 25783.800000000000000000000000,
    "RetirementCapital": 26018.666953125000000000000001,
    "IsRetirementDate": false,
    "IsEndOfSavings": false,
    "IsFullYear": false,
    "IsFullAge": false
  },
  {
    "DateOfCalculation": "2026-06-01T00:00:00",
    "BvgAge": 57,
    "TechnicalAge": {
      "Years": 57,
      "Months": 2
    },
    "ProRatedFactor": 0.4166666666666666666666666667,
    "GrossInterestRate": 0.0125,
    "RetirementCredit": 4116.0000000000000000000000003,
    "RetirementCapitalWithoutInterest": 26607.000000000000000000000000,
    "RetirementCapital": 26865.441503906249999999999999,
    "IsRetirementDate": false,
    "IsEndOfSavings": false,
    "IsFullYear": false,
    "IsFullAge": false
  },
  {
    "DateOfCalculation": "2026-07-01T00:00:00",
    "BvgAge": 57,
    "TechnicalAge": {
      "Years": 57,
      "Months": 3
    },
    "ProRatedFactor": 0.5,
    "GrossInterestRate": 0.0125,
    "RetirementCredit": 4939.20,
    "RetirementCapitalWithoutInterest": 27430.20,
    "RetirementCapital": 27712.2160546875,
    "IsRetirementDate": false,
    "IsEndOfSavings": false,
    "IsFullYear": false,
    "IsFullAge": false
  },
  {
    "DateOfCalculation": "2026-08-01T00:00:00",
    "BvgAge": 57,
    "TechnicalAge": {
      "Years": 57,
      "Months": 4
    },
    "ProRatedFactor": 0.5833333333333333333333333333,
    "GrossInterestRate": 0.0125,
    "RetirementCredit": 5762.3999999999999999999999997,
    "RetirementCapitalWithoutInterest": 28253.400000000000000000000000,
    "RetirementCapital": 28558.990605468750000000000001,
    "IsRetirementDate": false,
    "IsEndOfSavings": false,
    "IsFullYear": false,
    "IsFullAge": false
  },
  {
    "DateOfCalculation": "2026-09-01T00:00:00",
    "BvgAge": 57,
    "TechnicalAge": {
      "Years": 57,
      "Months": 5
    },
    "ProRatedFactor": 0.6666666666666666666666666667,
    "GrossInterestRate": 0.0125,
    "RetirementCredit": 6585.6000000000000000000000003,
    "RetirementCapitalWithoutInterest": 29076.600000000000000000000000,
    "RetirementCapital": 29405.765156249999999999999999,
    "IsRetirementDate": false,
    "IsEndOfSavings": false,
    "IsFullYear": false,
    "IsFullAge": false
  },
  {
    "DateOfCalculation": "2026-10-01T00:00:00",
    "BvgAge": 57,
    "TechnicalAge": {
      "Years": 57,
      "Months": 6
    },
    "ProRatedFactor": 0.75,
    "GrossInterestRate": 0.0125,
    "RetirementCredit": 7408.800,
    "RetirementCapitalWithoutInterest": 29899.800,
    "RetirementCapital": 30252.53970703125,
    "IsRetirementDate": false,
    "IsEndOfSavings": false,
    "IsFullYear": false,
    "IsFullAge": false
  },
  {
    "DateOfCalculation": "2026-11-01T00:00:00",
    "BvgAge": 57,
    "TechnicalAge": {
      "Years": 57,
      "Months": 7
    },
    "ProRatedFactor": 0.8333333333333333333333333333,
    "GrossInterestRate": 0.0125,
    "RetirementCredit": 8232.000000000000000000000000,
    "RetirementCapitalWithoutInterest": 30723.000000000000000000000000,
    "RetirementCapital": 31099.314257812500000000000001,
    "IsRetirementDate": false,
    "IsEndOfSavings": false,
    "IsFullYear": false,
    "IsFullAge": false
  },
  {
    "DateOfCalculation": "2026-12-01T00:00:00",
    "BvgAge": 57,
    "TechnicalAge": {
      "Years": 57,
      "Months": 8
    },
    "ProRatedFactor": 0.9166666666666666666666666667,
    "GrossInterestRate": 0.0125,
    "RetirementCredit": 9055.200000000000000000000000,
    "RetirementCapitalWithoutInterest": 31546.200000000000000000000000,
    "RetirementCapital": 31946.088808593749999999999999,
    "IsRetirementDate": false,
    "IsEndOfSavings": false,
    "IsFullYear": false,
    "IsFullAge": false
  },
  {
    "DateOfCalculation": "2027-01-01T00:00:00",
    "BvgAge": 58,
    "TechnicalAge": {
      "Years": 57,
      "Months": 9
    },
    "ProRatedFactor": 1.0,
    "GrossInterestRate": 0.0125,
    "RetirementCredit": 9878.4,
    "RetirementCapitalWithoutInterest": 32369.4,
    "RetirementCapital": 32792.863359375,
    "IsRetirementDate": false,
    "IsEndOfSavings": false,
    "IsFullYear": true,
    "IsFullAge": false
  },
  {
    "DateOfCalculation": "2027-02-01T00:00:00",
    "BvgAge": 58,
    "TechnicalAge": {
      "Years": 57,
      "Months": 10
    },
    "ProRatedFactor": 0.0833333333333333333333333333,
    "GrossInterestRate": 0.0125,
    "RetirementCredit": 823.1999999999999999999999997,
    "RetirementCapitalWithoutInterest": 33192.600000000000000000000000,
    "RetirementCapital": 33650.222592041015625000000001,
    "IsRetirementDate": false,
    "IsEndOfSavings": false,
    "IsFullYear": false,
    "IsFullAge": false
  },
  {
    "DateOfCalculation": "2027-03-01T00:00:00",
    "BvgAge": 58,
    "TechnicalAge": {
      "Years": 57,
      "Months": 11
    },
    "ProRatedFactor": 0.1666666666666666666666666667,
    "GrossInterestRate": 0.0125,
    "RetirementCredit": 1646.4000000000000000000000003,
    "RetirementCapitalWithoutInterest": 34015.800000000000000000000000,
    "RetirementCapital": 34507.581824707031249999999999,
    "IsRetirementDate": false,
    "IsEndOfSavings": false,
    "IsFullYear": false,
    "IsFullAge": false
  },
  {
    "DateOfCalculation": "2027-04-01T00:00:00",
    "BvgAge": 58,
    "TechnicalAge": {
      "Years": 58,
      "Months": 0
    },
    "ProRatedFactor": 0.25,
    "GrossInterestRate": 0.0125,
    "RetirementCredit": 2469.600,
    "RetirementCapitalWithoutInterest": 34839.000,
    "RetirementCapital": 35364.941057373046875,
    "IsRetirementDate": false,
    "IsEndOfSavings": false,
    "IsFullYear": false,
    "IsFullAge": true
  },
  {
    "DateOfCalculation": "2027-05-01T00:00:00",
    "BvgAge": 58,
    "TechnicalAge": {
      "Years": 58,
      "Months": 1
    },
    "ProRatedFactor": 0.3333333333333333333333333333,
    "GrossInterestRate": 0.0125,
    "RetirementCredit": 3292.7999999999999999999999997,
    "RetirementCapitalWithoutInterest": 35662.200000000000000000000000,
    "RetirementCapital": 36222.300290039062500000000001,
    "IsRetirementDate": false,
    "IsEndOfSavings": false,
    "IsFullYear": false,
    "IsFullAge": false
  },
  {
    "DateOfCalculation": "2027-06-01T00:00:00",
    "BvgAge": 58,
    "TechnicalAge": {
      "Years": 58,
      "Months": 2
    },
    "ProRatedFactor": 0.4166666666666666666666666667,
    "GrossInterestRate": 0.0125,
    "RetirementCredit": 4116.0000000000000000000000003,
    "RetirementCapitalWithoutInterest": 36485.400000000000000000000000,
    "RetirementCapital": 37079.659522705078124999999999,
    "IsRetirementDate": false,
    "IsEndOfSavings": false,
    "IsFullYear": false,
    "IsFullAge": false
  },
  {
    "DateOfCalculation": "2027-07-01T00:00:00",
    "BvgAge": 58,
    "TechnicalAge": {
      "Years": 58,
      "Months": 3
    },
    "ProRatedFactor": 0.5,
    "GrossInterestRate": 0.0125,
    "RetirementCredit": 4939.20,
    "RetirementCapitalWithoutInterest": 37308.60,
    "RetirementCapital": 37937.01875537109375,
    "IsRetirementDate": false,
    "IsEndOfSavings": false,
    "IsFullYear": false,
    "IsFullAge": false
  },
  {
    "DateOfCalculation": "2027-08-01T00:00:00",
    "BvgAge": 58,
    "TechnicalAge": {
      "Years": 58,
      "Months": 4
    },
    "ProRatedFactor": 0.5833333333333333333333333333,
    "GrossInterestRate": 0.0125,
    "RetirementCredit": 5762.3999999999999999999999997,
    "RetirementCapitalWithoutInterest": 38131.800000000000000000000000,
    "RetirementCapital": 38794.377988037109375000000001,
    "IsRetirementDate": false,
    "IsEndOfSavings": false,
    "IsFullYear": false,
    "IsFullAge": false
  },
  {
    "DateOfCalculation": "2027-09-01T00:00:00",
    "BvgAge": 58,
    "TechnicalAge": {
      "Years": 58,
      "Months": 5
    },
    "ProRatedFactor": 0.6666666666666666666666666667,
    "GrossInterestRate": 0.0125,
    "RetirementCredit": 6585.6000000000000000000000003,
    "RetirementCapitalWithoutInterest": 38955.000000000000000000000000,
    "RetirementCapital": 39651.737220703124999999999999,
    "IsRetirementDate": false,
    "IsEndOfSavings": false,
    "IsFullYear": false,
    "IsFullAge": false
  },
  {
    "DateOfCalculation": "2027-10-01T00:00:00",
    "BvgAge": 58,
    "TechnicalAge": {
      "Years": 58,
      "Months": 6
    },
    "ProRatedFactor": 0.75,
    "GrossInterestRate": 0.0125,
    "RetirementCredit": 7408.800,
    "RetirementCapitalWithoutInterest": 39778.200,
    "RetirementCapital": 40509.096453369140625,
    "IsRetirementDate": false,
    "IsEndOfSavings": false,
    "IsFullYear": false,
    "IsFullAge": false
  },
  {
    "DateOfCalculation": "2027-11-01T00:00:00",
    "BvgAge": 58,
    "TechnicalAge": {
      "Years": 58,
      "Months": 7
    },
    "ProRatedFactor": 0.8333333333333333333333333333,
    "GrossInterestRate": 0.0125,
    "RetirementCredit": 8232.000000000000000000000000,
    "RetirementCapitalWithoutInterest": 40601.400000000000000000000000,
    "RetirementCapital": 41366.455686035156250000000001,
    "IsRetirementDate": false,
    "IsEndOfSavings": false,
    "IsFullYear": false,
    "IsFullAge": false
  },
  {
    "DateOfCalculation": "2027-12-01T00:00:00",
    "BvgAge": 58,
    "TechnicalAge": {
      "Years": 58,
      "Months": 8
    },
    "ProRatedFactor": 0.9166666666666666666666666667,
    "GrossInterestRate": 0.0125,
    "RetirementCredit": 9055.200000000000000000000000,
    "RetirementCapitalWithoutInterest": 41424.600000000000000000000000,
    "RetirementCapital": 42223.814918701171874999999999,
    "IsRetirementDate": false,
    "IsEndOfSavings": false,
    "IsFullYear": false,
    "IsFullAge": false
  },
  {
    "DateOfCalculation": "2028-01-01T00:00:00",
    "BvgAge": 59,
    "TechnicalAge": {
      "Years": 58,
      "Months": 9
    },
    "ProRatedFactor": 1.0,
    "GrossInterestRate": 0.0125,
    "RetirementCredit": 9878.4,
    "RetirementCapitalWithoutInterest": 42247.8,
    "RetirementCapital": 43081.1741513671875,
    "IsRetirementDate": false,
    "IsEndOfSavings": false,
    "IsFullYear": true,
    "IsFullAge": false
  },
  {
    "DateOfCalculation": "2028-02-01T00:00:00",
    "BvgAge": 59,
    "TechnicalAge": {
      "Years": 58,
      "Months": 10
    },
    "ProRatedFactor": 0.0833333333333333333333333333,
    "GrossInterestRate": 0.0125,
    "RetirementCredit": 823.1999999999999999999999997,
    "RetirementCapitalWithoutInterest": 43071.000000000000000000000000,
    "RetirementCapital": 43949.250374441528320312500001,
    "IsRetirementDate": false,
    "IsEndOfSavings": false,
    "IsFullYear": false,
    "IsFullAge": false
  },
  {
    "DateOfCalculation": "2028-03-01T00:00:00",
    "BvgAge": 59,
    "TechnicalAge": {
      "Years": 58,
      "Months": 11
    },
    "ProRatedFactor": 0.1666666666666666666666666667,
    "GrossInterestRate": 0.0125,
    "RetirementCredit": 1646.4000000000000000000000003,
    "RetirementCapitalWithoutInterest": 43894.200000000000000000000000,
    "RetirementCapital": 44817.326597515869140624999999,
    "IsRetirementDate": false,
    "IsEndOfSavings": false,
    "IsFullYear": false,
    "IsFullAge": false
  },
  {
    "DateOfCalculation": "2028-04-01T00:00:00",
    "BvgAge": 59,
    "TechnicalAge": {
      "Years": 59,
      "Months": 0
    },
    "ProRatedFactor": 0.25,
    "GrossInterestRate": 0.0125,
    "RetirementCredit": 2469.600,
    "RetirementCapitalWithoutInterest": 44717.400,
    "RetirementCapital": 45685.4028205902099609375,
    "IsRetirementDate": false,
    "IsEndOfSavings": false,
    "IsFullYear": false,
    "IsFullAge": true
  },
  {
    "DateOfCalculation": "2028-05-01T00:00:00",
    "BvgAge": 59,
    "TechnicalAge": {
      "Years": 59,
      "Months": 1
    },
    "ProRatedFactor": 0.3333333333333333333333333333,
    "GrossInterestRate": 0.0125,
    "RetirementCredit": 3292.7999999999999999999999997,
    "RetirementCapitalWithoutInterest": 45540.600000000000000000000000,
    "RetirementCapital": 46553.479043664550781250000001,
    "IsRetirementDate": false,
    "IsEndOfSavings": false,
    "IsFullYear": false,
    "IsFullAge": false
  },
  {
    "DateOfCalculation": "2028-06-01T00:00:00",
    "BvgAge": 59,
    "TechnicalAge": {
      "Years": 59,
      "Months": 2
    },
    "ProRatedFactor": 0.4166666666666666666666666667,
    "GrossInterestRate": 0.0125,
    "RetirementCredit": 4116.0000000000000000000000003,
    "RetirementCapitalWithoutInterest": 46363.800000000000000000000000,
    "RetirementCapital": 47421.555266738891601562499999,
    "IsRetirementDate": false,
    "IsEndOfSavings": false,
    "IsFullYear": false,
    "IsFullAge": false
  },
  {
    "DateOfCalculation": "2028-07-01T00:00:00",
    "BvgAge": 59,
    "TechnicalAge": {
      "Years": 59,
      "Months": 3
    },
    "ProRatedFactor": 0.5,
    "GrossInterestRate": 0.0125,
    "RetirementCredit": 4939.20,
    "RetirementCapitalWithoutInterest": 47187.00,
    "RetirementCapital": 48289.631489813232421875,
    "IsRetirementDate": false,
    "IsEndOfSavings": false,
    "IsFullYear": false,
    "IsFullAge": false
  },
  {
    "DateOfCalculation": "2028-08-01T00:00:00",
    "BvgAge": 59,
    "TechnicalAge": {
      "Years": 59,
      "Months": 4
    },
    "ProRatedFactor": 0.5833333333333333333333333333,
    "GrossInterestRate": 0.0125,
    "RetirementCredit": 5762.3999999999999999999999997,
    "RetirementCapitalWithoutInterest": 48010.200000000000000000000000,
    "RetirementCapital": 49157.707712887573242187500001,
    "IsRetirementDate": false,
    "IsEndOfSavings": false,
    "IsFullYear": false,
    "IsFullAge": false
  },
  {
    "DateOfCalculation": "2028-09-01T00:00:00",
    "BvgAge": 59,
    "TechnicalAge": {
      "Years": 59,
      "Months": 5
    },
    "ProRatedFactor": 0.6666666666666666666666666667,
    "GrossInterestRate": 0.0125,
    "RetirementCredit": 6585.6000000000000000000000003,
    "RetirementCapitalWithoutInterest": 48833.400000000000000000000000,
    "RetirementCapital": 50025.783935961914062499999999,
    "IsRetirementDate": false,
    "IsEndOfSavings": false,
    "IsFullYear": false,
    "IsFullAge": false
  },
  {
    "DateOfCalculation": "2028-10-01T00:00:00",
    "BvgAge": 59,
    "TechnicalAge": {
      "Years": 59,
      "Months": 6
    },
    "ProRatedFactor": 0.75,
    "GrossInterestRate": 0.0125,
    "RetirementCredit": 7408.800,
    "RetirementCapitalWithoutInterest": 49656.600,
    "RetirementCapital": 50893.8601590362548828125,
    "IsRetirementDate": false,
    "IsEndOfSavings": false,
    "IsFullYear": false,
    "IsFullAge": false
  },
  {
    "DateOfCalculation": "2028-11-01T00:00:00",
    "BvgAge": 59,
    "TechnicalAge": {
      "Years": 59,
      "Months": 7
    },
    "ProRatedFactor": 0.8333333333333333333333333333,
    "GrossInterestRate": 0.0125,
    "RetirementCredit": 8232.000000000000000000000000,
    "RetirementCapitalWithoutInterest": 50479.800000000000000000000000,
    "RetirementCapital": 51761.936382110595703125000001,
    "IsRetirementDate": false,
    "IsEndOfSavings": false,
    "IsFullYear": false,
    "IsFullAge": false
  },
  {
    "DateOfCalculation": "2028-12-01T00:00:00",
    "BvgAge": 59,
    "TechnicalAge": {
      "Years": 59,
      "Months": 8
    },
    "ProRatedFactor": 0.9166666666666666666666666667,
    "GrossInterestRate": 0.0125,
    "RetirementCredit": 9055.200000000000000000000000,
    "RetirementCapitalWithoutInterest": 51303.000000000000000000000000,
    "RetirementCapital": 52630.012605184936523437499999,
    "IsRetirementDate": false,
    "IsEndOfSavings": false,
    "IsFullYear": false,
    "IsFullAge": false
  },
  {
    "DateOfCalculation": "2029-01-01T00:00:00",
    "BvgAge": 60,
    "TechnicalAge": {
      "Years": 59,
      "Months": 9
    },
    "ProRatedFactor": 1.0,
    "GrossInterestRate": 0.0125,
    "RetirementCredit": 9878.4,
    "RetirementCapitalWithoutInterest": 52126.2,
    "RetirementCapital": 53498.08882825927734375,
    "IsRetirementDate": false,
    "IsEndOfSavings": false,
    "IsFullYear": true,
    "IsFullAge": false
  },
  {
    "DateOfCalculation": "2029-02-01T00:00:00",
    "BvgAge": 60,
    "TechnicalAge": {
      "Years": 59,
      "Months": 10
    },
    "ProRatedFactor": 0.0833333333333333333333333333,
    "GrossInterestRate": 0.0125,
    "RetirementCredit": 823.1999999999999999999999997,
    "RetirementCapitalWithoutInterest": 52949.400000000000000000000000,
    "RetirementCapital": 54377.016004122047424316406252,
    "IsRetirementDate": false,
    "IsEndOfSavings": false,
    "IsFullYear": false,
    "IsFullAge": false
  },
  {
    "DateOfCalculation": "2029-03-01T00:00:00",
    "BvgAge": 60,
    "TechnicalAge": {
      "Years": 59,
      "Months": 11
    },
    "ProRatedFactor": 0.1666666666666666666666666667,
    "GrossInterestRate": 0.0125,
    "RetirementCredit": 1646.4000000000000000000000003,
    "RetirementCapitalWithoutInterest": 53772.600000000000000000000000,
    "RetirementCapital": 55255.943179984817504882812498,
    "IsRetirementDate": false,
    "IsEndOfSavings": false,
    "IsFullYear": false,
    "IsFullAge": false
  },
  {
    "DateOfCalculation": "2029-04-01T00:00:00",
    "BvgAge": 60,
    "TechnicalAge": {
      "Years": 60,
      "Months": 0
    },
    "ProRatedFactor": 0.25,
    "GrossInterestRate": 0.0125,
    "RetirementCredit": 2469.600,
    "RetirementCapitalWithoutInterest": 54595.800,
    "RetirementCapital": 56134.87035584758758544921875,
    "IsRetirementDate": false,
    "IsEndOfSavings": false,
    "IsFullYear": false,
    "IsFullAge": true
  },
  {
    "DateOfCalculation": "2029-05-01T00:00:00",
    "BvgAge": 60,
    "TechnicalAge": {
      "Years": 60,
      "Months": 1
    },
    "ProRatedFactor": 0.3333333333333333333333333333,
    "GrossInterestRate": 0.0125,
    "RetirementCredit": 3292.7999999999999999999999997,
    "RetirementCapitalWithoutInterest": 55419.000000000000000000000000,
    "RetirementCapital": 57013.797531710357666015625002,
    "IsRetirementDate": false,
    "IsEndOfSavings": false,
    "IsFullYear": false,
    "IsFullAge": false
  },
  {
    "DateOfCalculation": "2029-06-01T00:00:00",
    "BvgAge": 60,
    "TechnicalAge": {
      "Years": 60,
      "Months": 2
    },
    "ProRatedFactor": 0.4166666666666666666666666667,
    "GrossInterestRate": 0.0125,
    "RetirementCredit": 4116.0000000000000000000000003,
    "RetirementCapitalWithoutInterest": 56242.200000000000000000000000,
    "RetirementCapital": 57892.724707573127746582031248,
    "IsRetirementDate": false,
    "IsEndOfSavings": false,
    "IsFullYear": false,
    "IsFullAge": false
  },
  {
    "DateOfCalculation": "2029-07-01T00:00:00",
    "BvgAge": 60,
    "TechnicalAge": {
      "Years": 60,
      "Months": 3
    },
    "ProRatedFactor": 0.5,
    "GrossInterestRate": 0.0125,
    "RetirementCredit": 4939.20,
    "RetirementCapitalWithoutInterest": 57065.40,
    "RetirementCapital": 58771.6518834358978271484375,
    "IsRetirementDate": false,
    "IsEndOfSavings": false,
    "IsFullYear": false,
    "IsFullAge": false
  },
  {
    "DateOfCalculation": "2029-08-01T00:00:00",
    "BvgAge": 60,
    "TechnicalAge": {
      "Years": 60,
      "Months": 4
    },
    "ProRatedFactor": 0.5833333333333333333333333333,
    "GrossInterestRate": 0.0125,
    "RetirementCredit": 5762.3999999999999999999999997,
    "RetirementCapitalWithoutInterest": 57888.600000000000000000000000,
    "RetirementCapital": 59650.579059298667907714843752,
    "IsRetirementDate": false,
    "IsEndOfSavings": false,
    "IsFullYear": false,
    "IsFullAge": false
  },
  {
    "DateOfCalculation": "2029-09-01T00:00:00",
    "BvgAge": 60,
    "TechnicalAge": {
      "Years": 60,
      "Months": 5
    },
    "ProRatedFactor": 0.6666666666666666666666666667,
    "GrossInterestRate": 0.0125,
    "RetirementCredit": 6585.6000000000000000000000003,
    "RetirementCapitalWithoutInterest": 58711.800000000000000000000000,
    "RetirementCapital": 60529.506235161437988281249998,
    "IsRetirementDate": false,
    "IsEndOfSavings": false,
    "IsFullYear": false,
    "IsFullAge": false
  },
  {
    "DateOfCalculation": "2029-10-01T00:00:00",
    "BvgAge": 60,
    "TechnicalAge": {
      "Years": 60,
      "Months": 6
    },
    "ProRatedFactor": 0.75,
    "GrossInterestRate": 0.0125,
    "RetirementCredit": 7408.800,
    "RetirementCapitalWithoutInterest": 59535.000,
    "RetirementCapital": 61408.43341102420806884765625,
    "IsRetirementDate": false,
    "IsEndOfSavings": false,
    "IsFullYear": false,
    "IsFullAge": false
  },
  {
    "DateOfCalculation": "2029-11-01T00:00:00",
    "BvgAge": 60,
    "TechnicalAge": {
      "Years": 60,
      "Months": 7
    },
    "ProRatedFactor": 0.8333333333333333333333333333,
    "GrossInterestRate": 0.0125,
    "RetirementCredit": 8232.000000000000000000000000,
    "RetirementCapitalWithoutInterest": 60358.200000000000000000000000,
    "RetirementCapital": 62287.360586886978149414062502,
    "IsRetirementDate": false,
    "IsEndOfSavings": false,
    "IsFullYear": false,
    "IsFullAge": false
  },
  {
    "DateOfCalculation": "2029-12-01T00:00:00",
    "BvgAge": 60,
    "TechnicalAge": {
      "Years": 60,
      "Months": 8
    },
    "ProRatedFactor": 0.9166666666666666666666666667,
    "GrossInterestRate": 0.0125,
    "RetirementCredit": 9055.200000000000000000000000,
    "RetirementCapitalWithoutInterest": 61181.400000000000000000000000,
    "RetirementCapital": 63166.287762749748229980468748,
    "IsRetirementDate": false,
    "IsEndOfSavings": false,
    "IsFullYear": false,
    "IsFullAge": false
  },
  {
    "DateOfCalculation": "2030-01-01T00:00:00",
    "BvgAge": 61,
    "TechnicalAge": {
      "Years": 60,
      "Months": 9
    },
    "ProRatedFactor": 1.0,
    "GrossInterestRate": 0.0125,
    "RetirementCredit": 9878.4,
    "RetirementCapitalWithoutInterest": 62004.6,
    "RetirementCapital": 64045.214938612518310546875,
    "IsRetirementDate": false,
    "IsEndOfSavings": false,
    "IsFullYear": true,
    "IsFullAge": false
  },
  {
    "DateOfCalculation": "2030-02-01T00:00:00",
    "BvgAge": 61,
    "TechnicalAge": {
      "Years": 60,
      "Months": 10
    },
    "ProRatedFactor": 0.0833333333333333333333333333,
    "GrossInterestRate": 0.0125,
    "RetirementCredit": 823.1999999999999999999999997,
    "RetirementCapitalWithoutInterest": 62827.800000000000000000000000,
    "RetirementCapital": 64935.128704173573017120361330,
    "IsRetirementDate": false,
    "IsEndOfSavings": false,
    "IsFullYear": false,
    "IsFullAge": false
  },
  {
    "DateOfCalculation": "2030-03-01T00:00:00",
    "BvgAge": 61,
    "TechnicalAge": {
      "Years": 60,
      "Months": 11
    },
    "ProRatedFactor": 0.1666666666666666666666666667,
    "GrossInterestRate": 0.0125,
    "RetirementCredit": 1646.4000000000000000000000003,
    "RetirementCapitalWithoutInterest": 63651.000000000000000000000000,
    "RetirementCapital": 65825.042469734627723693847654,
    "IsRetirementDate": false,
    "IsEndOfSavings": false,
    "IsFullYear": false,
    "IsFullAge": false
  },
  {
    "DateOfCalculation": "2030-04-01T00:00:00",
    "BvgAge": 61,
    "TechnicalAge": {
      "Years": 61,
      "Months": 0
    },
    "ProRatedFactor": 0.25,
    "GrossInterestRate": 0.0125,
    "RetirementCredit": 2469.600,
    "RetirementCapitalWithoutInterest": 64474.200,
    "RetirementCapital": 66714.956235295682430267333984,
    "IsRetirementDate": false,
    "IsEndOfSavings": false,
    "IsFullYear": false,
    "IsFullAge": true
  },
  {
    "DateOfCalculation": "2030-05-01T00:00:00",
    "BvgAge": 61,
    "TechnicalAge": {
      "Years": 61,
      "Months": 1
    },
    "ProRatedFactor": 0.3333333333333333333333333333,
    "GrossInterestRate": 0.0125,
    "RetirementCredit": 3292.7999999999999999999999997,
    "RetirementCapitalWithoutInterest": 65297.400000000000000000000000,
    "RetirementCapital": 67604.870000856737136840820315,
    "IsRetirementDate": false,
    "IsEndOfSavings": false,
    "IsFullYear": false,
    "IsFullAge": false
  },
  {
    "DateOfCalculation": "2030-06-01T00:00:00",
    "BvgAge": 61,
    "TechnicalAge": {
      "Years": 61,
      "Months": 2
    },
    "ProRatedFactor": 0.4166666666666666666666666667,
    "GrossInterestRate": 0.0125,
    "RetirementCredit": 4116.0000000000000000000000003,
    "RetirementCapitalWithoutInterest": 66120.600000000000000000000000,
    "RetirementCapital": 68494.783766417791843414306638,
    "IsRetirementDate": false,
    "IsEndOfSavings": false,
    "IsFullYear": false,
    "IsFullAge": false
  },
  {
    "DateOfCalculation": "2030-07-01T00:00:00",
    "BvgAge": 61,
    "TechnicalAge": {
      "Years": 61,
      "Months": 3
    },
    "ProRatedFactor": 0.5,
    "GrossInterestRate": 0.0125,
    "RetirementCredit": 4939.20,
    "RetirementCapitalWithoutInterest": 66943.80,
    "RetirementCapital": 69384.697531978846549987792969,
    "IsRetirementDate": false,
    "IsEndOfSavings": false,
    "IsFullYear": false,
    "IsFullAge": false
  },
  {
    "DateOfCalculation": "2030-08-01T00:00:00",
    "BvgAge": 61,
    "TechnicalAge": {
      "Years": 61,
      "Months": 4
    },
    "ProRatedFactor": 0.5833333333333333333333333333,
    "GrossInterestRate": 0.0125,
    "RetirementCredit": 5762.3999999999999999999999997,
    "RetirementCapitalWithoutInterest": 67767.000000000000000000000000,
    "RetirementCapital": 70274.611297539901256561279299,
    "IsRetirementDate": false,
    "IsEndOfSavings": false,
    "IsFullYear": false,
    "IsFullAge": false
  },
  {
    "DateOfCalculation": "2030-09-01T00:00:00",
    "BvgAge": 61,
    "TechnicalAge": {
      "Years": 61,
      "Months": 5
    },
    "ProRatedFactor": 0.6666666666666666666666666667,
    "GrossInterestRate": 0.0125,
    "RetirementCredit": 6585.6000000000000000000000003,
    "RetirementCapitalWithoutInterest": 68590.200000000000000000000000,
    "RetirementCapital": 71164.525063100955963134765623,
    "IsRetirementDate": false,
    "IsEndOfSavings": false,
    "IsFullYear": false,
    "IsFullAge": false
  },
  {
    "DateOfCalculation": "2030-10-01T00:00:00",
    "BvgAge": 61,
    "TechnicalAge": {
      "Years": 61,
      "Months": 6
    },
    "ProRatedFactor": 0.75,
    "GrossInterestRate": 0.0125,
    "RetirementCredit": 7408.800,
    "RetirementCapitalWithoutInterest": 69413.400,
    "RetirementCapital": 72054.438828662010669708251953,
    "IsRetirementDate": false,
    "IsEndOfSavings": false,
    "IsFullYear": false,
    "IsFullAge": false
  },
  {
    "DateOfCalculation": "2030-11-01T00:00:00",
    "BvgAge": 61,
    "TechnicalAge": {
      "Years": 61,
      "Months": 7
    },
    "ProRatedFactor": 0.8333333333333333333333333333,
    "GrossInterestRate": 0.0125,
    "RetirementCredit": 8232.000000000000000000000000,
    "RetirementCapitalWithoutInterest": 70236.600000000000000000000000,
    "RetirementCapital": 72944.352594223065376281738283,
    "IsRetirementDate": false,
    "IsEndOfSavings": false,
    "IsFullYear": false,
    "IsFullAge": false
  },
  {
    "DateOfCalculation": "2030-12-01T00:00:00",
    "BvgAge": 61,
    "TechnicalAge": {
      "Years": 61,
      "Months": 8
    },
    "ProRatedFactor": 0.9166666666666666666666666667,
    "GrossInterestRate": 0.0125,
    "RetirementCredit": 9055.200000000000000000000000,
    "RetirementCapitalWithoutInterest": 71059.800000000000000000000000,
    "RetirementCapital": 73834.266359784120082855224607,
    "IsRetirementDate": false,
    "IsEndOfSavings": false,
    "IsFullYear": false,
    "IsFullAge": false
  },
  {
    "DateOfCalculation": "2031-01-01T00:00:00",
    "BvgAge": 62,
    "TechnicalAge": {
      "Years": 61,
      "Months": 9
    },
    "ProRatedFactor": 1.0,
    "GrossInterestRate": 0.0125,
    "RetirementCredit": 9878.4,
    "RetirementCapitalWithoutInterest": 71883.0,
    "RetirementCapital": 74724.180125345174789428710938,
    "IsRetirementDate": false,
    "IsEndOfSavings": false,
    "IsFullYear": true,
    "IsFullAge": false
  },
  {
    "DateOfCalculation": "2031-02-01T00:00:00",
    "BvgAge": 62,
    "TechnicalAge": {
      "Years": 61,
      "Months": 10
    },
    "ProRatedFactor": 0.0833333333333333333333333333,
    "GrossInterestRate": 0.0125,
    "RetirementCredit": 823.1999999999999999999999997,
    "RetirementCapitalWithoutInterest": 72706.200000000000000000000000,
    "RetirementCapital": 75625.217812975742679834365848,
    "IsRetirementDate": false,
    "IsEndOfSavings": false,
    "IsFullYear": false,
    "IsFullAge": false
  },
  {
    "DateOfCalculation": "2031-03-01T00:00:00",
    "BvgAge": 62,
    "TechnicalAge": {
      "Years": 61,
      "Months": 11
    },
    "ProRatedFactor": 0.1666666666666666666666666667,
    "GrossInterestRate": 0.0125,
    "RetirementCredit": 1646.4000000000000000000000003,
    "RetirementCapitalWithoutInterest": 73529.400000000000000000000000,
    "RetirementCapital": 76526.255500606310570240020750,
    "IsRetirementDate": false,
    "IsEndOfSavings": false,
    "IsFullYear": false,
    "IsFullAge": false
  },
  {
    "DateOfCalculation": "2031-04-01T00:00:00",
    "BvgAge": 62,
    "TechnicalAge": {
      "Years": 62,
      "Months": 0
    },
    "ProRatedFactor": 0.25,
    "GrossInterestRate": 0.0125,
    "RetirementCredit": 2469.600,
    "RetirementCapitalWithoutInterest": 74352.600,
    "RetirementCapital": 77427.293188236878460645675660,
    "IsRetirementDate": false,
    "IsEndOfSavings": false,
    "IsFullYear": false,
    "IsFullAge": true
  },
  {
    "DateOfCalculation": "2031-05-01T00:00:00",
    "BvgAge": 62,
    "TechnicalAge": {
      "Years": 62,
      "Months": 1
    },
    "ProRatedFactor": 0.3333333333333333333333333333,
    "GrossInterestRate": 0.0125,
    "RetirementCredit": 3292.7999999999999999999999997,
    "RetirementCapitalWithoutInterest": 75175.800000000000000000000000,
    "RetirementCapital": 78328.330875867446351051330569,
    "IsRetirementDate": false,
    "IsEndOfSavings": false,
    "IsFullYear": false,
    "IsFullAge": false
  },
  {
    "DateOfCalculation": "2031-06-01T00:00:00",
    "BvgAge": 62,
    "TechnicalAge": {
      "Years": 62,
      "Months": 2
    },
    "ProRatedFactor": 0.4166666666666666666666666667,
    "GrossInterestRate": 0.0125,
    "RetirementCredit": 4116.0000000000000000000000003,
    "RetirementCapitalWithoutInterest": 75999.000000000000000000000000,
    "RetirementCapital": 79229.36856349801424145698547,
    "IsRetirementDate": false,
    "IsEndOfSavings": false,
    "IsFullYear": false,
    "IsFullAge": false
  },
  {
    "DateOfCalculation": "2031-07-01T00:00:00",
    "BvgAge": 62,
    "TechnicalAge": {
      "Years": 62,
      "Months": 3
    },
    "ProRatedFactor": 0.5,
    "GrossInterestRate": 0.0125,
    "RetirementCredit": 4939.20,
    "RetirementCapitalWithoutInterest": 76822.20,
    "RetirementCapital": 80130.40625112858213186264038,
    "IsRetirementDate": false,
    "IsEndOfSavings": false,
    "IsFullYear": false,
    "IsFullAge": false
  },
  {
    "DateOfCalculation": "2031-08-01T00:00:00",
    "BvgAge": 62,
    "TechnicalAge": {
      "Years": 62,
      "Months": 4
    },
    "ProRatedFactor": 0.5833333333333333333333333333,
    "GrossInterestRate": 0.0125,
    "RetirementCredit": 5762.3999999999999999999999997,
    "RetirementCapitalWithoutInterest": 77645.400000000000000000000000,
    "RetirementCapital": 81031.44393875915002226829529,
    "IsRetirementDate": false,
    "IsEndOfSavings": false,
    "IsFullYear": false,
    "IsFullAge": false
  },
  {
    "DateOfCalculation": "2031-09-01T00:00:00",
    "BvgAge": 62,
    "TechnicalAge": {
      "Years": 62,
      "Months": 5
    },
    "ProRatedFactor": 0.6666666666666666666666666667,
    "GrossInterestRate": 0.0125,
    "RetirementCredit": 6585.6000000000000000000000003,
    "RetirementCapitalWithoutInterest": 78468.600000000000000000000000,
    "RetirementCapital": 81932.48162638971791267395019,
    "IsRetirementDate": false,
    "IsEndOfSavings": false,
    "IsFullYear": false,
    "IsFullAge": false
  },
  {
    "DateOfCalculation": "2031-10-01T00:00:00",
    "BvgAge": 62,
    "TechnicalAge": {
      "Years": 62,
      "Months": 6
    },
    "ProRatedFactor": 0.75,
    "GrossInterestRate": 0.0125,
    "RetirementCredit": 7408.800,
    "RetirementCapitalWithoutInterest": 79291.800,
    "RetirementCapital": 82833.51931402028580307960510,
    "IsRetirementDate": false,
    "IsEndOfSavings": false,
    "IsFullYear": false,
    "IsFullAge": false
  },
  {
    "DateOfCalculation": "2031-11-01T00:00:00",
    "BvgAge": 62,
    "TechnicalAge": {
      "Years": 62,
      "Months": 7
    },
    "ProRatedFactor": 0.8333333333333333333333333333,
    "GrossInterestRate": 0.0125,
    "RetirementCredit": 8232.000000000000000000000000,
    "RetirementCapitalWithoutInterest": 80115.00000000000000000000000,
    "RetirementCapital": 83734.55700165085369348526001,
    "IsRetirementDate": false,
    "IsEndOfSavings": false,
    "IsFullYear": false,
    "IsFullAge": false
  },
  {
    "DateOfCalculation": "2031-12-01T00:00:00",
    "BvgAge": 62,
    "TechnicalAge": {
      "Years": 62,
      "Months": 8
    },
    "ProRatedFactor": 0.9166666666666666666666666667,
    "GrossInterestRate": 0.0125,
    "RetirementCredit": 9055.200000000000000000000000,
    "RetirementCapitalWithoutInterest": 80938.20000000000000000000000,
    "RetirementCapital": 84635.59468928142158389091492,
    "IsRetirementDate": false,
    "IsEndOfSavings": false,
    "IsFullYear": false,
    "IsFullAge": false
  },
  {
    "DateOfCalculation": "2032-01-01T00:00:00",
    "BvgAge": 63,
    "TechnicalAge": {
      "Years": 62,
      "Months": 9
    },
    "ProRatedFactor": 1.0,
    "GrossInterestRate": 0.0125,
    "RetirementCredit": 9878.4,
    "RetirementCapitalWithoutInterest": 81761.4,
    "RetirementCapital": 85536.63237691198947429656982,
    "IsRetirementDate": false,
    "IsEndOfSavings": false,
    "IsFullYear": true,
    "IsFullAge": false
  },
  {
    "DateOfCalculation": "2032-02-01T00:00:00",
    "BvgAge": 63,
    "TechnicalAge": {
      "Years": 62,
      "Months": 10
    },
    "ProRatedFactor": 0.0833333333333333333333333333,
    "GrossInterestRate": 0.0125,
    "RetirementCredit": 823.1999999999999999999999997,
    "RetirementCapitalWithoutInterest": 82584.60000000000000000000000,
    "RetirementCapital": 86448.93303563793946333229542,
    "IsRetirementDate": false,
    "IsEndOfSavings": false,
    "IsFullYear": false,
    "IsFullAge": false
  },
  {
    "DateOfCalculation": "2032-03-01T00:00:00",
    "BvgAge": 63,
    "TechnicalAge": {
      "Years": 62,
      "Months": 11
    },
    "ProRatedFactor": 0.1666666666666666666666666667,
    "GrossInterestRate": 0.0125,
    "RetirementCredit": 1646.4000000000000000000000003,
    "RetirementCapitalWithoutInterest": 83407.80000000000000000000000,
    "RetirementCapital": 87361.23369436388945236802100,
    "IsRetirementDate": false,
    "IsEndOfSavings": false,
    "IsFullYear": false,
    "IsFullAge": false
  },
  {
    "DateOfCalculation": "2032-04-01T00:00:00",
    "BvgAge": 63,
    "TechnicalAge": {
      "Years": 63,
      "Months": 0
    },
    "ProRatedFactor": 0.25,
    "GrossInterestRate": 0.0125,
    "RetirementCredit": 2469.600,
    "RetirementCapitalWithoutInterest": 84231.000,
    "RetirementCapital": 88273.53435308983944140374660,
    "IsRetirementDate": false,
    "IsEndOfSavings": false,
    "IsFullYear": false,
    "IsFullAge": true
  },
  {
    "DateOfCalculation": "2032-05-01T00:00:00",
    "BvgAge": 63,
    "TechnicalAge": {
      "Years": 63,
      "Months": 1
    },
    "ProRatedFactor": 0.3333333333333333333333333333,
    "GrossInterestRate": 0.0125,
    "RetirementCredit": 3292.7999999999999999999999997,
    "RetirementCapitalWithoutInterest": 85054.20000000000000000000000,
    "RetirementCapital": 89185.83501181578943043947220,
    "IsRetirementDate": false,
    "IsEndOfSavings": false,
    "IsFullYear": false,
    "IsFullAge": false
  },
  {
    "DateOfCalculation": "2032-06-01T00:00:00",
    "BvgAge": 63,
    "TechnicalAge": {
      "Years": 63,
      "Months": 2
    },
    "ProRatedFactor": 0.4166666666666666666666666667,
    "GrossInterestRate": 0.0125,
    "RetirementCredit": 4116.0000000000000000000000003,
    "RetirementCapitalWithoutInterest": 85877.40000000000000000000000,
    "RetirementCapital": 90098.13567054173941947519778,
    "IsRetirementDate": false,
    "IsEndOfSavings": false,
    "IsFullYear": false,
    "IsFullAge": false
  },
  {
    "DateOfCalculation": "2032-07-01T00:00:00",
    "BvgAge": 63,
    "TechnicalAge": {
      "Years": 63,
      "Months": 3
    },
    "ProRatedFactor": 0.5,
    "GrossInterestRate": 0.0125,
    "RetirementCredit": 4939.20,
    "RetirementCapitalWithoutInterest": 86700.60,
    "RetirementCapital": 91010.43632926768940851092338,
    "IsRetirementDate": false,
    "IsEndOfSavings": false,
    "IsFullYear": false,
    "IsFullAge": false
  },
  {
    "DateOfCalculation": "2032-08-01T00:00:00",
    "BvgAge": 63,
    "TechnicalAge": {
      "Years": 63,
      "Months": 4
    },
    "ProRatedFactor": 0.5833333333333333333333333333,
    "GrossInterestRate": 0.0125,
    "RetirementCredit": 5762.3999999999999999999999997,
    "RetirementCapitalWithoutInterest": 87523.80000000000000000000000,
    "RetirementCapital": 91922.73698799363939754664898,
    "IsRetirementDate": false,
    "IsEndOfSavings": false,
    "IsFullYear": false,
    "IsFullAge": false
  },
  {
    "DateOfCalculation": "2032-09-01T00:00:00",
    "BvgAge": 63,
    "TechnicalAge": {
      "Years": 63,
      "Months": 5
    },
    "ProRatedFactor": 0.6666666666666666666666666667,
    "GrossInterestRate": 0.0125,
    "RetirementCredit": 6585.6000000000000000000000003,
    "RetirementCapitalWithoutInterest": 88347.00000000000000000000000,
    "RetirementCapital": 92835.03764671958938658237457,
    "IsRetirementDate": false,
    "IsEndOfSavings": false,
    "IsFullYear": false,
    "IsFullAge": false
  },
  {
    "DateOfCalculation": "2032-10-01T00:00:00",
    "BvgAge": 63,
    "TechnicalAge": {
      "Years": 63,
      "Months": 6
    },
    "ProRatedFactor": 0.75,
    "GrossInterestRate": 0.0125,
    "RetirementCredit": 7408.800,
    "RetirementCapitalWithoutInterest": 89170.200,
    "RetirementCapital": 93747.33830544553937561810016,
    "IsRetirementDate": false,
    "IsEndOfSavings": false,
    "IsFullYear": false,
    "IsFullAge": false
  },
  {
    "DateOfCalculation": "2032-11-01T00:00:00",
    "BvgAge": 63,
    "TechnicalAge": {
      "Years": 63,
      "Months": 7
    },
    "ProRatedFactor": 0.8333333333333333333333333333,
    "GrossInterestRate": 0.0125,
    "RetirementCredit": 8232.000000000000000000000000,
    "RetirementCapitalWithoutInterest": 89993.40000000000000000000000,
    "RetirementCapital": 94659.63896417148936465382576,
    "IsRetirementDate": false,
    "IsEndOfSavings": false,
    "IsFullYear": false,
    "IsFullAge": false
  },
  {
    "DateOfCalculation": "2032-12-01T00:00:00",
    "BvgAge": 63,
    "TechnicalAge": {
      "Years": 63,
      "Months": 8
    },
    "ProRatedFactor": 0.9166666666666666666666666667,
    "GrossInterestRate": 0.0125,
    "RetirementCredit": 9055.200000000000000000000000,
    "RetirementCapitalWithoutInterest": 90816.60000000000000000000000,
    "RetirementCapital": 95571.93962289743935368955135,
    "IsRetirementDate": false,
    "IsEndOfSavings": false,
    "IsFullYear": false,
    "IsFullAge": false
  },
  {
    "DateOfCalculation": "2033-01-01T00:00:00",
    "BvgAge": 64,
    "TechnicalAge": {
      "Years": 63,
      "Months": 9
    },
    "ProRatedFactor": 1.0,
    "GrossInterestRate": 0.0125,
    "RetirementCredit": 9878.4,
    "RetirementCapitalWithoutInterest": 91639.8,
    "RetirementCapital": 96484.24028162338934272527694,
    "IsRetirementDate": false,
    "IsEndOfSavings": false,
    "IsFullYear": true,
    "IsFullAge": false
  },
  {
    "DateOfCalculation": "2033-02-01T00:00:00",
    "BvgAge": 64,
    "TechnicalAge": {
      "Years": 63,
      "Months": 10
    },
    "ProRatedFactor": 0.0833333333333333333333333333,
    "GrossInterestRate": 0.0125,
    "RetirementCredit": 823.1999999999999999999999997,
    "RetirementCapitalWithoutInterest": 92463.00000000000000000000000,
    "RetirementCapital": 97407.94469858341370662394911,
    "IsRetirementDate": false,
    "IsEndOfSavings": false,
    "IsFullYear": false,
    "IsFullAge": false
  },
  {
    "DateOfCalculation": "2033-03-01T00:00:00",
    "BvgAge": 64,
    "TechnicalAge": {
      "Years": 63,
      "Months": 11
    },
    "ProRatedFactor": 0.1666666666666666666666666667,
    "GrossInterestRate": 0.0125,
    "RetirementCredit": 1646.4000000000000000000000003,
    "RetirementCapitalWithoutInterest": 93286.20000000000000000000000,
    "RetirementCapital": 98331.64911554343807052262126,
    "IsRetirementDate": false,
    "IsEndOfSavings": false,
    "IsFullYear": false,
    "IsFullAge": false
  },
  {
    "DateOfCalculation": "2033-04-01T00:00:00",
    "BvgAge": 64,
    "TechnicalAge": {
      "Years": 64,
      "Months": 0
    },
    "ProRatedFactor": 0.25,
    "GrossInterestRate": 0.0125,
    "RetirementCredit": 2469.600,
    "RetirementCapitalWithoutInterest": 94109.400,
    "RetirementCapital": 99255.35353250346243442129343,
    "IsRetirementDate": false,
    "IsEndOfSavings": false,
    "IsFullYear": false,
    "IsFullAge": true
  },
  {
    "DateOfCalculation": "2033-05-01T00:00:00",
    "BvgAge": 64,
    "TechnicalAge": {
      "Years": 64,
      "Months": 1
    },
    "ProRatedFactor": 0.3333333333333333333333333333,
    "GrossInterestRate": 0.0125,
    "RetirementCredit": 3292.7999999999999999999999997,
    "RetirementCapitalWithoutInterest": 94932.60000000000000000000000,
    "RetirementCapital": 100179.05794946348679831996560,
    "IsRetirementDate": false,
    "IsEndOfSavings": false,
    "IsFullYear": false,
    "IsFullAge": false
  },
  {
    "DateOfCalculation": "2033-06-01T00:00:00",
    "BvgAge": 64,
    "TechnicalAge": {
      "Years": 64,
      "Months": 2
    },
    "ProRatedFactor": 0.4166666666666666666666666667,
    "GrossInterestRate": 0.0125,
    "RetirementCredit": 4116.0000000000000000000000003,
    "RetirementCapitalWithoutInterest": 95755.80000000000000000000000,
    "RetirementCapital": 101102.76236642351116221863775,
    "IsRetirementDate": false,
    "IsEndOfSavings": false,
    "IsFullYear": false,
    "IsFullAge": false
  },
  {
    "DateOfCalculation": "2033-07-01T00:00:00",
    "BvgAge": 64,
    "TechnicalAge": {
      "Years": 64,
      "Months": 3
    },
    "ProRatedFactor": 0.5,
    "GrossInterestRate": 0.0125,
    "RetirementCredit": 4939.20,
    "RetirementCapitalWithoutInterest": 96579.00,
    "RetirementCapital": 102026.46678338353552611730992,
    "IsRetirementDate": false,
    "IsEndOfSavings": false,
    "IsFullYear": false,
    "IsFullAge": false
  },
  {
    "DateOfCalculation": "2033-08-01T00:00:00",
    "BvgAge": 64,
    "TechnicalAge": {
      "Years": 64,
      "Months": 4
    },
    "ProRatedFactor": 0.5833333333333333333333333333,
    "GrossInterestRate": 0.0125,
    "RetirementCredit": 5762.3999999999999999999999997,
    "RetirementCapitalWithoutInterest": 97402.20000000000000000000000,
    "RetirementCapital": 102950.17120034355989001598209,
    "IsRetirementDate": false,
    "IsEndOfSavings": false,
    "IsFullYear": false,
    "IsFullAge": false
  },
  {
    "DateOfCalculation": "2033-09-01T00:00:00",
    "BvgAge": 64,
    "TechnicalAge": {
      "Years": 64,
      "Months": 5
    },
    "ProRatedFactor": 0.6666666666666666666666666667,
    "GrossInterestRate": 0.0125,
    "RetirementCredit": 6585.6000000000000000000000003,
    "RetirementCapitalWithoutInterest": 98225.40000000000000000000000,
    "RetirementCapital": 103873.87561730358425391465424,
    "IsRetirementDate": false,
    "IsEndOfSavings": false,
    "IsFullYear": false,
    "IsFullAge": false
  },
  {
    "DateOfCalculation": "2033-10-01T00:00:00",
    "BvgAge": 64,
    "TechnicalAge": {
      "Years": 64,
      "Months": 6
    },
    "ProRatedFactor": 0.75,
    "GrossInterestRate": 0.0125,
    "RetirementCredit": 7408.800,
    "RetirementCapitalWithoutInterest": 99048.600,
    "RetirementCapital": 104797.58003426360861781332641,
    "IsRetirementDate": false,
    "IsEndOfSavings": false,
    "IsFullYear": false,
    "IsFullAge": false
  },
  {
    "DateOfCalculation": "2033-11-01T00:00:00",
    "BvgAge": 64,
    "TechnicalAge": {
      "Years": 64,
      "Months": 7
    },
    "ProRatedFactor": 0.8333333333333333333333333333,
    "GrossInterestRate": 0.0125,
    "RetirementCredit": 8232.000000000000000000000000,
    "RetirementCapitalWithoutInterest": 99871.80000000000000000000000,
    "RetirementCapital": 105721.28445122363298171199858,
    "IsRetirementDate": false,
    "IsEndOfSavings": false,
    "IsFullYear": false,
    "IsFullAge": false
  },
  {
    "DateOfCalculation": "2033-12-01T00:00:00",
    "BvgAge": 64,
    "TechnicalAge": {
      "Years": 64,
      "Months": 8
    },
    "ProRatedFactor": 0.9166666666666666666666666667,
    "GrossInterestRate": 0.0125,
    "RetirementCredit": 9055.200000000000000000000000,
    "RetirementCapitalWithoutInterest": 100695.00000000000000000000000,
    "RetirementCapital": 106644.98886818365734561067074,
    "IsRetirementDate": false,
    "IsEndOfSavings": false,
    "IsFullYear": false,
    "IsFullAge": false
  },
  {
    "DateOfCalculation": "2034-01-01T00:00:00",
    "BvgAge": 65,
    "TechnicalAge": {
      "Years": 64,
      "Months": 9
    },
    "ProRatedFactor": 1.0,
    "GrossInterestRate": 0.0125,
    "RetirementCredit": 9878.4,
    "RetirementCapitalWithoutInterest": 101518.2,
    "RetirementCapital": 107568.69328514368170950934290,
    "IsRetirementDate": false,
    "IsEndOfSavings": false,
    "IsFullYear": true,
    "IsFullAge": false
  },
  {
    "DateOfCalculation": "2034-02-01T00:00:00",
    "BvgAge": 65,
    "TechnicalAge": {
      "Years": 64,
      "Months": 10
    },
    "ProRatedFactor": 0.0833333333333333333333333333,
    "GrossInterestRate": 0.0125,
    "RetirementCredit": 823.1999999999999999999999997,
    "RetirementCapitalWithoutInterest": 102341.40000000000000000000000,
    "RetirementCapital": 108503.94400731570637795674847,
    "IsRetirementDate": false,
    "IsEndOfSavings": false,
    "IsFullYear": false,
    "IsFullAge": false
  },
  {
    "DateOfCalculation": "2034-03-01T00:00:00",
    "BvgAge": 65,
    "TechnicalAge": {
      "Years": 64,
      "Months": 11
    },
    "ProRatedFactor": 0.1666666666666666666666666667,
    "GrossInterestRate": 0.0125,
    "RetirementCredit": 1646.4000000000000000000000003,
    "RetirementCapitalWithoutInterest": 103164.60000000000000000000000,
    "RetirementCapital": 109439.19472948773104640415403,
    "IsRetirementDate": false,
    "IsEndOfSavings": false,
    "IsFullYear": false,
    "IsFullAge": false
  },
  {
    "DateOfCalculation": "2034-04-01T00:00:00",
    "BvgAge": 65,
    "TechnicalAge": {
      "Years": 65,
      "Months": 0
    },
    "ProRatedFactor": 0.25,
    "GrossInterestRate": 0.0125,
    "RetirementCredit": 2469.600,
    "RetirementCapitalWithoutInterest": 103987.800,
    "RetirementCapital": 110374.44545165975571485155960,
    "IsRetirementDate": true,
    "IsEndOfSavings": true,
    "IsFullYear": false,
    "IsFullAge": true
  }
]
