[
  {
    "BfsNumber": 557,
    "Name": "Zuzwil (BE)",
    "Canton": "BE",
    "DateOfMutation": "1978-12-31T00:00:00",
    "MutationId": 1000,
    "SuccessorId": 1206
  },
  {
    "BfsNumber": 557,
    "Name": "Zuzwil (BE)",
    "Canton": "BE",
    "DateOfMutation": "1978-12-31T00:00:00",
    "MutationId": 1000,
    "SuccessorId": 1206
  },
  {
    "BfsNumber": 557,
    "Name": "Zuzwil (BE)",
    "Canton": "BE",
    "DateOfMutation": "1978-12-31T00:00:00",
    "MutationId": 1000,
    "SuccessorId": 1206
  }
]
