[
  {
    "BfsNumber": 9051,
    "Name": "Zürichsee (ZH)",
    "Canton": "ZH",
    "DateOfMutation": null,
    "MutationId": 1000,
    "SuccessorId": 0,
    "EstvTaxLocationId": null
  },
  {
    "BfsNumber": 71,
    "Name": "Wil (ZH)",
    "Canton": "ZH",
    "DateOfMutation": null,
    "MutationId": 1000,
    "SuccessorId": 0,
    "EstvTaxLocationId": 819600000
  },
  {
    "BfsNumber": 121,
    "Name": "Wetzikon (ZH)",
    "Canton": "ZH",
    "DateOfMutation": null,
    "MutationId": 1000,
    "SuccessorId": 0,
    "EstvTaxLocationId": 862000000
  },
  {
    "BfsNumber": 231,
    "Name": "Zell (ZH)",
    "Canton": "ZH",
    "DateOfMutation": null,
    "MutationId": 1000,
    "SuccessorId": 0,
    "EstvTaxLocationId": 848700000
  },
  {
    "BfsNumber": 160,
    "Name": "Zumikon",
    "Canton": "ZH",
    "DateOfMutation": null,
    "MutationId": 1000,
    "SuccessorId": 0,
    "EstvTaxLocationId": 812600000
  },
  {
    "BfsNumber": 120,
    "Name": "Wald (ZH)",
    "Canton": "ZH",
    "DateOfMutation": null,
    "MutationId": 1000,
    "SuccessorId": 0,
    "EstvTaxLocationId": 863600000
  },
  {
    "BfsNumber": 83,
    "Name": "Buchs (ZH)",
    "Canton": "ZH",
    "DateOfMutation": null,
    "MutationId": 1000,
    "SuccessorId": 0,
    "EstvTaxLocationId": 810700000
  },
  {
    "BfsNumber": 22,
    "Name": "Benken (ZH)",
    "Canton": "ZH",
    "DateOfMutation": null,
    "MutationId": 1000,
    "SuccessorId": 0,
    "EstvTaxLocationId": 846300000
  },
  {
    "BfsNumber": 115,
    "Name": "Gossau (ZH)",
    "Canton": "ZH",
    "DateOfMutation": null,
    "MutationId": 1000,
    "SuccessorId": 0,
    "EstvTaxLocationId": 862500000
  },
  {
    "BfsNumber": 151,
    "Name": "Erlenbach (ZH)",
    "Canton": "ZH",
    "DateOfMutation": null,
    "MutationId": 1000,
    "SuccessorId": 0,
    "EstvTaxLocationId": 870300000
  },
  {
    "BfsNumber": 154,
    "Name": "Küsnacht (ZH)",
    "Canton": "ZH",
    "DateOfMutation": null,
    "MutationId": 1000,
    "SuccessorId": 0,
    "EstvTaxLocationId": 870000000
  },
  {
    "BfsNumber": 135,
    "Name": "Kilchberg (ZH)",
    "Canton": "ZH",
    "DateOfMutation": null,
    "MutationId": 1000,
    "SuccessorId": 0,
    "EstvTaxLocationId": 880200000
  },
  {
    "BfsNumber": 118,
    "Name": "Rüti (ZH)",
    "Canton": "ZH",
    "DateOfMutation": null,
    "MutationId": 1000,
    "SuccessorId": 0,
    "EstvTaxLocationId": 863000000
  },
  {
    "BfsNumber": 225,
    "Name": "Rickenbach (ZH)",
    "Canton": "ZH",
    "DateOfMutation": null,
    "MutationId": 1000,
    "SuccessorId": 0,
    "EstvTaxLocationId": 854500000
  },
  {
    "BfsNumber": 161,
    "Name": "Zollikon",
    "Canton": "ZH",
    "DateOfMutation": null,
    "MutationId": 1493,
    "SuccessorId": 0,
    "EstvTaxLocationId": 870200000
  },
  {
    "BfsNumber": 261,
    "Name": "Zürich",
    "Canton": "ZH",
    "DateOfMutation": null,
    "MutationId": 1498,
    "SuccessorId": 0,
    "EstvTaxLocationId": 800000000
  },
  {
    "BfsNumber": 242,
    "Name": "Birmensdorf (ZH)",
    "Canton": "ZH",
    "DateOfMutation": null,
    "MutationId": 1500,
    "SuccessorId": 0,
    "EstvTaxLocationId": 890300000
  },
  {
    "BfsNumber": 251,
    "Name": "Weiningen (ZH)",
    "Canton": "ZH",
    "DateOfMutation": null,
    "MutationId": 1509,
    "SuccessorId": 0,
    "EstvTaxLocationId": 810400000
  },
  {
    "BfsNumber": 226,
    "Name": "Schlatt (ZH)",
    "Canton": "ZH",
    "DateOfMutation": null,
    "MutationId": 1920,
    "SuccessorId": 0,
    "EstvTaxLocationId": 841800000
  },
  {
    "BfsNumber": 241,
    "Name": "Aesch (ZH)",
    "Canton": "ZH",
    "DateOfMutation": null,
    "MutationId": 2165,
    "SuccessorId": 0,
    "EstvTaxLocationId": 890400000
  }
]
