[
  {
    "State": "IsRight",
    "Right": {
      "CalculationYear": 2018,
      "BasisIncomeTax": {
        "DeterminingFactorTaxableAmount": 2000000.0,
        "TaxAmount": 139640.0
      },
      "BasisWealthTax": {
        "DeterminingFactorTaxableAmount": 0.0,
        "TaxAmount": 0.0
      },
      "ChurchTax": {
        "TaxAmount": [
          9774.800
        ],
        "TaxAmountPartner": [
          6982.00
        ]
      },
      "CantonRate": 100.0,
      "MunicipalityRate": 119.0,
      "MunicipalityTaxAmount": 166171.60,
      "CantonTaxAmount": 139640.0,
      "ChurchTaxAmount": 16756.800,
      "TotalTaxAmount": 322568.400,
      "PollTaxAmount": []
    },
    "Left": null
  }
]
