[
  {
    "State": "IsRight",
    "Right": {
      "StateResult": {
        "BasisTax": {
          "DeterminingFactorTaxableAmount": 2000000.0,
          "TaxAmount": 80800.0000
        },
        "ChurchTax": {
          "TaxAmount": [
            0.0
          ],
          "TaxAmountPartner": [
            0.0
          ]
        },
        "CantonRate": 0.0,
        "MunicipalityRate": 0.0,
        "MunicipalityTaxAmount": 0.0000,
        "CantonTaxAmount": 0.0000,
        "ChurchTaxAmount": 0.0,
        "TotalTaxAmount": 0.0000
      },
      "FederalResult": {
        "DeterminingFactorTaxableAmount": 2000000.0,
        "TaxAmount": 46000.00
      },
      "TotalTaxAmount": 46000.0000
    },
    "Left": null
  }
]
