[
  {
    "State": "IsRight",
    "Right": {
      "StateResult": {
        "BasisTax": {
          "DeterminingFactorTaxableAmount": 0.0,
          "TaxAmount": 0.0
        },
        "ChurchTax": {
          "TaxAmount": [
            0.00
          ],
          "TaxAmountPartner": [
            0.00
          ],
          "TaxRate": 0.0
        },
        "CantonRate": 100.0,
        "MunicipalityRate": 119.0,
        "MunicipalityTaxAmount": 0.00,
        "CantonTaxAmount": 0.0,
        "ChurchTaxAmount": 0.00,
        "TotalTaxAmount": 0.00
      },
      "FederalResult": {
        "DeterminingFactorTaxableAmount": 0.0,
        "TaxAmount": 0.0
      },
      "TotalTaxAmount": 0.00
    },
    "Left": null
  }
]
