[
  {
    "State": "IsRight",
    "Right": {
      "StateResult": {
        "BasisTax": {
          "DeterminingFactorTaxableAmount": 40000.00,
          "TaxAmount": 40000.00
        },
        "ChurchTax": {
          "TaxAmount": [
            4600.00000
          ],
          "TaxAmountPartner": [
            4600.00000
          ],
          "TaxRate": 23.0
        },
        "CantonRate": 115.0,
        "MunicipalityRate": 87.0,
        "MunicipalityTaxAmount": 34800.0000,
        "CantonTaxAmount": 46000.0000,
        "ChurchTaxAmount": 9200.00000,
        "TotalTaxAmount": 90000.00000
      },
      "FederalResult": {
        "DeterminingFactorTaxableAmount": 2000000.0,
        "TaxAmount": 46000.00
      },
      "TotalTaxAmount": 136000.00000
    },
    "Left": null
  }
]
