[
  {
    "State": "IsRight",
    "Right": {
      "StateTaxResult": {
        "BasisIncomeTax": {
          "DeterminingFactorTaxableAmount": 99900.0,
          "TaxAmount": 4878.0
        },
        "BasisWealthTax": {
          "DeterminingFactorTaxableAmount": 522000.0,
          "TaxAmount": 252.5
        },
        "ChurchTax": {
          "TaxAmount": [
            359.1350
          ],
          "TaxAmountPartner": [
            256.525
          ]
        },
        "CantonRate": 100.0,
        "MunicipalityRate": 119.0,
        "MunicipalityTaxAmount": 6105.295,
        "CantonTaxAmount": 5130.5,
        "ChurchTaxAmount": 615.6600,
        "TotalTaxAmount": 11899.4550,
        "PollTaxAmount": [
          48.0
        ]
      },
      "FederalTaxResult": {
        "DeterminingFactorTaxableAmount": 99900.0,
        "TaxAmount": 1963.0
      },
      "TotalTaxAmount": 13862.4550
    },
    "Left": null
  }
]
