[
  {
    "State": "IsRight",
    "Right": {
      "StartingYear": 2021,
      "NumberOfPeriods": 10,
      "Accounts": [
        {
          "Year": 2021,
          "Amount": -123655.6400,
          "AccountType": "Exogenous"
        },
        {
          "Year": 2021,
          "Amount": 0.0,
          "AccountType": "Income"
        },
        {
          "Year": 2021,
          "Amount": 16772.6400,
          "AccountType": "Wealth"
        },
        {
          "Year": 2021,
          "Amount": 100000.0,
          "AccountType": "OccupationalPension"
        },
        {
          "Year": 2021,
          "Amount": 6883.0,
          "AccountType": "ThirdPillar"
        },
        {
          "Year": 2022,
          "Amount": -147311.280000,
          "AccountType": "Exogenous"
        },
        {
          "Year": 2022,
          "Amount": 0.0,
          "AccountType": "Income"
        },
        {
          "Year": 2022,
          "Amount": 33545.280000,
          "AccountType": "Wealth"
        },
        {
          "Year": 2022,
          "Amount": 100000.0,
          "AccountType": "OccupationalPension"
        },
        {
          "Year": 2022,
          "Amount": 13766.0,
          "AccountType": "ThirdPillar"
        },
        {
          "Year": 2023,
          "Amount": -170966.92000000,
          "AccountType": "Exogenous"
        },
        {
          "Year": 2023,
          "Amount": 0.00,
          "AccountType": "Income"
        },
        {
          "Year": 2023,
          "Amount": 50317.92000000,
          "AccountType": "Wealth"
        },
        {
          "Year": 2023,
          "Amount": 100000.0,
          "AccountType": "OccupationalPension"
        },
        {
          "Year": 2023,
          "Amount": 20649.00,
          "AccountType": "ThirdPillar"
        },
        {
          "Year": 2024,
          "Amount": -194622.56000000,
          "AccountType": "Exogenous"
        },
        {
          "Year": 2024,
          "Amount": 0.000,
          "AccountType": "Income"
        },
        {
          "Year": 2024,
          "Amount": 67090.56000000,
          "AccountType": "Wealth"
        },
        {
          "Year": 2024,
          "Amount": 100000.0,
          "AccountType": "OccupationalPension"
        },
        {
          "Year": 2024,
          "Amount": 27532.000,
          "AccountType": "ThirdPillar"
        },
        {
          "Year": 2025,
          "Amount": -218278.20000000,
          "AccountType": "Exogenous"
        },
        {
          "Year": 2025,
          "Amount": 0.0000,
          "AccountType": "Income"
        },
        {
          "Year": 2025,
          "Amount": 83863.20000000,
          "AccountType": "Wealth"
        },
        {
          "Year": 2025,
          "Amount": 100000.0,
          "AccountType": "OccupationalPension"
        },
        {
          "Year": 2025,
          "Amount": 34415.0000,
          "AccountType": "ThirdPillar"
        },
        {
          "Year": 2026,
          "Amount": -241933.84000000,
          "AccountType": "Exogenous"
        },
        {
          "Year": 2026,
          "Amount": 0.00000,
          "AccountType": "Income"
        },
        {
          "Year": 2026,
          "Amount": 100635.84000000,
          "AccountType": "Wealth"
        },
        {
          "Year": 2026,
          "Amount": 100000.0,
          "AccountType": "OccupationalPension"
        },
        {
          "Year": 2026,
          "Amount": 41298.00000,
          "AccountType": "ThirdPillar"
        },
        {
          "Year": 2027,
          "Amount": -265589.48000000,
          "AccountType": "Exogenous"
        },
        {
          "Year": 2027,
          "Amount": 0.000000,
          "AccountType": "Income"
        },
        {
          "Year": 2027,
          "Amount": 117408.48000000,
          "AccountType": "Wealth"
        },
        {
          "Year": 2027,
          "Amount": 100000.0,
          "AccountType": "OccupationalPension"
        },
        {
          "Year": 2027,
          "Amount": 48181.000000,
          "AccountType": "ThirdPillar"
        },
        {
          "Year": 2028,
          "Amount": -289245.120000000,
          "AccountType": "Exogenous"
        },
        {
          "Year": 2028,
          "Amount": 0.0000000,
          "AccountType": "Income"
        },
        {
          "Year": 2028,
          "Amount": 134181.120000000,
          "AccountType": "Wealth"
        },
        {
          "Year": 2028,
          "Amount": 100000.0,
          "AccountType": "OccupationalPension"
        },
        {
          "Year": 2028,
          "Amount": 55064.0000000,
          "AccountType": "ThirdPillar"
        },
        {
          "Year": 2029,
          "Amount": -312892.0000000000000,
          "AccountType": "Exogenous"
        },
        {
          "Year": 2029,
          "Amount": 0.00000000,
          "AccountType": "Income"
        },
        {
          "Year": 2029,
          "Amount": 150945.0000000000000,
          "AccountType": "Wealth"
        },
        {
          "Year": 2029,
          "Amount": 100000.0,
          "AccountType": "OccupationalPension"
        },
        {
          "Year": 2029,
          "Amount": 61947.00000000,
          "AccountType": "ThirdPillar"
        },
        {
          "Year": 2030,
          "Amount": -336521.3600000000000000,
          "AccountType": "Exogenous"
        },
        {
          "Year": 2030,
          "Amount": 0.000000000,
          "AccountType": "Income"
        },
        {
          "Year": 2030,
          "Amount": 167691.3600000000000000,
          "AccountType": "Wealth"
        },
        {
          "Year": 2030,
          "Amount": 100000.0,
          "AccountType": "OccupationalPension"
        },
        {
          "Year": 2030,
          "Amount": 68830.000000000,
          "AccountType": "ThirdPillar"
        }
      ],
      "ExogenousAccount": {
        "Id": "bdbe6589-3a6d-4f4f-b7bf-dbf22a4bd26f",
        "Name": "Exogenous Account",
        "Balance": -336521.3600000000000000,
        "InterestRate": 0.0,
        "Transactions": [
          {
            "Description": "Simple cash-flow: outflow to Income Account",
            "ValutaDate": "2021-01-01T00:00:00",
            "Amount": -100000.0
          },
          {
            "Description": "Simple cash-flow: outflow to Occupational Pension Account",
            "ValutaDate": "2021-01-01T00:00:00",
            "Amount": -100000.0
          },
          {
            "Description": "Savings Quota: outflow to Wealth Account",
            "ValutaDate": "2022-01-01T00:00:00",
            "Amount": -27935.10
          },
          {
            "Description": "Yearly Income and Wealth Tax: inflow from Wealth Account",
            "ValutaDate": "2022-01-01T00:00:00",
            "Amount": 11162.4600
          },
          {
            "Description": "Clear income account: inflow from Income Account",
            "ValutaDate": "2022-01-01T00:00:00",
            "Amount": 93117.0
          },
          {
            "Description": "Simple cash-flow: outflow to Income Account",
            "ValutaDate": "2022-01-01T00:00:00",
            "Amount": -100000.0
          },
          {
            "Description": "Savings Quota: outflow to Wealth Account",
            "ValutaDate": "2023-01-01T00:00:00",
            "Amount": -27935.100
          },
          {
            "Description": "Yearly Income and Wealth Tax: inflow from Wealth Account",
            "ValutaDate": "2023-01-01T00:00:00",
            "Amount": 11162.460000
          },
          {
            "Description": "Clear income account: inflow from Income Account",
            "ValutaDate": "2023-01-01T00:00:00",
            "Amount": 93117.0
          },
          {
            "Description": "Simple cash-flow: outflow to Income Account",
            "ValutaDate": "2023-01-01T00:00:00",
            "Amount": -100000.0
          },
          {
            "Description": "Savings Quota: outflow to Wealth Account",
            "ValutaDate": "2024-01-01T00:00:00",
            "Amount": -27935.1000
          },
          {
            "Description": "Yearly Income and Wealth Tax: inflow from Wealth Account",
            "ValutaDate": "2024-01-01T00:00:00",
            "Amount": 11162.46000000
          },
          {
            "Description": "Clear income account: inflow from Income Account",
            "ValutaDate": "2024-01-01T00:00:00",
            "Amount": 93117.00
          },
          {
            "Description": "Simple cash-flow: outflow to Income Account",
            "ValutaDate": "2024-01-01T00:00:00",
            "Amount": -100000.0
          },
          {
            "Description": "Savings Quota: outflow to Wealth Account",
            "ValutaDate": "2025-01-01T00:00:00",
            "Amount": -27935.10000
          },
          {
            "Description": "Yearly Income and Wealth Tax: inflow from Wealth Account",
            "ValutaDate": "2025-01-01T00:00:00",
            "Amount": 11162.46000
          },
          {
            "Description": "Clear income account: inflow from Income Account",
            "ValutaDate": "2025-01-01T00:00:00",
            "Amount": 93117.000
          },
          {
            "Description": "Simple cash-flow: outflow to Income Account",
            "ValutaDate": "2025-01-01T00:00:00",
            "Amount": -100000.0
          },
          {
            "Description": "Savings Quota: outflow to Wealth Account",
            "ValutaDate": "2026-01-01T00:00:00",
            "Amount": -27935.100000
          },
          {
            "Description": "Yearly Income and Wealth Tax: inflow from Wealth Account",
            "ValutaDate": "2026-01-01T00:00:00",
            "Amount": 11162.460000
          },
          {
            "Description": "Clear income account: inflow from Income Account",
            "ValutaDate": "2026-01-01T00:00:00",
            "Amount": 93117.0000
          },
          {
            "Description": "Simple cash-flow: outflow to Income Account",
            "ValutaDate": "2026-01-01T00:00:00",
            "Amount": -100000.0
          },
          {
            "Description": "Savings Quota: outflow to Wealth Account",
            "ValutaDate": "2027-01-01T00:00:00",
            "Amount": -27935.1000000
          },
          {
            "Description": "Yearly Income and Wealth Tax: inflow from Wealth Account",
            "ValutaDate": "2027-01-01T00:00:00",
            "Amount": 11162.4600000
          },
          {
            "Description": "Clear income account: inflow from Income Account",
            "ValutaDate": "2027-01-01T00:00:00",
            "Amount": 93117.00000
          },
          {
            "Description": "Simple cash-flow: outflow to Income Account",
            "ValutaDate": "2027-01-01T00:00:00",
            "Amount": -100000.0
          },
          {
            "Description": "Savings Quota: outflow to Wealth Account",
            "ValutaDate": "2028-01-01T00:00:00",
            "Amount": -27935.10000000
          },
          {
            "Description": "Yearly Income and Wealth Tax: inflow from Wealth Account",
            "ValutaDate": "2028-01-01T00:00:00",
            "Amount": 11162.46000000
          },
          {
            "Description": "Clear income account: inflow from Income Account",
            "ValutaDate": "2028-01-01T00:00:00",
            "Amount": 93117.000000
          },
          {
            "Description": "Simple cash-flow: outflow to Income Account",
            "ValutaDate": "2028-01-01T00:00:00",
            "Amount": -100000.0
          },
          {
            "Description": "Savings Quota: outflow to Wealth Account",
            "ValutaDate": "2029-01-01T00:00:00",
            "Amount": -27935.100000000
          },
          {
            "Description": "Yearly Income and Wealth Tax: inflow from Wealth Account",
            "ValutaDate": "2029-01-01T00:00:00",
            "Amount": 11162.460000000
          },
          {
            "Description": "Clear income account: inflow from Income Account",
            "ValutaDate": "2029-01-01T00:00:00",
            "Amount": 93117.0000000
          },
          {
            "Description": "Simple cash-flow: outflow to Income Account",
            "ValutaDate": "2029-01-01T00:00:00",
            "Amount": -100000.0
          },
          {
            "Description": "Savings Quota: outflow to Wealth Account",
            "ValutaDate": "2030-01-01T00:00:00",
            "Amount": -27935.1000000000
          },
          {
            "Description": "Yearly Income and Wealth Tax: inflow from Wealth Account",
            "ValutaDate": "2030-01-01T00:00:00",
            "Amount": 11171.2200000000000
          },
          {
            "Description": "Clear income account: inflow from Income Account",
            "ValutaDate": "2030-01-01T00:00:00",
            "Amount": 93117.00000000
          },
          {
            "Description": "Simple cash-flow: outflow to Income Account",
            "ValutaDate": "2030-01-01T00:00:00",
            "Amount": -100000.0
          },
          {
            "Description": "Savings Quota: outflow to Wealth Account",
            "ValutaDate": "2031-01-01T00:00:00",
            "Amount": -27935.10000000000
          },
          {
            "Description": "Yearly Income and Wealth Tax: inflow from Wealth Account",
            "ValutaDate": "2031-01-01T00:00:00",
            "Amount": 11188.7400000000000000
          },
          {
            "Description": "Clear income account: inflow from Income Account",
            "ValutaDate": "2031-01-01T00:00:00",
            "Amount": 93117.000000000
          }
        ]
      },
      "IncomeAccount": {
        "Id": "0cce6140-134b-4601-ae72-06579f0f155e",
        "Name": "Income Account",
        "Balance": 0.000000000,
        "InterestRate": 0.0,
        "Transactions": [
          {
            "Description": "Simple cash-flow: inflow from Exogenous Account",
            "ValutaDate": "2021-01-01T00:00:00",
            "Amount": 100000.0
          },
          {
            "Description": "Simple cash-flow: outflow to Third Pillar Account",
            "ValutaDate": "2021-01-01T00:00:00",
            "Amount": -6883.0
          },
          {
            "Description": "Clear income account: outflow to Exogenous Account",
            "ValutaDate": "2022-01-01T00:00:00",
            "Amount": -93117.0
          },
          {
            "Description": "Simple cash-flow: inflow from Exogenous Account",
            "ValutaDate": "2022-01-01T00:00:00",
            "Amount": 100000.0
          },
          {
            "Description": "Simple cash-flow: outflow to Third Pillar Account",
            "ValutaDate": "2022-01-01T00:00:00",
            "Amount": -6883.0
          },
          {
            "Description": "Clear income account: outflow to Exogenous Account",
            "ValutaDate": "2023-01-01T00:00:00",
            "Amount": -93117.0
          },
          {
            "Description": "Simple cash-flow: inflow from Exogenous Account",
            "ValutaDate": "2023-01-01T00:00:00",
            "Amount": 100000.0
          },
          {
            "Description": "Simple cash-flow: outflow to Third Pillar Account",
            "ValutaDate": "2023-01-01T00:00:00",
            "Amount": -6883.00
          },
          {
            "Description": "Clear income account: outflow to Exogenous Account",
            "ValutaDate": "2024-01-01T00:00:00",
            "Amount": -93117.00
          },
          {
            "Description": "Simple cash-flow: inflow from Exogenous Account",
            "ValutaDate": "2024-01-01T00:00:00",
            "Amount": 100000.0
          },
          {
            "Description": "Simple cash-flow: outflow to Third Pillar Account",
            "ValutaDate": "2024-01-01T00:00:00",
            "Amount": -6883.000
          },
          {
            "Description": "Clear income account: outflow to Exogenous Account",
            "ValutaDate": "2025-01-01T00:00:00",
            "Amount": -93117.000
          },
          {
            "Description": "Simple cash-flow: inflow from Exogenous Account",
            "ValutaDate": "2025-01-01T00:00:00",
            "Amount": 100000.0
          },
          {
            "Description": "Simple cash-flow: outflow to Third Pillar Account",
            "ValutaDate": "2025-01-01T00:00:00",
            "Amount": -6883.0000
          },
          {
            "Description": "Clear income account: outflow to Exogenous Account",
            "ValutaDate": "2026-01-01T00:00:00",
            "Amount": -93117.0000
          },
          {
            "Description": "Simple cash-flow: inflow from Exogenous Account",
            "ValutaDate": "2026-01-01T00:00:00",
            "Amount": 100000.0
          },
          {
            "Description": "Simple cash-flow: outflow to Third Pillar Account",
            "ValutaDate": "2026-01-01T00:00:00",
            "Amount": -6883.00000
          },
          {
            "Description": "Clear income account: outflow to Exogenous Account",
            "ValutaDate": "2027-01-01T00:00:00",
            "Amount": -93117.00000
          },
          {
            "Description": "Simple cash-flow: inflow from Exogenous Account",
            "ValutaDate": "2027-01-01T00:00:00",
            "Amount": 100000.0
          },
          {
            "Description": "Simple cash-flow: outflow to Third Pillar Account",
            "ValutaDate": "2027-01-01T00:00:00",
            "Amount": -6883.000000
          },
          {
            "Description": "Clear income account: outflow to Exogenous Account",
            "ValutaDate": "2028-01-01T00:00:00",
            "Amount": -93117.000000
          },
          {
            "Description": "Simple cash-flow: inflow from Exogenous Account",
            "ValutaDate": "2028-01-01T00:00:00",
            "Amount": 100000.0
          },
          {
            "Description": "Simple cash-flow: outflow to Third Pillar Account",
            "ValutaDate": "2028-01-01T00:00:00",
            "Amount": -6883.0000000
          },
          {
            "Description": "Clear income account: outflow to Exogenous Account",
            "ValutaDate": "2029-01-01T00:00:00",
            "Amount": -93117.0000000
          },
          {
            "Description": "Simple cash-flow: inflow from Exogenous Account",
            "ValutaDate": "2029-01-01T00:00:00",
            "Amount": 100000.0
          },
          {
            "Description": "Simple cash-flow: outflow to Third Pillar Account",
            "ValutaDate": "2029-01-01T00:00:00",
            "Amount": -6883.00000000
          },
          {
            "Description": "Clear income account: outflow to Exogenous Account",
            "ValutaDate": "2030-01-01T00:00:00",
            "Amount": -93117.00000000
          },
          {
            "Description": "Simple cash-flow: inflow from Exogenous Account",
            "ValutaDate": "2030-01-01T00:00:00",
            "Amount": 100000.0
          },
          {
            "Description": "Simple cash-flow: outflow to Third Pillar Account",
            "ValutaDate": "2030-01-01T00:00:00",
            "Amount": -6883.000000000
          },
          {
            "Description": "Clear income account: outflow to Exogenous Account",
            "ValutaDate": "2031-01-01T00:00:00",
            "Amount": -93117.000000000
          }
        ]
      },
      "WealthAccount": {
        "Id": "c9c341f1-098c-4268-92f8-f9019a8ec851",
        "Name": "Wealth Account",
        "Balance": 167691.3600000000000000,
        "NetGrowthRate": 0.0,
        "Transactions": [
          {
            "Description": "Savings Quota: inflow from Exogenous Account",
            "ValutaDate": "2022-01-01T00:00:00",
            "Amount": 27935.10
          },
          {
            "Description": "Yearly Income and Wealth Tax: outflow to Exogenous Account",
            "ValutaDate": "2022-01-01T00:00:00",
            "Amount": -11162.4600
          },
          {
            "Description": "Savings Quota: inflow from Exogenous Account",
            "ValutaDate": "2023-01-01T00:00:00",
            "Amount": 27935.100
          },
          {
            "Description": "Yearly Income and Wealth Tax: outflow to Exogenous Account",
            "ValutaDate": "2023-01-01T00:00:00",
            "Amount": -11162.460000
          },
          {
            "Description": "Savings Quota: inflow from Exogenous Account",
            "ValutaDate": "2024-01-01T00:00:00",
            "Amount": 27935.1000
          },
          {
            "Description": "Yearly Income and Wealth Tax: outflow to Exogenous Account",
            "ValutaDate": "2024-01-01T00:00:00",
            "Amount": -11162.46000000
          },
          {
            "Description": "Savings Quota: inflow from Exogenous Account",
            "ValutaDate": "2025-01-01T00:00:00",
            "Amount": 27935.10000
          },
          {
            "Description": "Yearly Income and Wealth Tax: outflow to Exogenous Account",
            "ValutaDate": "2025-01-01T00:00:00",
            "Amount": -11162.46000
          },
          {
            "Description": "Savings Quota: inflow from Exogenous Account",
            "ValutaDate": "2026-01-01T00:00:00",
            "Amount": 27935.100000
          },
          {
            "Description": "Yearly Income and Wealth Tax: outflow to Exogenous Account",
            "ValutaDate": "2026-01-01T00:00:00",
            "Amount": -11162.460000
          },
          {
            "Description": "Savings Quota: inflow from Exogenous Account",
            "ValutaDate": "2027-01-01T00:00:00",
            "Amount": 27935.1000000
          },
          {
            "Description": "Yearly Income and Wealth Tax: outflow to Exogenous Account",
            "ValutaDate": "2027-01-01T00:00:00",
            "Amount": -11162.4600000
          },
          {
            "Description": "Savings Quota: inflow from Exogenous Account",
            "ValutaDate": "2028-01-01T00:00:00",
            "Amount": 27935.10000000
          },
          {
            "Description": "Yearly Income and Wealth Tax: outflow to Exogenous Account",
            "ValutaDate": "2028-01-01T00:00:00",
            "Amount": -11162.46000000
          },
          {
            "Description": "Savings Quota: inflow from Exogenous Account",
            "ValutaDate": "2029-01-01T00:00:00",
            "Amount": 27935.100000000
          },
          {
            "Description": "Yearly Income and Wealth Tax: outflow to Exogenous Account",
            "ValutaDate": "2029-01-01T00:00:00",
            "Amount": -11162.460000000
          },
          {
            "Description": "Savings Quota: inflow from Exogenous Account",
            "ValutaDate": "2030-01-01T00:00:00",
            "Amount": 27935.1000000000
          },
          {
            "Description": "Yearly Income and Wealth Tax: outflow to Exogenous Account",
            "ValutaDate": "2030-01-01T00:00:00",
            "Amount": -11171.2200000000000
          },
          {
            "Description": "Savings Quota: inflow from Exogenous Account",
            "ValutaDate": "2031-01-01T00:00:00",
            "Amount": 27935.10000000000
          },
          {
            "Description": "Yearly Income and Wealth Tax: outflow to Exogenous Account",
            "ValutaDate": "2031-01-01T00:00:00",
            "Amount": -11188.7400000000000000
          }
        ]
      },
      "OccupationalPensionAccount": {
        "Id": "dba722f6-38d3-4e9b-9057-0052dd8cc324",
        "Name": "Occupational Pension Account",
        "Balance": 100000.0,
        "NetGrowthRate": 0.0,
        "Transactions": [
          {
            "Description": "Simple cash-flow: inflow from Exogenous Account",
            "ValutaDate": "2021-01-01T00:00:00",
            "Amount": 100000.0
          }
        ]
      },
      "ThirdPillarAccount": {
        "Id": "d6a60f03-2c64-4b00-8941-094562f817a3",
        "Name": "Third Pillar Account",
        "Balance": 68830.000000000,
        "NetGrowthRate": 0.0,
        "Transactions": [
          {
            "Description": "Simple cash-flow: inflow from Income Account",
            "ValutaDate": "2021-01-01T00:00:00",
            "Amount": 6883.0
          },
          {
            "Description": "Simple cash-flow: inflow from Income Account",
            "ValutaDate": "2022-01-01T00:00:00",
            "Amount": 6883.0
          },
          {
            "Description": "Simple cash-flow: inflow from Income Account",
            "ValutaDate": "2023-01-01T00:00:00",
            "Amount": 6883.00
          },
          {
            "Description": "Simple cash-flow: inflow from Income Account",
            "ValutaDate": "2024-01-01T00:00:00",
            "Amount": 6883.000
          },
          {
            "Description": "Simple cash-flow: inflow from Income Account",
            "ValutaDate": "2025-01-01T00:00:00",
            "Amount": 6883.0000
          },
          {
            "Description": "Simple cash-flow: inflow from Income Account",
            "ValutaDate": "2026-01-01T00:00:00",
            "Amount": 6883.00000
          },
          {
            "Description": "Simple cash-flow: inflow from Income Account",
            "ValutaDate": "2027-01-01T00:00:00",
            "Amount": 6883.000000
          },
          {
            "Description": "Simple cash-flow: inflow from Income Account",
            "ValutaDate": "2028-01-01T00:00:00",
            "Amount": 6883.0000000
          },
          {
            "Description": "Simple cash-flow: inflow from Income Account",
            "ValutaDate": "2029-01-01T00:00:00",
            "Amount": 6883.00000000
          },
          {
            "Description": "Simple cash-flow: inflow from Income Account",
            "ValutaDate": "2030-01-01T00:00:00",
            "Amount": 6883.000000000
          }
        ]
      }
    },
    "Left": null
  }
]
