[
  {
    "State": "IsRight",
    "Right": {
      "StartingYear": 2021,
      "NumberOfPeriods": 13,
      "Accounts": [
        {
          "Year": 2021,
          "Amount": -126772.6400,
          "AccountType": "Exogenous"
        },
        {
          "Year": 2021,
          "Amount": 0.0,
          "AccountType": "Income"
        },
        {
          "Year": 2021,
          "Amount": 19889.6400,
          "AccountType": "Wealth"
        },
        {
          "Year": 2021,
          "Amount": 100000.0,
          "AccountType": "OccupationalPension"
        },
        {
          "Year": 2021,
          "Amount": 6883.0,
          "AccountType": "ThirdPillar"
        },
        {
          "Year": 2022,
          "Amount": -143545.280000,
          "AccountType": "Exogenous"
        },
        {
          "Year": 2022,
          "Amount": 0.0,
          "AccountType": "Income"
        },
        {
          "Year": 2022,
          "Amount": 29779.280000,
          "AccountType": "Wealth"
        },
        {
          "Year": 2022,
          "Amount": 100000.0,
          "AccountType": "OccupationalPension"
        },
        {
          "Year": 2022,
          "Amount": 13766.0,
          "AccountType": "ThirdPillar"
        },
        {
          "Year": 2023,
          "Amount": -160317.92000000,
          "AccountType": "Exogenous"
        },
        {
          "Year": 2023,
          "Amount": 0.00,
          "AccountType": "Income"
        },
        {
          "Year": 2023,
          "Amount": 39668.92000000,
          "AccountType": "Wealth"
        },
        {
          "Year": 2023,
          "Amount": 100000.0,
          "AccountType": "OccupationalPension"
        },
        {
          "Year": 2023,
          "Amount": 20649.00,
          "AccountType": "ThirdPillar"
        },
        {
          "Year": 2024,
          "Amount": -177090.56000000,
          "AccountType": "Exogenous"
        },
        {
          "Year": 2024,
          "Amount": 0.000,
          "AccountType": "Income"
        },
        {
          "Year": 2024,
          "Amount": 49558.56000000,
          "AccountType": "Wealth"
        },
        {
          "Year": 2024,
          "Amount": 100000.0,
          "AccountType": "OccupationalPension"
        },
        {
          "Year": 2024,
          "Amount": 27532.000,
          "AccountType": "ThirdPillar"
        },
        {
          "Year": 2025,
          "Amount": -193863.20000000,
          "AccountType": "Exogenous"
        },
        {
          "Year": 2025,
          "Amount": 0.0000,
          "AccountType": "Income"
        },
        {
          "Year": 2025,
          "Amount": 59448.20000000,
          "AccountType": "Wealth"
        },
        {
          "Year": 2025,
          "Amount": 100000.0,
          "AccountType": "OccupationalPension"
        },
        {
          "Year": 2025,
          "Amount": 34415.0000,
          "AccountType": "ThirdPillar"
        },
        {
          "Year": 2026,
          "Amount": -210635.84000000,
          "AccountType": "Exogenous"
        },
        {
          "Year": 2026,
          "Amount": 0.00000,
          "AccountType": "Income"
        },
        {
          "Year": 2026,
          "Amount": 69337.84000000,
          "AccountType": "Wealth"
        },
        {
          "Year": 2026,
          "Amount": 100000.0,
          "AccountType": "OccupationalPension"
        },
        {
          "Year": 2026,
          "Amount": 41298.00000,
          "AccountType": "ThirdPillar"
        },
        {
          "Year": 2027,
          "Amount": -227408.48000000,
          "AccountType": "Exogenous"
        },
        {
          "Year": 2027,
          "Amount": 0.000000,
          "AccountType": "Income"
        },
        {
          "Year": 2027,
          "Amount": 79227.48000000,
          "AccountType": "Wealth"
        },
        {
          "Year": 2027,
          "Amount": 100000.0,
          "AccountType": "OccupationalPension"
        },
        {
          "Year": 2027,
          "Amount": 48181.000000,
          "AccountType": "ThirdPillar"
        },
        {
          "Year": 2028,
          "Amount": -244181.120000000,
          "AccountType": "Exogenous"
        },
        {
          "Year": 2028,
          "Amount": 0.0000000,
          "AccountType": "Income"
        },
        {
          "Year": 2028,
          "Amount": 89117.120000000,
          "AccountType": "Wealth"
        },
        {
          "Year": 2028,
          "Amount": 100000.0,
          "AccountType": "OccupationalPension"
        },
        {
          "Year": 2028,
          "Amount": 55064.0000000,
          "AccountType": "ThirdPillar"
        },
        {
          "Year": 2029,
          "Amount": -260953.7600000000,
          "AccountType": "Exogenous"
        },
        {
          "Year": 2029,
          "Amount": 0.00000000,
          "AccountType": "Income"
        },
        {
          "Year": 2029,
          "Amount": 99006.7600000000,
          "AccountType": "Wealth"
        },
        {
          "Year": 2029,
          "Amount": 100000.0,
          "AccountType": "OccupationalPension"
        },
        {
          "Year": 2029,
          "Amount": 61947.00000000,
          "AccountType": "ThirdPillar"
        },
        {
          "Year": 2030,
          "Amount": -277726.40000000000,
          "AccountType": "Exogenous"
        },
        {
          "Year": 2030,
          "Amount": 0.000000000,
          "AccountType": "Income"
        },
        {
          "Year": 2030,
          "Amount": 108896.40000000000,
          "AccountType": "Wealth"
        },
        {
          "Year": 2030,
          "Amount": 100000.0,
          "AccountType": "OccupationalPension"
        },
        {
          "Year": 2030,
          "Amount": 68830.000000000,
          "AccountType": "ThirdPillar"
        },
        {
          "Year": 2031,
          "Amount": -295010.06000000000,
          "AccountType": "Exogenous"
        },
        {
          "Year": 2031,
          "Amount": 0.000000000,
          "AccountType": "Income"
        },
        {
          "Year": 2031,
          "Amount": 126180.06000000000,
          "AccountType": "Wealth"
        },
        {
          "Year": 2031,
          "Amount": 100000.0,
          "AccountType": "OccupationalPension"
        },
        {
          "Year": 2031,
          "Amount": 68830.000000000,
          "AccountType": "ThirdPillar"
        },
        {
          "Year": 2032,
          "Amount": -312291.53000000000000,
          "AccountType": "Exogenous"
        },
        {
          "Year": 2032,
          "Amount": 0.000000000,
          "AccountType": "Income"
        },
        {
          "Year": 2032,
          "Amount": 143461.53000000000000,
          "AccountType": "Wealth"
        },
        {
          "Year": 2032,
          "Amount": 100000.0,
          "AccountType": "OccupationalPension"
        },
        {
          "Year": 2032,
          "Amount": 68830.000000000,
          "AccountType": "ThirdPillar"
        },
        {
          "Year": 2033,
          "Amount": -312243.53000000000000,
          "AccountType": "Exogenous"
        },
        {
          "Year": 2033,
          "Amount": 0.000000000,
          "AccountType": "Income"
        },
        {
          "Year": 2033,
          "Amount": 143413.53000000000000,
          "AccountType": "Wealth"
        },
        {
          "Year": 2033,
          "Amount": 100000.0,
          "AccountType": "OccupationalPension"
        },
        {
          "Year": 2033,
          "Amount": 68830.000000000,
          "AccountType": "ThirdPillar"
        }
      ],
      "ExogenousAccount": {
        "Id": "6f79f688-f596-4378-bf52-5a69b2bf3ab0",
        "Name": "Exogenous Account",
        "Balance": -312243.53000000000000,
        "InterestRate": 0.0,
        "Transactions": [
          {
            "Description": "Simple cash-flow: inflow from Wealth Account",
            "ValutaDate": "2021-01-01T00:00:00",
            "Amount": 6883.0
          },
          {
            "Description": "Simple cash-flow: outflow to Income Account",
            "ValutaDate": "2021-01-01T00:00:00",
            "Amount": -100000.0
          },
          {
            "Description": "Simple cash-flow: outflow to Wealth Account",
            "ValutaDate": "2021-01-01T00:00:00",
            "Amount": -10000.0
          },
          {
            "Description": "Simple cash-flow: outflow to Occupational Pension Account",
            "ValutaDate": "2021-01-01T00:00:00",
            "Amount": -100000.0
          },
          {
            "Description": "Savings Quota: outflow to Wealth Account",
            "ValutaDate": "2022-01-01T00:00:00",
            "Amount": -27935.10
          },
          {
            "Description": "Yearly Income and Wealth Tax: inflow from Wealth Account",
            "ValutaDate": "2022-01-01T00:00:00",
            "Amount": 11162.4600
          },
          {
            "Description": "Clear income account: inflow from Income Account",
            "ValutaDate": "2022-01-01T00:00:00",
            "Amount": 93117.0
          },
          {
            "Description": "Simple cash-flow: inflow from Wealth Account",
            "ValutaDate": "2022-01-01T00:00:00",
            "Amount": 6883.0
          },
          {
            "Description": "Simple cash-flow: outflow to Income Account",
            "ValutaDate": "2022-01-01T00:00:00",
            "Amount": -100000.0
          },
          {
            "Description": "Savings Quota: outflow to Wealth Account",
            "ValutaDate": "2023-01-01T00:00:00",
            "Amount": -27935.100
          },
          {
            "Description": "Yearly Income and Wealth Tax: inflow from Wealth Account",
            "ValutaDate": "2023-01-01T00:00:00",
            "Amount": 11162.460000
          },
          {
            "Description": "Clear income account: inflow from Income Account",
            "ValutaDate": "2023-01-01T00:00:00",
            "Amount": 93117.0
          },
          {
            "Description": "Simple cash-flow: inflow from Wealth Account",
            "ValutaDate": "2023-01-01T00:00:00",
            "Amount": 6883.00
          },
          {
            "Description": "Simple cash-flow: outflow to Income Account",
            "ValutaDate": "2023-01-01T00:00:00",
            "Amount": -100000.0
          },
          {
            "Description": "Savings Quota: outflow to Wealth Account",
            "ValutaDate": "2024-01-01T00:00:00",
            "Amount": -27935.1000
          },
          {
            "Description": "Yearly Income and Wealth Tax: inflow from Wealth Account",
            "ValutaDate": "2024-01-01T00:00:00",
            "Amount": 11162.46000000
          },
          {
            "Description": "Clear income account: inflow from Income Account",
            "ValutaDate": "2024-01-01T00:00:00",
            "Amount": 93117.00
          },
          {
            "Description": "Simple cash-flow: inflow from Wealth Account",
            "ValutaDate": "2024-01-01T00:00:00",
            "Amount": 6883.000
          },
          {
            "Description": "Simple cash-flow: outflow to Income Account",
            "ValutaDate": "2024-01-01T00:00:00",
            "Amount": -100000.0
          },
          {
            "Description": "Savings Quota: outflow to Wealth Account",
            "ValutaDate": "2025-01-01T00:00:00",
            "Amount": -27935.10000
          },
          {
            "Description": "Yearly Income and Wealth Tax: inflow from Wealth Account",
            "ValutaDate": "2025-01-01T00:00:00",
            "Amount": 11162.46000
          },
          {
            "Description": "Clear income account: inflow from Income Account",
            "ValutaDate": "2025-01-01T00:00:00",
            "Amount": 93117.000
          },
          {
            "Description": "Simple cash-flow: inflow from Wealth Account",
            "ValutaDate": "2025-01-01T00:00:00",
            "Amount": 6883.0000
          },
          {
            "Description": "Simple cash-flow: outflow to Income Account",
            "ValutaDate": "2025-01-01T00:00:00",
            "Amount": -100000.0
          },
          {
            "Description": "Savings Quota: outflow to Wealth Account",
            "ValutaDate": "2026-01-01T00:00:00",
            "Amount": -27935.100000
          },
          {
            "Description": "Yearly Income and Wealth Tax: inflow from Wealth Account",
            "ValutaDate": "2026-01-01T00:00:00",
            "Amount": 11162.460000
          },
          {
            "Description": "Clear income account: inflow from Income Account",
            "ValutaDate": "2026-01-01T00:00:00",
            "Amount": 93117.0000
          },
          {
            "Description": "Simple cash-flow: inflow from Wealth Account",
            "ValutaDate": "2026-01-01T00:00:00",
            "Amount": 6883.00000
          },
          {
            "Description": "Simple cash-flow: outflow to Income Account",
            "ValutaDate": "2026-01-01T00:00:00",
            "Amount": -100000.0
          },
          {
            "Description": "Savings Quota: outflow to Wealth Account",
            "ValutaDate": "2027-01-01T00:00:00",
            "Amount": -27935.1000000
          },
          {
            "Description": "Yearly Income and Wealth Tax: inflow from Wealth Account",
            "ValutaDate": "2027-01-01T00:00:00",
            "Amount": 11162.4600000
          },
          {
            "Description": "Clear income account: inflow from Income Account",
            "ValutaDate": "2027-01-01T00:00:00",
            "Amount": 93117.00000
          },
          {
            "Description": "Simple cash-flow: inflow from Wealth Account",
            "ValutaDate": "2027-01-01T00:00:00",
            "Amount": 6883.000000
          },
          {
            "Description": "Simple cash-flow: outflow to Income Account",
            "ValutaDate": "2027-01-01T00:00:00",
            "Amount": -100000.0
          },
          {
            "Description": "Savings Quota: outflow to Wealth Account",
            "ValutaDate": "2028-01-01T00:00:00",
            "Amount": -27935.10000000
          },
          {
            "Description": "Yearly Income and Wealth Tax: inflow from Wealth Account",
            "ValutaDate": "2028-01-01T00:00:00",
            "Amount": 11162.46000000
          },
          {
            "Description": "Clear income account: inflow from Income Account",
            "ValutaDate": "2028-01-01T00:00:00",
            "Amount": 93117.000000
          },
          {
            "Description": "Simple cash-flow: inflow from Wealth Account",
            "ValutaDate": "2028-01-01T00:00:00",
            "Amount": 6883.0000000
          },
          {
            "Description": "Simple cash-flow: outflow to Income Account",
            "ValutaDate": "2028-01-01T00:00:00",
            "Amount": -100000.0
          },
          {
            "Description": "Savings Quota: outflow to Wealth Account",
            "ValutaDate": "2029-01-01T00:00:00",
            "Amount": -27935.100000000
          },
          {
            "Description": "Yearly Income and Wealth Tax: inflow from Wealth Account",
            "ValutaDate": "2029-01-01T00:00:00",
            "Amount": 11162.460000000
          },
          {
            "Description": "Clear income account: inflow from Income Account",
            "ValutaDate": "2029-01-01T00:00:00",
            "Amount": 93117.0000000
          },
          {
            "Description": "Simple cash-flow: inflow from Wealth Account",
            "ValutaDate": "2029-01-01T00:00:00",
            "Amount": 6883.00000000
          },
          {
            "Description": "Simple cash-flow: outflow to Income Account",
            "ValutaDate": "2029-01-01T00:00:00",
            "Amount": -100000.0
          },
          {
            "Description": "Savings Quota: outflow to Wealth Account",
            "ValutaDate": "2030-01-01T00:00:00",
            "Amount": -27935.1000000000
          },
          {
            "Description": "Yearly Income and Wealth Tax: inflow from Wealth Account",
            "ValutaDate": "2030-01-01T00:00:00",
            "Amount": 11162.4600000000
          },
          {
            "Description": "Clear income account: inflow from Income Account",
            "ValutaDate": "2030-01-01T00:00:00",
            "Amount": 93117.00000000
          },
          {
            "Description": "Simple cash-flow: inflow from Wealth Account",
            "ValutaDate": "2030-01-01T00:00:00",
            "Amount": 6883.000000000
          },
          {
            "Description": "Simple cash-flow: outflow to Income Account",
            "ValutaDate": "2030-01-01T00:00:00",
            "Amount": -100000.0
          },
          {
            "Description": "Savings Quota: outflow to Wealth Account",
            "ValutaDate": "2031-01-01T00:00:00",
            "Amount": -27935.10000000000
          },
          {
            "Description": "Yearly Income and Wealth Tax: inflow from Wealth Account",
            "ValutaDate": "2031-01-01T00:00:00",
            "Amount": 11162.46000000000
          },
          {
            "Description": "Clear income account: inflow from Income Account",
            "ValutaDate": "2031-01-01T00:00:00",
            "Amount": 93117.000000000
          },
          {
            "Description": "Simple cash-flow: outflow to Income Account",
            "ValutaDate": "2031-01-01T00:00:00",
            "Amount": -100000.0
          },
          {
            "Description": "Savings Quota: outflow to Wealth Account",
            "ValutaDate": "2032-01-01T00:00:00",
            "Amount": -30000.00000000000
          },
          {
            "Description": "Yearly Income and Wealth Tax: inflow from Wealth Account",
            "ValutaDate": "2032-01-01T00:00:00",
            "Amount": 12716.34000000000
          },
          {
            "Description": "Clear income account: inflow from Income Account",
            "ValutaDate": "2032-01-01T00:00:00",
            "Amount": 100000.000000000
          },
          {
            "Description": "Simple cash-flow: outflow to Income Account",
            "ValutaDate": "2032-01-01T00:00:00",
            "Amount": -100000.0
          },
          {
            "Description": "Savings Quota: outflow to Wealth Account",
            "ValutaDate": "2033-01-01T00:00:00",
            "Amount": -30000.00000000000
          },
          {
            "Description": "Yearly Income and Wealth Tax: inflow from Wealth Account",
            "ValutaDate": "2033-01-01T00:00:00",
            "Amount": 12718.53000000000000
          },
          {
            "Description": "Clear income account: inflow from Income Account",
            "ValutaDate": "2033-01-01T00:00:00",
            "Amount": 100000.000000000
          },
          {
            "Description": "Yearly Income and Wealth Tax: inflow from Wealth Account",
            "ValutaDate": "2034-01-01T00:00:00",
            "Amount": 48.00000000000
          }
        ]
      },
      "IncomeAccount": {
        "Id": "7df170da-401e-46a7-897f-38b1dc26a1eb",
        "Name": "Income Account",
        "Balance": 0.000000000,
        "InterestRate": 0.0,
        "Transactions": [
          {
            "Description": "Simple cash-flow: outflow to Third Pillar Account",
            "ValutaDate": "2021-01-01T00:00:00",
            "Amount": -6883.0
          },
          {
            "Description": "Simple cash-flow: inflow from Exogenous Account",
            "ValutaDate": "2021-01-01T00:00:00",
            "Amount": 100000.0
          },
          {
            "Description": "Clear income account: outflow to Exogenous Account",
            "ValutaDate": "2022-01-01T00:00:00",
            "Amount": -93117.0
          },
          {
            "Description": "Simple cash-flow: outflow to Third Pillar Account",
            "ValutaDate": "2022-01-01T00:00:00",
            "Amount": -6883.0
          },
          {
            "Description": "Simple cash-flow: inflow from Exogenous Account",
            "ValutaDate": "2022-01-01T00:00:00",
            "Amount": 100000.0
          },
          {
            "Description": "Clear income account: outflow to Exogenous Account",
            "ValutaDate": "2023-01-01T00:00:00",
            "Amount": -93117.0
          },
          {
            "Description": "Simple cash-flow: outflow to Third Pillar Account",
            "ValutaDate": "2023-01-01T00:00:00",
            "Amount": -6883.00
          },
          {
            "Description": "Simple cash-flow: inflow from Exogenous Account",
            "ValutaDate": "2023-01-01T00:00:00",
            "Amount": 100000.0
          },
          {
            "Description": "Clear income account: outflow to Exogenous Account",
            "ValutaDate": "2024-01-01T00:00:00",
            "Amount": -93117.00
          },
          {
            "Description": "Simple cash-flow: outflow to Third Pillar Account",
            "ValutaDate": "2024-01-01T00:00:00",
            "Amount": -6883.000
          },
          {
            "Description": "Simple cash-flow: inflow from Exogenous Account",
            "ValutaDate": "2024-01-01T00:00:00",
            "Amount": 100000.0
          },
          {
            "Description": "Clear income account: outflow to Exogenous Account",
            "ValutaDate": "2025-01-01T00:00:00",
            "Amount": -93117.000
          },
          {
            "Description": "Simple cash-flow: outflow to Third Pillar Account",
            "ValutaDate": "2025-01-01T00:00:00",
            "Amount": -6883.0000
          },
          {
            "Description": "Simple cash-flow: inflow from Exogenous Account",
            "ValutaDate": "2025-01-01T00:00:00",
            "Amount": 100000.0
          },
          {
            "Description": "Clear income account: outflow to Exogenous Account",
            "ValutaDate": "2026-01-01T00:00:00",
            "Amount": -93117.0000
          },
          {
            "Description": "Simple cash-flow: outflow to Third Pillar Account",
            "ValutaDate": "2026-01-01T00:00:00",
            "Amount": -6883.00000
          },
          {
            "Description": "Simple cash-flow: inflow from Exogenous Account",
            "ValutaDate": "2026-01-01T00:00:00",
            "Amount": 100000.0
          },
          {
            "Description": "Clear income account: outflow to Exogenous Account",
            "ValutaDate": "2027-01-01T00:00:00",
            "Amount": -93117.00000
          },
          {
            "Description": "Simple cash-flow: outflow to Third Pillar Account",
            "ValutaDate": "2027-01-01T00:00:00",
            "Amount": -6883.000000
          },
          {
            "Description": "Simple cash-flow: inflow from Exogenous Account",
            "ValutaDate": "2027-01-01T00:00:00",
            "Amount": 100000.0
          },
          {
            "Description": "Clear income account: outflow to Exogenous Account",
            "ValutaDate": "2028-01-01T00:00:00",
            "Amount": -93117.000000
          },
          {
            "Description": "Simple cash-flow: outflow to Third Pillar Account",
            "ValutaDate": "2028-01-01T00:00:00",
            "Amount": -6883.0000000
          },
          {
            "Description": "Simple cash-flow: inflow from Exogenous Account",
            "ValutaDate": "2028-01-01T00:00:00",
            "Amount": 100000.0
          },
          {
            "Description": "Clear income account: outflow to Exogenous Account",
            "ValutaDate": "2029-01-01T00:00:00",
            "Amount": -93117.0000000
          },
          {
            "Description": "Simple cash-flow: outflow to Third Pillar Account",
            "ValutaDate": "2029-01-01T00:00:00",
            "Amount": -6883.00000000
          },
          {
            "Description": "Simple cash-flow: inflow from Exogenous Account",
            "ValutaDate": "2029-01-01T00:00:00",
            "Amount": 100000.0
          },
          {
            "Description": "Clear income account: outflow to Exogenous Account",
            "ValutaDate": "2030-01-01T00:00:00",
            "Amount": -93117.00000000
          },
          {
            "Description": "Simple cash-flow: outflow to Third Pillar Account",
            "ValutaDate": "2030-01-01T00:00:00",
            "Amount": -6883.000000000
          },
          {
            "Description": "Simple cash-flow: inflow from Exogenous Account",
            "ValutaDate": "2030-01-01T00:00:00",
            "Amount": 100000.0
          },
          {
            "Description": "Clear income account: outflow to Exogenous Account",
            "ValutaDate": "2031-01-01T00:00:00",
            "Amount": -93117.000000000
          },
          {
            "Description": "Simple cash-flow: inflow from Exogenous Account",
            "ValutaDate": "2031-01-01T00:00:00",
            "Amount": 100000.0
          },
          {
            "Description": "Clear income account: outflow to Exogenous Account",
            "ValutaDate": "2032-01-01T00:00:00",
            "Amount": -100000.000000000
          },
          {
            "Description": "Simple cash-flow: inflow from Exogenous Account",
            "ValutaDate": "2032-01-01T00:00:00",
            "Amount": 100000.0
          },
          {
            "Description": "Clear income account: outflow to Exogenous Account",
            "ValutaDate": "2033-01-01T00:00:00",
            "Amount": -100000.000000000
          }
        ]
      },
      "WealthAccount": {
        "Id": "8c3bc969-53e2-4e3d-8de0-8806225bd47d",
        "Name": "Wealth Account",
        "Balance": 143413.53000000000000,
        "NetGrowthRate": 0.0,
        "Transactions": [
          {
            "Description": "Simple cash-flow: outflow to Exogenous Account",
            "ValutaDate": "2021-01-01T00:00:00",
            "Amount": -6883.0
          },
          {
            "Description": "Simple cash-flow: inflow from Exogenous Account",
            "ValutaDate": "2021-01-01T00:00:00",
            "Amount": 10000.0
          },
          {
            "Description": "Savings Quota: inflow from Exogenous Account",
            "ValutaDate": "2022-01-01T00:00:00",
            "Amount": 27935.10
          },
          {
            "Description": "Yearly Income and Wealth Tax: outflow to Exogenous Account",
            "ValutaDate": "2022-01-01T00:00:00",
            "Amount": -11162.4600
          },
          {
            "Description": "Simple cash-flow: outflow to Exogenous Account",
            "ValutaDate": "2022-01-01T00:00:00",
            "Amount": -6883.0
          },
          {
            "Description": "Savings Quota: inflow from Exogenous Account",
            "ValutaDate": "2023-01-01T00:00:00",
            "Amount": 27935.100
          },
          {
            "Description": "Yearly Income and Wealth Tax: outflow to Exogenous Account",
            "ValutaDate": "2023-01-01T00:00:00",
            "Amount": -11162.460000
          },
          {
            "Description": "Simple cash-flow: outflow to Exogenous Account",
            "ValutaDate": "2023-01-01T00:00:00",
            "Amount": -6883.00
          },
          {
            "Description": "Savings Quota: inflow from Exogenous Account",
            "ValutaDate": "2024-01-01T00:00:00",
            "Amount": 27935.1000
          },
          {
            "Description": "Yearly Income and Wealth Tax: outflow to Exogenous Account",
            "ValutaDate": "2024-01-01T00:00:00",
            "Amount": -11162.46000000
          },
          {
            "Description": "Simple cash-flow: outflow to Exogenous Account",
            "ValutaDate": "2024-01-01T00:00:00",
            "Amount": -6883.000
          },
          {
            "Description": "Savings Quota: inflow from Exogenous Account",
            "ValutaDate": "2025-01-01T00:00:00",
            "Amount": 27935.10000
          },
          {
            "Description": "Yearly Income and Wealth Tax: outflow to Exogenous Account",
            "ValutaDate": "2025-01-01T00:00:00",
            "Amount": -11162.46000
          },
          {
            "Description": "Simple cash-flow: outflow to Exogenous Account",
            "ValutaDate": "2025-01-01T00:00:00",
            "Amount": -6883.0000
          },
          {
            "Description": "Savings Quota: inflow from Exogenous Account",
            "ValutaDate": "2026-01-01T00:00:00",
            "Amount": 27935.100000
          },
          {
            "Description": "Yearly Income and Wealth Tax: outflow to Exogenous Account",
            "ValutaDate": "2026-01-01T00:00:00",
            "Amount": -11162.460000
          },
          {
            "Description": "Simple cash-flow: outflow to Exogenous Account",
            "ValutaDate": "2026-01-01T00:00:00",
            "Amount": -6883.00000
          },
          {
            "Description": "Savings Quota: inflow from Exogenous Account",
            "ValutaDate": "2027-01-01T00:00:00",
            "Amount": 27935.1000000
          },
          {
            "Description": "Yearly Income and Wealth Tax: outflow to Exogenous Account",
            "ValutaDate": "2027-01-01T00:00:00",
            "Amount": -11162.4600000
          },
          {
            "Description": "Simple cash-flow: outflow to Exogenous Account",
            "ValutaDate": "2027-01-01T00:00:00",
            "Amount": -6883.000000
          },
          {
            "Description": "Savings Quota: inflow from Exogenous Account",
            "ValutaDate": "2028-01-01T00:00:00",
            "Amount": 27935.10000000
          },
          {
            "Description": "Yearly Income and Wealth Tax: outflow to Exogenous Account",
            "ValutaDate": "2028-01-01T00:00:00",
            "Amount": -11162.46000000
          },
          {
            "Description": "Simple cash-flow: outflow to Exogenous Account",
            "ValutaDate": "2028-01-01T00:00:00",
            "Amount": -6883.0000000
          },
          {
            "Description": "Savings Quota: inflow from Exogenous Account",
            "ValutaDate": "2029-01-01T00:00:00",
            "Amount": 27935.100000000
          },
          {
            "Description": "Yearly Income and Wealth Tax: outflow to Exogenous Account",
            "ValutaDate": "2029-01-01T00:00:00",
            "Amount": -11162.460000000
          },
          {
            "Description": "Simple cash-flow: outflow to Exogenous Account",
            "ValutaDate": "2029-01-01T00:00:00",
            "Amount": -6883.00000000
          },
          {
            "Description": "Savings Quota: inflow from Exogenous Account",
            "ValutaDate": "2030-01-01T00:00:00",
            "Amount": 27935.1000000000
          },
          {
            "Description": "Yearly Income and Wealth Tax: outflow to Exogenous Account",
            "ValutaDate": "2030-01-01T00:00:00",
            "Amount": -11162.4600000000
          },
          {
            "Description": "Simple cash-flow: outflow to Exogenous Account",
            "ValutaDate": "2030-01-01T00:00:00",
            "Amount": -6883.000000000
          },
          {
            "Description": "Savings Quota: inflow from Exogenous Account",
            "ValutaDate": "2031-01-01T00:00:00",
            "Amount": 27935.10000000000
          },
          {
            "Description": "Yearly Income and Wealth Tax: outflow to Exogenous Account",
            "ValutaDate": "2031-01-01T00:00:00",
            "Amount": -11162.46000000000
          },
          {
            "Description": "Savings Quota: inflow from Exogenous Account",
            "ValutaDate": "2032-01-01T00:00:00",
            "Amount": 30000.00000000000
          },
          {
            "Description": "Yearly Income and Wealth Tax: outflow to Exogenous Account",
            "ValutaDate": "2032-01-01T00:00:00",
            "Amount": -12716.34000000000
          },
          {
            "Description": "Savings Quota: inflow from Exogenous Account",
            "ValutaDate": "2033-01-01T00:00:00",
            "Amount": 30000.00000000000
          },
          {
            "Description": "Yearly Income and Wealth Tax: outflow to Exogenous Account",
            "ValutaDate": "2033-01-01T00:00:00",
            "Amount": -12718.53000000000000
          },
          {
            "Description": "Yearly Income and Wealth Tax: outflow to Exogenous Account",
            "ValutaDate": "2034-01-01T00:00:00",
            "Amount": -48.00000000000
          }
        ]
      },
      "OccupationalPensionAccount": {
        "Id": "d660baa9-ffc3-4d19-9280-ad9a4b396ed7",
        "Name": "Occupational Pension Account",
        "Balance": 100000.0,
        "NetGrowthRate": 0.0,
        "Transactions": [
          {
            "Description": "Simple cash-flow: inflow from Exogenous Account",
            "ValutaDate": "2021-01-01T00:00:00",
            "Amount": 100000.0
          }
        ]
      },
      "ThirdPillarAccount": {
        "Id": "d2364888-aa79-4138-bd6a-b494677a12cf",
        "Name": "Third Pillar Account",
        "Balance": 68830.000000000,
        "NetGrowthRate": 0.0,
        "Transactions": [
          {
            "Description": "Simple cash-flow: inflow from Income Account",
            "ValutaDate": "2021-01-01T00:00:00",
            "Amount": 6883.0
          },
          {
            "Description": "Simple cash-flow: inflow from Income Account",
            "ValutaDate": "2022-01-01T00:00:00",
            "Amount": 6883.0
          },
          {
            "Description": "Simple cash-flow: inflow from Income Account",
            "ValutaDate": "2023-01-01T00:00:00",
            "Amount": 6883.00
          },
          {
            "Description": "Simple cash-flow: inflow from Income Account",
            "ValutaDate": "2024-01-01T00:00:00",
            "Amount": 6883.000
          },
          {
            "Description": "Simple cash-flow: inflow from Income Account",
            "ValutaDate": "2025-01-01T00:00:00",
            "Amount": 6883.0000
          },
          {
            "Description": "Simple cash-flow: inflow from Income Account",
            "ValutaDate": "2026-01-01T00:00:00",
            "Amount": 6883.00000
          },
          {
            "Description": "Simple cash-flow: inflow from Income Account",
            "ValutaDate": "2027-01-01T00:00:00",
            "Amount": 6883.000000
          },
          {
            "Description": "Simple cash-flow: inflow from Income Account",
            "ValutaDate": "2028-01-01T00:00:00",
            "Amount": 6883.0000000
          },
          {
            "Description": "Simple cash-flow: inflow from Income Account",
            "ValutaDate": "2029-01-01T00:00:00",
            "Amount": 6883.00000000
          },
          {
            "Description": "Simple cash-flow: inflow from Income Account",
            "ValutaDate": "2030-01-01T00:00:00",
            "Amount": 6883.000000000
          }
        ]
      }
    },
    "Left": null
  }
]
