[
  {
    "State": "IsRight",
    "Right": {
      "StartingYear": 2021,
      "NumberOfPeriods": 10,
      "Accounts": [
        {
          "Year": 2021,
          "Amount": 504441.67705,
          "AccountType": "Wealth"
        },
        {
          "Year": 2021,
          "Amount": 0.0,
          "AccountType": "CapitalBenefits"
        },
        {
          "Year": 2022,
          "Amount": 508918.923270500,
          "AccountType": "Wealth"
        },
        {
          "Year": 2022,
          "Amount": 0.0,
          "AccountType": "CapitalBenefits"
        },
        {
          "Year": 2023,
          "Amount": 513432.0943532050000,
          "AccountType": "Wealth"
        },
        {
          "Year": 2023,
          "Amount": 0.0,
          "AccountType": "CapitalBenefits"
        },
        {
          "Year": 2024,
          "Amount": 517979.33764673705000000,
          "AccountType": "Wealth"
        },
        {
          "Year": 2024,
          "Amount": 0.0,
          "AccountType": "CapitalBenefits"
        },
        {
          "Year": 2025,
          "Amount": 522563.205773204420500000000,
          "AccountType": "Wealth"
        },
        {
          "Year": 2025,
          "Amount": 0.0,
          "AccountType": "CapitalBenefits"
        },
        {
          "Year": 2026,
          "Amount": 527181.85308093646470500000000,
          "AccountType": "Wealth"
        },
        {
          "Year": 2026,
          "Amount": 0.0,
          "AccountType": "CapitalBenefits"
        },
        {
          "Year": 2027,
          "Amount": 531835.62736174582935205000000,
          "AccountType": "Wealth"
        },
        {
          "Year": 2027,
          "Amount": 0.0,
          "AccountType": "CapitalBenefits"
        },
        {
          "Year": 2028,
          "Amount": 536527.09178536328764557050000,
          "AccountType": "Wealth"
        },
        {
          "Year": 2028,
          "Amount": 0.0,
          "AccountType": "CapitalBenefits"
        },
        {
          "Year": 2029,
          "Amount": 541254.41135321692052202620500,
          "AccountType": "Wealth"
        },
        {
          "Year": 2029,
          "Amount": 0.0,
          "AccountType": "CapitalBenefits"
        },
        {
          "Year": 2030,
          "Amount": 546017.94461674908972724646705,
          "AccountType": "Wealth"
        },
        {
          "Year": 2030,
          "Amount": 0.0,
          "AccountType": "CapitalBenefits"
        }
      ]
    },
    "Left": null
  }
]
