{
  "StartingYear": 2021,
  "NumberOfPeriods": 10,
  "Accounts": [
    {
      "Year": 2021,
      "Amount": 515202.745,
      "AccountType": "Wealth"
    },
    {
      "Year": 2021,
      "Amount": 516883.0,
      "AccountType": "CapitalBenefits"
    },
    {
      "Year": 2022,
      "Amount": 530479.34000,
      "AccountType": "Wealth"
    },
    {
      "Year": 2022,
      "Amount": 533766.0,
      "AccountType": "CapitalBenefits"
    },
    {
      "Year": 2023,
      "Amount": 545832.7850000,
      "AccountType": "Wealth"
    },
    {
      "Year": 2023,
      "Amount": 550649.0,
      "AccountType": "CapitalBenefits"
    },
    {
      "Year": 2024,
      "Amount": 561266.110000000,
      "AccountType": "Wealth"
    },
    {
      "Year": 2024,
      "Amount": 567532.0,
      "AccountType": "CapitalBenefits"
    },
    {
      "Year": 2025,
      "Amount": 576780.18530000000,
      "AccountType": "Wealth"
    },
    {
      "Year": 2025,
      "Amount": 584415.0,
      "AccountType": "CapitalBenefits"
    },
    {
      "Year": 2026,
      "Amount": 593215.3718030000000,
      "AccountType": "Wealth"
    },
    {
      "Year": 2026,
      "Amount": 591298.0,
      "AccountType": "CapitalBenefits"
    },
    {
      "Year": 2027,
      "Amount": 609703.431321030000000,
      "AccountType": "Wealth"
    },
    {
      "Year": 2027,
      "Amount": 598181.0,
      "AccountType": "CapitalBenefits"
    },
    {
      "Year": 2028,
      "Amount": 626227.18688424030000000,
      "AccountType": "Wealth"
    },
    {
      "Year": 2028,
      "Amount": 605064.0,
      "AccountType": "CapitalBenefits"
    },
    {
      "Year": 2029,
      "Amount": 642787.6330530827030000000,
      "AccountType": "Wealth"
    },
    {
      "Year": 2029,
      "Amount": 611947.0,
      "AccountType": "CapitalBenefits"
    },
    {
      "Year": 2030,
      "Amount": 1218128.796233613530030000000,
      "AccountType": "Wealth"
    },
    {
      "Year": 2030,
      "Amount": 0.0,
      "AccountType": "CapitalBenefits"
    }
  ]
}
