[
  {
    "State": "IsRight",
    "Right": {
      "StartingYear": 2021,
      "NumberOfPeriods": 14,
      "Accounts": [
        {
          "Year": 2021,
          "Amount": -1024935.10,
          "AccountType": "Exogenous"
        },
        {
          "Year": 2021,
          "Amount": 0.0,
          "AccountType": "Income"
        },
        {
          "Year": 2021,
          "Amount": 498350.2250,
          "AccountType": "Wealth"
        },
        {
          "Year": 2021,
          "Amount": 0.0,
          "AccountType": "Investment"
        },
        {
          "Year": 2021,
          "Amount": 510000.0,
          "AccountType": "OccupationalPension"
        },
        {
          "Year": 2021,
          "Amount": 6883.0,
          "AccountType": "ThirdPillar"
        },
        {
          "Year": 2021,
          "Amount": 9701.8750,
          "AccountType": "Tax"
        },
        {
          "Year": 2022,
          "Amount": -1050170.2000,
          "AccountType": "Exogenous"
        },
        {
          "Year": 2022,
          "Amount": 0.00,
          "AccountType": "Income"
        },
        {
          "Year": 2022,
          "Amount": 496811.530000,
          "AccountType": "Wealth"
        },
        {
          "Year": 2022,
          "Amount": 0.0,
          "AccountType": "Investment"
        },
        {
          "Year": 2022,
          "Amount": 520000.0,
          "AccountType": "OccupationalPension"
        },
        {
          "Year": 2022,
          "Amount": 13766.0,
          "AccountType": "ThirdPillar"
        },
        {
          "Year": 2022,
          "Amount": 19592.670000,
          "AccountType": "Tax"
        },
        {
          "Year": 2023,
          "Amount": -1075708.300000,
          "AccountType": "Exogenous"
        },
        {
          "Year": 2023,
          "Amount": 0.0000,
          "AccountType": "Income"
        },
        {
          "Year": 2023,
          "Amount": 495384.72500000,
          "AccountType": "Wealth"
        },
        {
          "Year": 2023,
          "Amount": 0.0,
          "AccountType": "Investment"
        },
        {
          "Year": 2023,
          "Amount": 530000.0,
          "AccountType": "OccupationalPension"
        },
        {
          "Year": 2023,
          "Amount": 20649.0,
          "AccountType": "ThirdPillar"
        },
        {
          "Year": 2023,
          "Amount": 29674.57500000,
          "AccountType": "Tax"
        },
        {
          "Year": 2024,
          "Amount": -1101552.43000000,
          "AccountType": "Exogenous"
        },
        {
          "Year": 2024,
          "Amount": 0.000000,
          "AccountType": "Income"
        },
        {
          "Year": 2024,
          "Amount": 494072.8400000000,
          "AccountType": "Wealth"
        },
        {
          "Year": 2024,
          "Amount": 0.0,
          "AccountType": "Investment"
        },
        {
          "Year": 2024,
          "Amount": 540000.0,
          "AccountType": "OccupationalPension"
        },
        {
          "Year": 2024,
          "Amount": 27532.0,
          "AccountType": "ThirdPillar"
        },
        {
          "Year": 2024,
          "Amount": 39947.5900000000,
          "AccountType": "Tax"
        },
        {
          "Year": 2025,
          "Amount": -1127705.6503000000,
          "AccountType": "Exogenous"
        },
        {
          "Year": 2025,
          "Amount": 0.00000000,
          "AccountType": "Income"
        },
        {
          "Year": 2025,
          "Amount": 492878.935300000000,
          "AccountType": "Wealth"
        },
        {
          "Year": 2025,
          "Amount": 0.0,
          "AccountType": "Investment"
        },
        {
          "Year": 2025,
          "Amount": 550000.0,
          "AccountType": "OccupationalPension"
        },
        {
          "Year": 2025,
          "Amount": 34415.0,
          "AccountType": "ThirdPillar"
        },
        {
          "Year": 2025,
          "Amount": 50411.715000000000,
          "AccountType": "Tax"
        },
        {
          "Year": 2026,
          "Amount": -1157171.051803000000,
          "AccountType": "Exogenous"
        },
        {
          "Year": 2026,
          "Amount": 0.0000000000,
          "AccountType": "Income"
        },
        {
          "Year": 2026,
          "Amount": 502612.71180300000000,
          "AccountType": "Wealth"
        },
        {
          "Year": 2026,
          "Amount": 0.0,
          "AccountType": "Investment"
        },
        {
          "Year": 2026,
          "Amount": 550000.0,
          "AccountType": "OccupationalPension"
        },
        {
          "Year": 2026,
          "Amount": 41298.0,
          "AccountType": "ThirdPillar"
        },
        {
          "Year": 2026,
          "Amount": 63260.34000000000000,
          "AccountType": "Tax"
        },
        {
          "Year": 2027,
          "Amount": -1186951.75632103000000,
          "AccountType": "Exogenous"
        },
        {
          "Year": 2027,
          "Amount": 0.000000000000,
          "AccountType": "Income"
        },
        {
          "Year": 2027,
          "Amount": 512414.6913210300000000,
          "AccountType": "Wealth"
        },
        {
          "Year": 2027,
          "Amount": 0.0,
          "AccountType": "Investment"
        },
        {
          "Year": 2027,
          "Amount": 550000.0,
          "AccountType": "OccupationalPension"
        },
        {
          "Year": 2027,
          "Amount": 48181.0,
          "AccountType": "ThirdPillar"
        },
        {
          "Year": 2027,
          "Amount": 76356.0650000000000000,
          "AccountType": "Tax"
        },
        {
          "Year": 2028,
          "Amount": -1217050.9168842403000000,
          "AccountType": "Exogenous"
        },
        {
          "Year": 2028,
          "Amount": 0.00000000000000,
          "AccountType": "Income"
        },
        {
          "Year": 2028,
          "Amount": 522265.506884240300000000,
          "AccountType": "Wealth"
        },
        {
          "Year": 2028,
          "Amount": 0.0,
          "AccountType": "Investment"
        },
        {
          "Year": 2028,
          "Amount": 550000.0,
          "AccountType": "OccupationalPension"
        },
        {
          "Year": 2028,
          "Amount": 55064.0,
          "AccountType": "ThirdPillar"
        },
        {
          "Year": 2028,
          "Amount": 89721.410000000000000000,
          "AccountType": "Tax"
        },
        {
          "Year": 2029,
          "Amount": -1245471.718053082703000000,
          "AccountType": "Exogenous"
        },
        {
          "Year": 2029,
          "Amount": 0.0000000000000000,
          "AccountType": "Income"
        },
        {
          "Year": 2029,
          "Amount": 529086.84749322841699789800000,
          "AccountType": "Wealth"
        },
        {
          "Year": 2029,
          "Amount": 0.0,
          "AccountType": "Investment"
        },
        {
          "Year": 2029,
          "Amount": 550000.0,
          "AccountType": "OccupationalPension"
        },
        {
          "Year": 2029,
          "Amount": 61947.0,
          "AccountType": "ThirdPillar"
        },
        {
          "Year": 2029,
          "Amount": 104437.87055985428600210200000,
          "AccountType": "Tax"
        },
        {
          "Year": 2030,
          "Amount": -1276217.37623361353003000000,
          "AccountType": "Exogenous"
        },
        {
          "Year": 2030,
          "Amount": 0.000000000000000000,
          "AccountType": "Income"
        },
        {
          "Year": 2030,
          "Amount": 537990.03707127555478390619827,
          "AccountType": "Wealth"
        },
        {
          "Year": 2030,
          "Amount": 0.0,
          "AccountType": "Investment"
        },
        {
          "Year": 2030,
          "Amount": 550000.0,
          "AccountType": "OccupationalPension"
        },
        {
          "Year": 2030,
          "Amount": 68830.0,
          "AccountType": "ThirdPillar"
        },
        {
          "Year": 2030,
          "Amount": 119397.33916233797524609380173,
          "AccountType": "Tax"
        },
        {
          "Year": 2031,
          "Amount": -1309356.0399959496653303000000,
          "AccountType": "Exogenous"
        },
        {
          "Year": 2031,
          "Amount": 0.00000000000000000000,
          "AccountType": "Income"
        },
        {
          "Year": 2031,
          "Amount": 554344.00487494906754045703418,
          "AccountType": "Wealth"
        },
        {
          "Year": 2031,
          "Amount": 0.0,
          "AccountType": "Investment"
        },
        {
          "Year": 2031,
          "Amount": 550000.0,
          "AccountType": "OccupationalPension"
        },
        {
          "Year": 2031,
          "Amount": 68830.0,
          "AccountType": "ThirdPillar"
        },
        {
          "Year": 2031,
          "Amount": 136182.03512100059778984296582,
          "AccountType": "Tax"
        },
        {
          "Year": 2032,
          "Amount": -1342826.0903959091619836030000,
          "AccountType": "Exogenous"
        },
        {
          "Year": 2032,
          "Amount": 0.0000000000000000000000,
          "AccountType": "Income"
        },
        {
          "Year": 2032,
          "Amount": 570744.46180909452818431866222,
          "AccountType": "Wealth"
        },
        {
          "Year": 2032,
          "Amount": 0.0,
          "AccountType": "Investment"
        },
        {
          "Year": 2032,
          "Amount": 550000.0,
          "AccountType": "OccupationalPension"
        },
        {
          "Year": 2032,
          "Amount": 68830.0,
          "AccountType": "ThirdPillar"
        },
        {
          "Year": 2032,
          "Amount": 153251.62858681463379928433778,
          "AccountType": "Tax"
        },
        {
          "Year": 2033,
          "Amount": -1376630.8412998682536034390300,
          "AccountType": "Exogenous"
        },
        {
          "Year": 2033,
          "Amount": 0.00000000000000000000000,
          "AccountType": "Income"
        },
        {
          "Year": 2033,
          "Amount": 587162.23071659699367374722501,
          "AccountType": "Wealth"
        },
        {
          "Year": 2033,
          "Amount": 0.0,
          "AccountType": "Investment"
        },
        {
          "Year": 2033,
          "Amount": 550000.0,
          "AccountType": "OccupationalPension"
        },
        {
          "Year": 2033,
          "Amount": 68830.0,
          "AccountType": "ThirdPillar"
        },
        {
          "Year": 2033,
          "Amount": 170638.61058327125992969180499,
          "AccountType": "Tax"
        },
        {
          "Year": 2034,
          "Amount": -806630.8412998682536034390300,
          "AccountType": "Exogenous"
        },
        {
          "Year": 2034,
          "Amount": 0.00000000000000000000000,
          "AccountType": "Income"
        },
        {
          "Year": 2034,
          "Amount": 623553.86591471619959747157704,
          "AccountType": "Wealth"
        },
        {
          "Year": 2034,
          "Amount": 0.0,
          "AccountType": "Investment"
        },
        {
          "Year": 2034,
          "Amount": 0.0,
          "AccountType": "OccupationalPension"
        },
        {
          "Year": 2034,
          "Amount": 0.0,
          "AccountType": "ThirdPillar"
        },
        {
          "Year": 2034,
          "Amount": 183076.97538515205400596745296,
          "AccountType": "Tax"
        }
      ],
      "Transactions": {
        "ExogenousAccount": {
          "Id": "d07f5033-3b54-4f0a-899c-973818412400",
          "Name": "Exogenous Account",
          "Transactions": [
            {
              "Description": "Simple cash-flow: outflow to Income Account",
              "ValutaDate": "2021-01-01T00:00:00",
              "Amount": -100000.0
            },
            {
              "Description": "Simple cash-flow: inflow from Wealth Account",
              "ValutaDate": "2021-01-01T00:00:00",
              "Amount": 16883.0
            },
            {
              "Description": "Simple cash-flow: outflow to Wealth Account",
              "ValutaDate": "2021-01-01T00:00:00",
              "Amount": -500000.0
            },
            {
              "Description": "Simple cash-flow: outflow to Occupational Pension Account",
              "ValutaDate": "2021-01-01T00:00:00",
              "Amount": -500000.0
            },
            {
              "Description": "Savings Quota: outflow to Wealth Account",
              "ValutaDate": "2022-01-01T00:00:00",
              "Amount": -24935.10
            },
            {
              "Description": "Clear income account: inflow from Income Account",
              "ValutaDate": "2022-01-01T00:00:00",
              "Amount": 83117.0
            },
            {
              "Description": "Simple cash-flow: outflow to Income Account",
              "ValutaDate": "2022-01-01T00:00:00",
              "Amount": -101000.00
            },
            {
              "Description": "Simple cash-flow: inflow from Wealth Account",
              "ValutaDate": "2022-01-01T00:00:00",
              "Amount": 16883.0
            },
            {
              "Description": "Savings Quota: outflow to Wealth Account",
              "ValutaDate": "2023-01-01T00:00:00",
              "Amount": -25235.1000
            },
            {
              "Description": "Clear income account: inflow from Income Account",
              "ValutaDate": "2023-01-01T00:00:00",
              "Amount": 84117.00
            },
            {
              "Description": "Simple cash-flow: outflow to Income Account",
              "ValutaDate": "2023-01-01T00:00:00",
              "Amount": -102010.0000
            },
            {
              "Description": "Simple cash-flow: inflow from Wealth Account",
              "ValutaDate": "2023-01-01T00:00:00",
              "Amount": 16883.0
            },
            {
              "Description": "Savings Quota: outflow to Wealth Account",
              "ValutaDate": "2024-01-01T00:00:00",
              "Amount": -25538.100000
            },
            {
              "Description": "Clear income account: inflow from Income Account",
              "ValutaDate": "2024-01-01T00:00:00",
              "Amount": 85127.0000
            },
            {
              "Description": "Simple cash-flow: outflow to Income Account",
              "ValutaDate": "2024-01-01T00:00:00",
              "Amount": -103030.100000
            },
            {
              "Description": "Simple cash-flow: inflow from Wealth Account",
              "ValutaDate": "2024-01-01T00:00:00",
              "Amount": 16883.0
            },
            {
              "Description": "Savings Quota: outflow to Wealth Account",
              "ValutaDate": "2025-01-01T00:00:00",
              "Amount": -25844.13000000
            },
            {
              "Description": "Clear income account: inflow from Income Account",
              "ValutaDate": "2025-01-01T00:00:00",
              "Amount": 86147.100000
            },
            {
              "Description": "Simple cash-flow: outflow to Income Account",
              "ValutaDate": "2025-01-01T00:00:00",
              "Amount": -104060.40100000
            },
            {
              "Description": "Simple cash-flow: inflow from Wealth Account",
              "ValutaDate": "2025-01-01T00:00:00",
              "Amount": 16883.0
            },
            {
              "Description": "Savings Quota: outflow to Wealth Account",
              "ValutaDate": "2026-01-01T00:00:00",
              "Amount": -26153.2203000000
            },
            {
              "Description": "Clear income account: inflow from Income Account",
              "ValutaDate": "2026-01-01T00:00:00",
              "Amount": 87177.40100000
            },
            {
              "Description": "Simple cash-flow: outflow to Income Account",
              "ValutaDate": "2026-01-01T00:00:00",
              "Amount": -105101.0050100000
            },
            {
              "Description": "Simple cash-flow: inflow from Wealth Account",
              "ValutaDate": "2026-01-01T00:00:00",
              "Amount": 6883.0
            },
            {
              "Description": "Savings Quota: outflow to Wealth Account",
              "ValutaDate": "2027-01-01T00:00:00",
              "Amount": -29465.401503000000
            },
            {
              "Description": "Clear income account: inflow from Income Account",
              "ValutaDate": "2027-01-01T00:00:00",
              "Amount": 98218.0050100000
            },
            {
              "Description": "Simple cash-flow: outflow to Income Account",
              "ValutaDate": "2027-01-01T00:00:00",
              "Amount": -106152.015060100000
            },
            {
              "Description": "Simple cash-flow: inflow from Wealth Account",
              "ValutaDate": "2027-01-01T00:00:00",
              "Amount": 6883.0
            },
            {
              "Description": "Savings Quota: outflow to Wealth Account",
              "ValutaDate": "2028-01-01T00:00:00",
              "Amount": -29780.70451803000000
            },
            {
              "Description": "Clear income account: inflow from Income Account",
              "ValutaDate": "2028-01-01T00:00:00",
              "Amount": 99269.015060100000
            },
            {
              "Description": "Simple cash-flow: outflow to Income Account",
              "ValutaDate": "2028-01-01T00:00:00",
              "Amount": -107213.53521070100000
            },
            {
              "Description": "Simple cash-flow: inflow from Wealth Account",
              "ValutaDate": "2028-01-01T00:00:00",
              "Amount": 6883.0
            },
            {
              "Description": "Savings Quota: outflow to Wealth Account",
              "ValutaDate": "2029-01-01T00:00:00",
              "Amount": -30099.1605632103000000
            },
            {
              "Description": "Clear income account: inflow from Income Account",
              "ValutaDate": "2029-01-01T00:00:00",
              "Amount": 100330.53521070100000
            },
            {
              "Description": "Simple cash-flow: outflow to Income Account",
              "ValutaDate": "2029-01-01T00:00:00",
              "Amount": -108285.6705628080100000
            },
            {
              "Description": "Simple cash-flow: inflow from Wealth Account",
              "ValutaDate": "2029-01-01T00:00:00",
              "Amount": 6883.0
            },
            {
              "Description": "Residence change costs: inflow from Wealth Account",
              "ValutaDate": "2029-07-01T00:00:00",
              "Amount": 2000.0
            },
            {
              "Description": "Savings Quota: outflow to Wealth Account",
              "ValutaDate": "2030-01-01T00:00:00",
              "Amount": -30420.801168842403000000
            },
            {
              "Description": "Clear income account: inflow from Income Account",
              "ValutaDate": "2030-01-01T00:00:00",
              "Amount": 101402.6705628080100000
            },
            {
              "Description": "Simple cash-flow: outflow to Income Account",
              "ValutaDate": "2030-01-01T00:00:00",
              "Amount": -109368.527268436090100000
            },
            {
              "Description": "Simple cash-flow: inflow from Wealth Account",
              "ValutaDate": "2030-01-01T00:00:00",
              "Amount": 6883.0
            },
            {
              "Description": "Savings Quota: outflow to Wealth Account",
              "ValutaDate": "2031-01-01T00:00:00",
              "Amount": -30745.65818053082703000000
            },
            {
              "Description": "Clear income account: inflow from Income Account",
              "ValutaDate": "2031-01-01T00:00:00",
              "Amount": 102485.527268436090100000
            },
            {
              "Description": "Simple cash-flow: outflow to Income Account",
              "ValutaDate": "2031-01-01T00:00:00",
              "Amount": -110462.21254112045100100000
            },
            {
              "Description": "Savings Quota: outflow to Wealth Account",
              "ValutaDate": "2032-01-01T00:00:00",
              "Amount": -33138.6637623361353003000000
            },
            {
              "Description": "Clear income account: inflow from Income Account",
              "ValutaDate": "2032-01-01T00:00:00",
              "Amount": 110462.21254112045100100000
            },
            {
              "Description": "Simple cash-flow: outflow to Income Account",
              "ValutaDate": "2032-01-01T00:00:00",
              "Amount": -111566.8346665316555110100000
            },
            {
              "Description": "Savings Quota: outflow to Wealth Account",
              "ValutaDate": "2033-01-01T00:00:00",
              "Amount": -33470.050399959496653303000000
            },
            {
              "Description": "Clear income account: inflow from Income Account",
              "ValutaDate": "2033-01-01T00:00:00",
              "Amount": 111566.8346665316555110100000
            },
            {
              "Description": "Simple cash-flow: outflow to Income Account",
              "ValutaDate": "2033-01-01T00:00:00",
              "Amount": -112682.50301319697206612010000
            },
            {
              "Description": "Savings Quota: outflow to Wealth Account",
              "ValutaDate": "2034-01-01T00:00:00",
              "Amount": -33804.750903959091619836030000
            },
            {
              "Description": "Clear income account: inflow from Income Account",
              "ValutaDate": "2034-01-01T00:00:00",
              "Amount": 112682.50301319697206612010000
            },
            {
              "Description": "Simple cash-flow: outflow to Income Account",
              "ValutaDate": "2034-01-01T00:00:00",
              "Amount": -25000.00
            },
            {
              "Description": "Simple cash-flow: outflow to Income Account",
              "ValutaDate": "2034-04-01T00:00:00",
              "Amount": -63400.0
            },
            {
              "Description": "Simple cash-flow: inflow from Wealth Account",
              "ValutaDate": "2034-04-01T00:00:00",
              "Amount": 20000.0
            },
            {
              "Description": "Simple cash-flow: inflow from Occupational Pension Account",
              "ValutaDate": "2034-04-01T00:00:00",
              "Amount": 550000.0
            },
            {
              "Description": "Clear income account: inflow from Income Account",
              "ValutaDate": "2035-01-01T00:00:00",
              "Amount": 88400.00000000000000000000000
            }
          ]
        },
        "IncomeAccount": {
          "Id": "e14b0208-8d6f-45d0-b2a6-3bf1f035ae62",
          "Name": "Income Account",
          "Transactions": [
            {
              "Description": "Simple cash-flow: inflow from Exogenous Account",
              "ValutaDate": "2021-01-01T00:00:00",
              "Amount": 100000.0
            },
            {
              "Description": "Simple cash-flow: outflow to Third Pillar Account",
              "ValutaDate": "2021-01-01T00:00:00",
              "Amount": -6883.0
            },
            {
              "Description": "Simple cash-flow: outflow to Occupational Pension Account",
              "ValutaDate": "2021-01-01T00:00:00",
              "Amount": -10000.0
            },
            {
              "Description": "Clear income account: outflow to Exogenous Account",
              "ValutaDate": "2022-01-01T00:00:00",
              "Amount": -83117.0
            },
            {
              "Description": "Simple cash-flow: inflow from Exogenous Account",
              "ValutaDate": "2022-01-01T00:00:00",
              "Amount": 101000.00
            },
            {
              "Description": "Simple cash-flow: outflow to Third Pillar Account",
              "ValutaDate": "2022-01-01T00:00:00",
              "Amount": -6883.0
            },
            {
              "Description": "Simple cash-flow: outflow to Occupational Pension Account",
              "ValutaDate": "2022-01-01T00:00:00",
              "Amount": -10000.0
            },
            {
              "Description": "Clear income account: outflow to Exogenous Account",
              "ValutaDate": "2023-01-01T00:00:00",
              "Amount": -84117.00
            },
            {
              "Description": "Simple cash-flow: inflow from Exogenous Account",
              "ValutaDate": "2023-01-01T00:00:00",
              "Amount": 102010.0000
            },
            {
              "Description": "Simple cash-flow: outflow to Third Pillar Account",
              "ValutaDate": "2023-01-01T00:00:00",
              "Amount": -6883.0
            },
            {
              "Description": "Simple cash-flow: outflow to Occupational Pension Account",
              "ValutaDate": "2023-01-01T00:00:00",
              "Amount": -10000.0
            },
            {
              "Description": "Clear income account: outflow to Exogenous Account",
              "ValutaDate": "2024-01-01T00:00:00",
              "Amount": -85127.0000
            },
            {
              "Description": "Simple cash-flow: inflow from Exogenous Account",
              "ValutaDate": "2024-01-01T00:00:00",
              "Amount": 103030.100000
            },
            {
              "Description": "Simple cash-flow: outflow to Third Pillar Account",
              "ValutaDate": "2024-01-01T00:00:00",
              "Amount": -6883.0
            },
            {
              "Description": "Simple cash-flow: outflow to Occupational Pension Account",
              "ValutaDate": "2024-01-01T00:00:00",
              "Amount": -10000.0
            },
            {
              "Description": "Clear income account: outflow to Exogenous Account",
              "ValutaDate": "2025-01-01T00:00:00",
              "Amount": -86147.100000
            },
            {
              "Description": "Simple cash-flow: inflow from Exogenous Account",
              "ValutaDate": "2025-01-01T00:00:00",
              "Amount": 104060.40100000
            },
            {
              "Description": "Simple cash-flow: outflow to Third Pillar Account",
              "ValutaDate": "2025-01-01T00:00:00",
              "Amount": -6883.0
            },
            {
              "Description": "Simple cash-flow: outflow to Occupational Pension Account",
              "ValutaDate": "2025-01-01T00:00:00",
              "Amount": -10000.0
            },
            {
              "Description": "Clear income account: outflow to Exogenous Account",
              "ValutaDate": "2026-01-01T00:00:00",
              "Amount": -87177.40100000
            },
            {
              "Description": "Simple cash-flow: inflow from Exogenous Account",
              "ValutaDate": "2026-01-01T00:00:00",
              "Amount": 105101.0050100000
            },
            {
              "Description": "Simple cash-flow: outflow to Third Pillar Account",
              "ValutaDate": "2026-01-01T00:00:00",
              "Amount": -6883.0
            },
            {
              "Description": "Clear income account: outflow to Exogenous Account",
              "ValutaDate": "2027-01-01T00:00:00",
              "Amount": -98218.0050100000
            },
            {
              "Description": "Simple cash-flow: inflow from Exogenous Account",
              "ValutaDate": "2027-01-01T00:00:00",
              "Amount": 106152.015060100000
            },
            {
              "Description": "Simple cash-flow: outflow to Third Pillar Account",
              "ValutaDate": "2027-01-01T00:00:00",
              "Amount": -6883.0
            },
            {
              "Description": "Clear income account: outflow to Exogenous Account",
              "ValutaDate": "2028-01-01T00:00:00",
              "Amount": -99269.015060100000
            },
            {
              "Description": "Simple cash-flow: inflow from Exogenous Account",
              "ValutaDate": "2028-01-01T00:00:00",
              "Amount": 107213.53521070100000
            },
            {
              "Description": "Simple cash-flow: outflow to Third Pillar Account",
              "ValutaDate": "2028-01-01T00:00:00",
              "Amount": -6883.0
            },
            {
              "Description": "Clear income account: outflow to Exogenous Account",
              "ValutaDate": "2029-01-01T00:00:00",
              "Amount": -100330.53521070100000
            },
            {
              "Description": "Simple cash-flow: inflow from Exogenous Account",
              "ValutaDate": "2029-01-01T00:00:00",
              "Amount": 108285.6705628080100000
            },
            {
              "Description": "Simple cash-flow: outflow to Third Pillar Account",
              "ValutaDate": "2029-01-01T00:00:00",
              "Amount": -6883.0
            },
            {
              "Description": "Clear income account: outflow to Exogenous Account",
              "ValutaDate": "2030-01-01T00:00:00",
              "Amount": -101402.6705628080100000
            },
            {
              "Description": "Simple cash-flow: inflow from Exogenous Account",
              "ValutaDate": "2030-01-01T00:00:00",
              "Amount": 109368.527268436090100000
            },
            {
              "Description": "Simple cash-flow: outflow to Third Pillar Account",
              "ValutaDate": "2030-01-01T00:00:00",
              "Amount": -6883.0
            },
            {
              "Description": "Clear income account: outflow to Exogenous Account",
              "ValutaDate": "2031-01-01T00:00:00",
              "Amount": -102485.527268436090100000
            },
            {
              "Description": "Simple cash-flow: inflow from Exogenous Account",
              "ValutaDate": "2031-01-01T00:00:00",
              "Amount": 110462.21254112045100100000
            },
            {
              "Description": "Clear income account: outflow to Exogenous Account",
              "ValutaDate": "2032-01-01T00:00:00",
              "Amount": -110462.21254112045100100000
            },
            {
              "Description": "Simple cash-flow: inflow from Exogenous Account",
              "ValutaDate": "2032-01-01T00:00:00",
              "Amount": 111566.8346665316555110100000
            },
            {
              "Description": "Clear income account: outflow to Exogenous Account",
              "ValutaDate": "2033-01-01T00:00:00",
              "Amount": -111566.8346665316555110100000
            },
            {
              "Description": "Simple cash-flow: inflow from Exogenous Account",
              "ValutaDate": "2033-01-01T00:00:00",
              "Amount": 112682.50301319697206612010000
            },
            {
              "Description": "Clear income account: outflow to Exogenous Account",
              "ValutaDate": "2034-01-01T00:00:00",
              "Amount": -112682.50301319697206612010000
            },
            {
              "Description": "Simple cash-flow: inflow from Exogenous Account",
              "ValutaDate": "2034-01-01T00:00:00",
              "Amount": 25000.00
            },
            {
              "Description": "Simple cash-flow: inflow from Exogenous Account",
              "ValutaDate": "2034-04-01T00:00:00",
              "Amount": 63400.0
            },
            {
              "Description": "Clear income account: outflow to Exogenous Account",
              "ValutaDate": "2035-01-01T00:00:00",
              "Amount": -88400.00000000000000000000000
            }
          ]
        },
        "WealthAccount": {
          "Id": "8867c095-72cb-4f52-87d6-48e378f1dd61",
          "Name": "Wealth Account",
          "Transactions": [
            {
              "Description": "Simple cash-flow: outflow to Exogenous Account",
              "ValutaDate": "2021-01-01T00:00:00",
              "Amount": -16883.0
            },
            {
              "Description": "Simple cash-flow: inflow from Exogenous Account",
              "ValutaDate": "2021-01-01T00:00:00",
              "Amount": 500000.0
            },
            {
              "Description": "Savings Quota: inflow from Exogenous Account",
              "ValutaDate": "2022-01-01T00:00:00",
              "Amount": 24935.10
            },
            {
              "Description": "Yearly Income and Wealth Tax: outflow to Tax Account",
              "ValutaDate": "2022-01-01T00:00:00",
              "Amount": -9701.8750
            },
            {
              "Description": "Simple cash-flow: outflow to Exogenous Account",
              "ValutaDate": "2022-01-01T00:00:00",
              "Amount": -16883.0
            },
            {
              "Description": "Savings Quota: inflow from Exogenous Account",
              "ValutaDate": "2023-01-01T00:00:00",
              "Amount": 25235.1000
            },
            {
              "Description": "Yearly Income and Wealth Tax: outflow to Tax Account",
              "ValutaDate": "2023-01-01T00:00:00",
              "Amount": -9890.795000
            },
            {
              "Description": "Simple cash-flow: outflow to Exogenous Account",
              "ValutaDate": "2023-01-01T00:00:00",
              "Amount": -16883.0
            },
            {
              "Description": "Savings Quota: inflow from Exogenous Account",
              "ValutaDate": "2024-01-01T00:00:00",
              "Amount": 25538.100000
            },
            {
              "Description": "Yearly Income and Wealth Tax: outflow to Tax Account",
              "ValutaDate": "2024-01-01T00:00:00",
              "Amount": -10081.90500000
            },
            {
              "Description": "Simple cash-flow: outflow to Exogenous Account",
              "ValutaDate": "2024-01-01T00:00:00",
              "Amount": -16883.0
            },
            {
              "Description": "Savings Quota: inflow from Exogenous Account",
              "ValutaDate": "2025-01-01T00:00:00",
              "Amount": 25844.13000000
            },
            {
              "Description": "Yearly Income and Wealth Tax: outflow to Tax Account",
              "ValutaDate": "2025-01-01T00:00:00",
              "Amount": -10273.0150000000
            },
            {
              "Description": "Simple cash-flow: outflow to Exogenous Account",
              "ValutaDate": "2025-01-01T00:00:00",
              "Amount": -16883.0
            },
            {
              "Description": "Savings Quota: inflow from Exogenous Account",
              "ValutaDate": "2026-01-01T00:00:00",
              "Amount": 26153.2203000000
            },
            {
              "Description": "Yearly Income and Wealth Tax: outflow to Tax Account",
              "ValutaDate": "2026-01-01T00:00:00",
              "Amount": -10464.125000000000
            },
            {
              "Description": "Simple cash-flow: outflow to Exogenous Account",
              "ValutaDate": "2026-01-01T00:00:00",
              "Amount": -6883.0
            },
            {
              "Description": "Savings Quota: inflow from Exogenous Account",
              "ValutaDate": "2027-01-01T00:00:00",
              "Amount": 29465.401503000000
            },
            {
              "Description": "Yearly Income and Wealth Tax: outflow to Tax Account",
              "ValutaDate": "2027-01-01T00:00:00",
              "Amount": -12848.62500000000000
            },
            {
              "Description": "Simple cash-flow: outflow to Exogenous Account",
              "ValutaDate": "2027-01-01T00:00:00",
              "Amount": -6883.0
            },
            {
              "Description": "Savings Quota: inflow from Exogenous Account",
              "ValutaDate": "2028-01-01T00:00:00",
              "Amount": 29780.70451803000000
            },
            {
              "Description": "Yearly Income and Wealth Tax: outflow to Tax Account",
              "ValutaDate": "2028-01-01T00:00:00",
              "Amount": -13095.7250000000000000
            },
            {
              "Description": "Simple cash-flow: outflow to Exogenous Account",
              "ValutaDate": "2028-01-01T00:00:00",
              "Amount": -6883.0
            },
            {
              "Description": "Savings Quota: inflow from Exogenous Account",
              "ValutaDate": "2029-01-01T00:00:00",
              "Amount": 30099.1605632103000000
            },
            {
              "Description": "Yearly Income and Wealth Tax: outflow to Tax Account",
              "ValutaDate": "2029-01-01T00:00:00",
              "Amount": -13365.345000000000000000
            },
            {
              "Description": "Simple cash-flow: outflow to Exogenous Account",
              "ValutaDate": "2029-01-01T00:00:00",
              "Amount": -6883.0
            },
            {
              "Description": "Residence change costs: outflow to Exogenous Account",
              "ValutaDate": "2029-07-01T00:00:00",
              "Amount": -2000.0
            },
            {
              "Description": "Savings Quota: inflow from Exogenous Account",
              "ValutaDate": "2030-01-01T00:00:00",
              "Amount": 30420.801168842403000000
            },
            {
              "Description": "Yearly Income and Wealth Tax: outflow to Tax Account",
              "ValutaDate": "2030-01-01T00:00:00",
              "Amount": -14716.460559854286002102000000
            },
            {
              "Description": "Simple cash-flow: outflow to Exogenous Account",
              "ValutaDate": "2030-01-01T00:00:00",
              "Amount": -6883.0
            },
            {
              "Description": "Savings Quota: inflow from Exogenous Account",
              "ValutaDate": "2031-01-01T00:00:00",
              "Amount": 30745.65818053082703000000
            },
            {
              "Description": "Yearly Income and Wealth Tax: outflow to Tax Account",
              "ValutaDate": "2031-01-01T00:00:00",
              "Amount": -14959.468602483689243991801732
            },
            {
              "Description": "Savings Quota: inflow from Exogenous Account",
              "ValutaDate": "2032-01-01T00:00:00",
              "Amount": 33138.6637623361353003000000
            },
            {
              "Description": "Yearly Income and Wealth Tax: outflow to Tax Account",
              "ValutaDate": "2032-01-01T00:00:00",
              "Amount": -16784.695958662622543749164085
            },
            {
              "Description": "Savings Quota: inflow from Exogenous Account",
              "ValutaDate": "2033-01-01T00:00:00",
              "Amount": 33470.050399959496653303000000
            },
            {
              "Description": "Yearly Income and Wealth Tax: outflow to Tax Account",
              "ValutaDate": "2033-01-01T00:00:00",
              "Amount": -17069.593465814036009441371958
            },
            {
              "Description": "Savings Quota: inflow from Exogenous Account",
              "ValutaDate": "2034-01-01T00:00:00",
              "Amount": 33804.750903959091619836030000
            },
            {
              "Description": "Yearly Income and Wealth Tax: outflow to Tax Account",
              "ValutaDate": "2034-01-01T00:00:00",
              "Amount": -17386.981996456626130407467213
            },
            {
              "Description": "Simple cash-flow: outflow to Exogenous Account",
              "ValutaDate": "2034-04-01T00:00:00",
              "Amount": -20000.0
            },
            {
              "Description": "Simple cash-flow: inflow from Third Pillar Account",
              "ValutaDate": "2034-04-01T00:00:00",
              "Amount": 68830.0
            },
            {
              "Description": "Tax payment: outflow to Tax Account",
              "ValutaDate": "2034-04-01T00:00:00",
              "Amount": -137.60
            },
            {
              "Description": "Yearly Income and Wealth Tax: outflow to Tax Account",
              "ValutaDate": "2035-01-01T00:00:00",
              "Amount": -12300.764801880794076275647971
            }
          ]
        },
        "InvestmentAccount": {
          "Id": "b159e878-a5ea-42f9-be95-fa65436bfb11",
          "Name": "Investment Account",
          "Transactions": []
        },
        "OccupationalPensionAccount": {
          "Id": "a6968f6a-a5d8-4ea5-a4d8-aa50b4c4c440",
          "Name": "Occupational Pension Account",
          "Transactions": [
            {
              "Description": "Simple cash-flow: inflow from Income Account",
              "ValutaDate": "2021-01-01T00:00:00",
              "Amount": 10000.0
            },
            {
              "Description": "Simple cash-flow: inflow from Exogenous Account",
              "ValutaDate": "2021-01-01T00:00:00",
              "Amount": 500000.0
            },
            {
              "Description": "Simple cash-flow: inflow from Income Account",
              "ValutaDate": "2022-01-01T00:00:00",
              "Amount": 10000.0
            },
            {
              "Description": "Simple cash-flow: inflow from Income Account",
              "ValutaDate": "2023-01-01T00:00:00",
              "Amount": 10000.0
            },
            {
              "Description": "Simple cash-flow: inflow from Income Account",
              "ValutaDate": "2024-01-01T00:00:00",
              "Amount": 10000.0
            },
            {
              "Description": "Simple cash-flow: inflow from Income Account",
              "ValutaDate": "2025-01-01T00:00:00",
              "Amount": 10000.0
            },
            {
              "Description": "Simple cash-flow: outflow to Exogenous Account",
              "ValutaDate": "2034-04-01T00:00:00",
              "Amount": -550000.0
            }
          ]
        },
        "ThirdPillarAccount": {
          "Id": "61e2f9d3-31db-45d2-ae9d-f6bcb7141306",
          "Name": "Third Pillar Account",
          "Transactions": [
            {
              "Description": "Simple cash-flow: inflow from Income Account",
              "ValutaDate": "2021-01-01T00:00:00",
              "Amount": 6883.0
            },
            {
              "Description": "Simple cash-flow: inflow from Income Account",
              "ValutaDate": "2022-01-01T00:00:00",
              "Amount": 6883.0
            },
            {
              "Description": "Simple cash-flow: inflow from Income Account",
              "ValutaDate": "2023-01-01T00:00:00",
              "Amount": 6883.0
            },
            {
              "Description": "Simple cash-flow: inflow from Income Account",
              "ValutaDate": "2024-01-01T00:00:00",
              "Amount": 6883.0
            },
            {
              "Description": "Simple cash-flow: inflow from Income Account",
              "ValutaDate": "2025-01-01T00:00:00",
              "Amount": 6883.0
            },
            {
              "Description": "Simple cash-flow: inflow from Income Account",
              "ValutaDate": "2026-01-01T00:00:00",
              "Amount": 6883.0
            },
            {
              "Description": "Simple cash-flow: inflow from Income Account",
              "ValutaDate": "2027-01-01T00:00:00",
              "Amount": 6883.0
            },
            {
              "Description": "Simple cash-flow: inflow from Income Account",
              "ValutaDate": "2028-01-01T00:00:00",
              "Amount": 6883.0
            },
            {
              "Description": "Simple cash-flow: inflow from Income Account",
              "ValutaDate": "2029-01-01T00:00:00",
              "Amount": 6883.0
            },
            {
              "Description": "Simple cash-flow: inflow from Income Account",
              "ValutaDate": "2030-01-01T00:00:00",
              "Amount": 6883.0
            },
            {
              "Description": "Simple cash-flow: outflow to Wealth Account",
              "ValutaDate": "2034-04-01T00:00:00",
              "Amount": -68830.0
            }
          ]
        },
        "TaxAccount": {
          "Id": "521ef61f-88f8-400f-a551-615043a73801",
          "Name": "Tax Account",
          "Transactions": [
            {
              "Description": "Yearly Income and Wealth Tax: inflow from Wealth Account",
              "ValutaDate": "2022-01-01T00:00:00",
              "Amount": 9701.8750
            },
            {
              "Description": "Yearly Income and Wealth Tax: inflow from Wealth Account",
              "ValutaDate": "2023-01-01T00:00:00",
              "Amount": 9890.795000
            },
            {
              "Description": "Yearly Income and Wealth Tax: inflow from Wealth Account",
              "ValutaDate": "2024-01-01T00:00:00",
              "Amount": 10081.90500000
            },
            {
              "Description": "Yearly Income and Wealth Tax: inflow from Wealth Account",
              "ValutaDate": "2025-01-01T00:00:00",
              "Amount": 10273.0150000000
            },
            {
              "Description": "Yearly Income and Wealth Tax: inflow from Wealth Account",
              "ValutaDate": "2026-01-01T00:00:00",
              "Amount": 10464.125000000000
            },
            {
              "Description": "Yearly Income and Wealth Tax: inflow from Wealth Account",
              "ValutaDate": "2027-01-01T00:00:00",
              "Amount": 12848.62500000000000
            },
            {
              "Description": "Yearly Income and Wealth Tax: inflow from Wealth Account",
              "ValutaDate": "2028-01-01T00:00:00",
              "Amount": 13095.7250000000000000
            },
            {
              "Description": "Yearly Income and Wealth Tax: inflow from Wealth Account",
              "ValutaDate": "2029-01-01T00:00:00",
              "Amount": 13365.345000000000000000
            },
            {
              "Description": "Yearly Income and Wealth Tax: inflow from Wealth Account",
              "ValutaDate": "2030-01-01T00:00:00",
              "Amount": 14716.460559854286002102000000
            },
            {
              "Description": "Yearly Income and Wealth Tax: inflow from Wealth Account",
              "ValutaDate": "2031-01-01T00:00:00",
              "Amount": 14959.468602483689243991801732
            },
            {
              "Description": "Yearly Income and Wealth Tax: inflow from Wealth Account",
              "ValutaDate": "2032-01-01T00:00:00",
              "Amount": 16784.695958662622543749164085
            },
            {
              "Description": "Yearly Income and Wealth Tax: inflow from Wealth Account",
              "ValutaDate": "2033-01-01T00:00:00",
              "Amount": 17069.593465814036009441371958
            },
            {
              "Description": "Yearly Income and Wealth Tax: inflow from Wealth Account",
              "ValutaDate": "2034-01-01T00:00:00",
              "Amount": 17386.981996456626130407467213
            },
            {
              "Description": "Tax payment: inflow from Wealth Account",
              "ValutaDate": "2034-04-01T00:00:00",
              "Amount": 137.60
            },
            {
              "Description": "Yearly Income and Wealth Tax: inflow from Wealth Account",
              "ValutaDate": "2035-01-01T00:00:00",
              "Amount": 12300.764801880794076275647971
            }
          ]
        }
      }
    },
    "Left": null
  }
]
