[
  {
    "State": "IsRight",
    "Right": {
      "StartingYear": 2022,
      "NumberOfPeriods": 11,
      "Accounts": [
        {
          "Year": 2022,
          "Amount": -6800.100,
          "AccountType": "Wealth"
        },
        {
          "Year": 2023,
          "Amount": -6784.77000,
          "AccountType": "Wealth"
        },
        {
          "Year": 2024,
          "Amount": -6769.4400000,
          "AccountType": "Wealth"
        },
        {
          "Year": 2025,
          "Amount": -6754.110000000,
          "AccountType": "Wealth"
        },
        {
          "Year": 2026,
          "Amount": -6738.78000000000,
          "AccountType": "Wealth"
        },
        {
          "Year": 2027,
          "Amount": -6731.11500000000000,
          "AccountType": "Wealth"
        },
        {
          "Year": 2028,
          "Amount": -6724.54500000000000000,
          "AccountType": "Wealth"
        },
        {
          "Year": 2029,
          "Amount": -6716.88000000000000000000,
          "AccountType": "Wealth"
        },
        {
          "Year": 2030,
          "Amount": -6709.21500000000000000000000,
          "AccountType": "Wealth"
        },
        {
          "Year": 2031,
          "Amount": -6702.64500000000000000000000,
          "AccountType": "Wealth"
        },
        {
          "Year": 2032,
          "Amount": 1497.7850000000000000000000,
          "AccountType": "Wealth"
        }
      ],
      "ExogenousAccount": null,
      "IncomeAccount": null,
      "WealthAccount": null,
      "OccupationalPensionAccount": null,
      "ThirdPillarAccount": null
    },
    "Left": null
  }
]
