[
  {
    "State": "IsRight",
    "Right": {
      "StartingYear": 2021,
      "NumberOfPeriods": 33,
      "Accounts": [
        {
          "Year": 2021,
          "Amount": -1032081.1850,
          "AccountType": "Exogenous"
        },
        {
          "Year": 2021,
          "Amount": 0.0,
          "AccountType": "Income"
        },
        {
          "Year": 2021,
          "Amount": 515198.1850,
          "AccountType": "Wealth"
        },
        {
          "Year": 2021,
          "Amount": 510000.0,
          "AccountType": "OccupationalPension"
        },
        {
          "Year": 2021,
          "Amount": 6883.0,
          "AccountType": "ThirdPillar"
        },
        {
          "Year": 2022,
          "Amount": -1064234.030000,
          "AccountType": "Exogenous"
        },
        {
          "Year": 2022,
          "Amount": 0.00,
          "AccountType": "Income"
        },
        {
          "Year": 2022,
          "Amount": 530468.030000,
          "AccountType": "Wealth"
        },
        {
          "Year": 2022,
          "Amount": 520000.0,
          "AccountType": "OccupationalPension"
        },
        {
          "Year": 2022,
          "Amount": 13766.0,
          "AccountType": "ThirdPillar"
        },
        {
          "Year": 2023,
          "Amount": -1096461.53500000,
          "AccountType": "Exogenous"
        },
        {
          "Year": 2023,
          "Amount": 0.0000,
          "AccountType": "Income"
        },
        {
          "Year": 2023,
          "Amount": 545812.53500000,
          "AccountType": "Wealth"
        },
        {
          "Year": 2023,
          "Amount": 530000.0,
          "AccountType": "OccupationalPension"
        },
        {
          "Year": 2023,
          "Amount": 20649.0,
          "AccountType": "ThirdPillar"
        },
        {
          "Year": 2024,
          "Amount": -1128768.9200000000,
          "AccountType": "Exogenous"
        },
        {
          "Year": 2024,
          "Amount": 0.000000,
          "AccountType": "Income"
        },
        {
          "Year": 2024,
          "Amount": 561236.9200000000,
          "AccountType": "Wealth"
        },
        {
          "Year": 2024,
          "Amount": 540000.0,
          "AccountType": "OccupationalPension"
        },
        {
          "Year": 2024,
          "Amount": 27532.0,
          "AccountType": "ThirdPillar"
        },
        {
          "Year": 2025,
          "Amount": -1161157.055300000000,
          "AccountType": "Exogenous"
        },
        {
          "Year": 2025,
          "Amount": 0.00000000,
          "AccountType": "Income"
        },
        {
          "Year": 2025,
          "Amount": 576742.055300000000,
          "AccountType": "Wealth"
        },
        {
          "Year": 2025,
          "Amount": 550000.0,
          "AccountType": "OccupationalPension"
        },
        {
          "Year": 2025,
          "Amount": 34415.0,
          "AccountType": "ThirdPillar"
        },
        {
          "Year": 2026,
          "Amount": -1184457.54180300000000,
          "AccountType": "Exogenous"
        },
        {
          "Year": 2026,
          "Amount": 0.0000000000,
          "AccountType": "Income"
        },
        {
          "Year": 2026,
          "Amount": 593159.54180300000000,
          "AccountType": "Wealth"
        },
        {
          "Year": 2026,
          "Amount": 550000.0,
          "AccountType": "OccupationalPension"
        },
        {
          "Year": 2026,
          "Amount": 41298.0,
          "AccountType": "ThirdPillar"
        },
        {
          "Year": 2027,
          "Amount": -1207813.0913210300000000,
          "AccountType": "Exogenous"
        },
        {
          "Year": 2027,
          "Amount": 0.000000000000,
          "AccountType": "Income"
        },
        {
          "Year": 2027,
          "Amount": 609632.0913210300000000,
          "AccountType": "Wealth"
        },
        {
          "Year": 2027,
          "Amount": 550000.0,
          "AccountType": "OccupationalPension"
        },
        {
          "Year": 2027,
          "Amount": 48181.0,
          "AccountType": "ThirdPillar"
        },
        {
          "Year": 2028,
          "Amount": -1231202.146884240300000000,
          "AccountType": "Exogenous"
        },
        {
          "Year": 2028,
          "Amount": 0.00000000000000,
          "AccountType": "Income"
        },
        {
          "Year": 2028,
          "Amount": 626138.146884240300000000,
          "AccountType": "Wealth"
        },
        {
          "Year": 2028,
          "Amount": 550000.0,
          "AccountType": "OccupationalPension"
        },
        {
          "Year": 2028,
          "Amount": 55064.0,
          "AccountType": "ThirdPillar"
        },
        {
          "Year": 2029,
          "Amount": -1251409.1526254684169978980000,
          "AccountType": "Exogenous"
        },
        {
          "Year": 2029,
          "Amount": 0.0000000000000000,
          "AccountType": "Income"
        },
        {
          "Year": 2029,
          "Amount": 639462.15262546841699789800000,
          "AccountType": "Wealth"
        },
        {
          "Year": 2029,
          "Amount": 550000.0,
          "AccountType": "OccupationalPension"
        },
        {
          "Year": 2029,
          "Amount": 61947.0,
          "AccountType": "ThirdPillar"
        },
        {
          "Year": 2030,
          "Amount": -1273675.6771836914426239061983,
          "AccountType": "Exogenous"
        },
        {
          "Year": 2030,
          "Amount": 0.000000000000000000,
          "AccountType": "Income"
        },
        {
          "Year": 2030,
          "Amount": 654845.67718369144262390619827,
          "AccountType": "Wealth"
        },
        {
          "Year": 2030,
          "Amount": 550000.0,
          "AccountType": "OccupationalPension"
        },
        {
          "Year": 2030,
          "Amount": 68830.0,
          "AccountType": "ThirdPillar"
        },
        {
          "Year": 2031,
          "Amount": -1271426.9371282426462099357044,
          "AccountType": "Exogenous"
        },
        {
          "Year": 2031,
          "Amount": 0.000000000000000000,
          "AccountType": "Income"
        },
        {
          "Year": 2031,
          "Amount": 652596.93712824264620993570438,
          "AccountType": "Wealth"
        },
        {
          "Year": 2031,
          "Amount": 550000.0,
          "AccountType": "OccupationalPension"
        },
        {
          "Year": 2031,
          "Amount": 68830.0,
          "AccountType": "ThirdPillar"
        },
        {
          "Year": 2032,
          "Amount": -1269185.9192461442609628507852,
          "AccountType": "Exogenous"
        },
        {
          "Year": 2032,
          "Amount": 0.000000000000000000,
          "AccountType": "Income"
        },
        {
          "Year": 2032,
          "Amount": 650355.91924614426096285078517,
          "AccountType": "Wealth"
        },
        {
          "Year": 2032,
          "Amount": 550000.0,
          "AccountType": "OccupationalPension"
        },
        {
          "Year": 2032,
          "Amount": 68830.0,
          "AccountType": "ThirdPillar"
        },
        {
          "Year": 2033,
          "Amount": -1266952.5970194530015707043556,
          "AccountType": "Exogenous"
        },
        {
          "Year": 2033,
          "Amount": 0.000000000000000000,
          "AccountType": "Income"
        },
        {
          "Year": 2033,
          "Amount": 648122.59701945300157070435557,
          "AccountType": "Wealth"
        },
        {
          "Year": 2033,
          "Amount": 550000.0,
          "AccountType": "OccupationalPension"
        },
        {
          "Year": 2033,
          "Amount": 68830.0,
          "AccountType": "ThirdPillar"
        },
        {
          "Year": 2034,
          "Amount": -1171341.6320212881999633105568,
          "AccountType": "Exogenous"
        },
        {
          "Year": 2034,
          "Amount": 0.000000000000000000,
          "AccountType": "Income"
        },
        {
          "Year": 2034,
          "Amount": 688511.63202128819996331055681,
          "AccountType": "Wealth"
        },
        {
          "Year": 2034,
          "Amount": 482000.0,
          "AccountType": "OccupationalPension"
        },
        {
          "Year": 2034,
          "Amount": 830.0,
          "AccountType": "ThirdPillar"
        },
        {
          "Year": 2035,
          "Amount": -1143825.4830769270962846365483,
          "AccountType": "Exogenous"
        },
        {
          "Year": 2035,
          "Amount": 0.000000000000000000,
          "AccountType": "Income"
        },
        {
          "Year": 2035,
          "Amount": 660995.48307692709628463654836,
          "AccountType": "Wealth"
        },
        {
          "Year": 2035,
          "Amount": 482000.0,
          "AccountType": "OccupationalPension"
        },
        {
          "Year": 2035,
          "Amount": 830.0,
          "AccountType": "ThirdPillar"
        },
        {
          "Year": 2036,
          "Amount": -1116403.8245880409286359951064,
          "AccountType": "Exogenous"
        },
        {
          "Year": 2036,
          "Amount": 0.000000000000000000,
          "AccountType": "Income"
        },
        {
          "Year": 2036,
          "Amount": 633573.82458804092863599510645,
          "AccountType": "Wealth"
        },
        {
          "Year": 2036,
          "Amount": 482000.0,
          "AccountType": "OccupationalPension"
        },
        {
          "Year": 2036,
          "Amount": 830.0,
          "AccountType": "ThirdPillar"
        },
        {
          "Year": 2037,
          "Amount": -1089076.3320744055960870590992,
          "AccountType": "Exogenous"
        },
        {
          "Year": 2037,
          "Amount": 0.000000000000000000,
          "AccountType": "Income"
        },
        {
          "Year": 2037,
          "Amount": 606246.33207440559608705909925,
          "AccountType": "Wealth"
        },
        {
          "Year": 2037,
          "Amount": 482000.0,
          "AccountType": "OccupationalPension"
        },
        {
          "Year": 2037,
          "Amount": 830.0,
          "AccountType": "ThirdPillar"
        },
        {
          "Year": 2038,
          "Amount": -1061842.6821700620872700961383,
          "AccountType": "Exogenous"
        },
        {
          "Year": 2038,
          "Amount": 0.000000000000000000,
          "AccountType": "Income"
        },
        {
          "Year": 2038,
          "Amount": 579012.68217006208727009613830,
          "AccountType": "Wealth"
        },
        {
          "Year": 2038,
          "Amount": 482000.0,
          "AccountType": "OccupationalPension"
        },
        {
          "Year": 2038,
          "Amount": 830.0,
          "AccountType": "ThirdPillar"
        },
        {
          "Year": 2039,
          "Amount": -1034702.5526194900940624106282,
          "AccountType": "Exogenous"
        },
        {
          "Year": 2039,
          "Amount": 0.000000000000000000,
          "AccountType": "Income"
        },
        {
          "Year": 2039,
          "Amount": 551872.55261949009406241062816,
          "AccountType": "Wealth"
        },
        {
          "Year": 2039,
          "Amount": 482000.0,
          "AccountType": "OccupationalPension"
        },
        {
          "Year": 2039,
          "Amount": 830.0,
          "AccountType": "ThirdPillar"
        },
        {
          "Year": 2040,
          "Amount": -1007655.6222737947650794003101,
          "AccountType": "Exogenous"
        },
        {
          "Year": 2040,
          "Amount": 0.000000000000000000,
          "AccountType": "Income"
        },
        {
          "Year": 2040,
          "Amount": 524825.62227379476507940031006,
          "AccountType": "Wealth"
        },
        {
          "Year": 2040,
          "Amount": 482000.0,
          "AccountType": "OccupationalPension"
        },
        {
          "Year": 2040,
          "Amount": 830.0,
          "AccountType": "ThirdPillar"
        },
        {
          "Year": 2041,
          "Amount": -980701.5710869065538561176494,
          "AccountType": "Exogenous"
        },
        {
          "Year": 2041,
          "Amount": 0.000000000000000000,
          "AccountType": "Income"
        },
        {
          "Year": 2041,
          "Amount": 497871.57108690655385611764940,
          "AccountType": "Wealth"
        },
        {
          "Year": 2041,
          "Amount": 482000.0,
          "AccountType": "OccupationalPension"
        },
        {
          "Year": 2041,
          "Amount": 830.0,
          "AccountType": "ThirdPillar"
        },
        {
          "Year": 2042,
          "Amount": -953840.0801117941167501757414,
          "AccountType": "Exogenous"
        },
        {
          "Year": 2042,
          "Amount": 0.000000000000000000,
          "AccountType": "Income"
        },
        {
          "Year": 2042,
          "Amount": 471010.08011179411675017574139,
          "AccountType": "Wealth"
        },
        {
          "Year": 2042,
          "Amount": 482000.0,
          "AccountType": "OccupationalPension"
        },
        {
          "Year": 2042,
          "Amount": 830.0,
          "AccountType": "ThirdPillar"
        },
        {
          "Year": 2043,
          "Amount": -927070.8314966902157532556379,
          "AccountType": "Exogenous"
        },
        {
          "Year": 2043,
          "Amount": 0.000000000000000000,
          "AccountType": "Income"
        },
        {
          "Year": 2043,
          "Amount": 444240.83149669021575325563789,
          "AccountType": "Wealth"
        },
        {
          "Year": 2043,
          "Amount": 482000.0,
          "AccountType": "OccupationalPension"
        },
        {
          "Year": 2043,
          "Amount": 830.0,
          "AccountType": "ThirdPillar"
        },
        {
          "Year": 2044,
          "Amount": -900393.5084813305815523589580,
          "AccountType": "Exogenous"
        },
        {
          "Year": 2044,
          "Amount": 0.000000000000000000,
          "AccountType": "Income"
        },
        {
          "Year": 2044,
          "Amount": 417563.50848133058155235895803,
          "AccountType": "Wealth"
        },
        {
          "Year": 2044,
          "Amount": 482000.0,
          "AccountType": "OccupationalPension"
        },
        {
          "Year": 2044,
          "Amount": 830.0,
          "AccountType": "ThirdPillar"
        },
        {
          "Year": 2045,
          "Amount": -873807.7953932056923353081573,
          "AccountType": "Exogenous"
        },
        {
          "Year": 2045,
          "Amount": 0.000000000000000000,
          "AccountType": "Income"
        },
        {
          "Year": 2045,
          "Amount": 390977.79539320569233530815737,
          "AccountType": "Wealth"
        },
        {
          "Year": 2045,
          "Amount": 482000.0,
          "AccountType": "OccupationalPension"
        },
        {
          "Year": 2045,
          "Amount": 830.0,
          "AccountType": "ThirdPillar"
        },
        {
          "Year": 2046,
          "Amount": -847313.3776438254239878287091,
          "AccountType": "Exogenous"
        },
        {
          "Year": 2046,
          "Amount": 0.000000000000000000,
          "AccountType": "Income"
        },
        {
          "Year": 2046,
          "Amount": 364483.37764382542398782870916,
          "AccountType": "Wealth"
        },
        {
          "Year": 2046,
          "Amount": 482000.0,
          "AccountType": "OccupationalPension"
        },
        {
          "Year": 2046,
          "Amount": 830.0,
          "AccountType": "ThirdPillar"
        },
        {
          "Year": 2047,
          "Amount": -820909.9417249965274818545053,
          "AccountType": "Exogenous"
        },
        {
          "Year": 2047,
          "Amount": 0.000000000000000000,
          "AccountType": "Income"
        },
        {
          "Year": 2047,
          "Amount": 338079.94172499652748185450537,
          "AccountType": "Wealth"
        },
        {
          "Year": 2047,
          "Amount": 482000.0,
          "AccountType": "OccupationalPension"
        },
        {
          "Year": 2047,
          "Amount": 830.0,
          "AccountType": "ThirdPillar"
        },
        {
          "Year": 2048,
          "Amount": -794597.1752051128894064818169,
          "AccountType": "Exogenous"
        },
        {
          "Year": 2048,
          "Amount": 0.000000000000000000,
          "AccountType": "Income"
        },
        {
          "Year": 2048,
          "Amount": 311767.17520511288940648181700,
          "AccountType": "Wealth"
        },
        {
          "Year": 2048,
          "Amount": 482000.0,
          "AccountType": "OccupationalPension"
        },
        {
          "Year": 2048,
          "Amount": 830.0,
          "AccountType": "ThirdPillar"
        },
        {
          "Year": 2049,
          "Amount": -768374.7667254585317442599583,
          "AccountType": "Exogenous"
        },
        {
          "Year": 2049,
          "Amount": 0.000000000000000000,
          "AccountType": "Income"
        },
        {
          "Year": 2049,
          "Amount": 285544.76672545853174425995844,
          "AccountType": "Wealth"
        },
        {
          "Year": 2049,
          "Amount": 482000.0,
          "AccountType": "OccupationalPension"
        },
        {
          "Year": 2049,
          "Amount": 830.0,
          "AccountType": "ThirdPillar"
        },
        {
          "Year": 2050,
          "Amount": -742242.4059965233071462501696,
          "AccountType": "Exogenous"
        },
        {
          "Year": 2050,
          "Amount": 0.000000000000000000,
          "AccountType": "Income"
        },
        {
          "Year": 2050,
          "Amount": 259412.40599652330714625016974,
          "AccountType": "Wealth"
        },
        {
          "Year": 2050,
          "Amount": 482000.0,
          "AccountType": "OccupationalPension"
        },
        {
          "Year": 2050,
          "Amount": 830.0,
          "AccountType": "ThirdPillar"
        },
        {
          "Year": 2051,
          "Amount": -716199.78379433124610950994652,
          "AccountType": "Exogenous"
        },
        {
          "Year": 2051,
          "Amount": 0.000000000000000000,
          "AccountType": "Income"
        },
        {
          "Year": 2051,
          "Amount": 233369.78379433124610950994666,
          "AccountType": "Wealth"
        },
        {
          "Year": 2051,
          "Amount": 482000.0,
          "AccountType": "OccupationalPension"
        },
        {
          "Year": 2051,
          "Amount": 830.0,
          "AccountType": "ThirdPillar"
        },
        {
          "Year": 2052,
          "Amount": -690246.59195678151261036988936,
          "AccountType": "Exogenous"
        },
        {
          "Year": 2052,
          "Amount": 0.000000000000000000,
          "AccountType": "Income"
        },
        {
          "Year": 2052,
          "Amount": 207416.59195678151261036988950,
          "AccountType": "Wealth"
        },
        {
          "Year": 2052,
          "Amount": 482000.0,
          "AccountType": "OccupationalPension"
        },
        {
          "Year": 2052,
          "Amount": 830.0,
          "AccountType": "ThirdPillar"
        },
        {
          "Year": 2053,
          "Amount": -664382.52338000192489606587916,
          "AccountType": "Exogenous"
        },
        {
          "Year": 2053,
          "Amount": 0.000000000000000000,
          "AccountType": "Income"
        },
        {
          "Year": 2053,
          "Amount": 181552.52338000192489606587930,
          "AccountType": "Wealth"
        },
        {
          "Year": 2053,
          "Amount": 482000.0,
          "AccountType": "OccupationalPension"
        },
        {
          "Year": 2053,
          "Amount": 830.0,
          "AccountType": "ThirdPillar"
        }
      ],
      "ExogenousAccount": {
        "Id": "d1447350-d3f8-49fb-8895-1932a2df1415",
        "Name": "Exogenous Account",
        "Balance": -664382.52338000192489606587916,
        "InterestRate": 0.0,
        "Transactions": [
          {
            "Description": "Simple cash-flow: outflow to Income Account",
            "ValutaDate": "2021-01-01T00:00:00",
            "Amount": -100000.0
          },
          {
            "Description": "Simple cash-flow: outflow to Wealth Account",
            "ValutaDate": "2021-01-01T00:00:00",
            "Amount": -500000.0
          },
          {
            "Description": "Simple cash-flow: outflow to Occupational Pension Account",
            "ValutaDate": "2021-01-01T00:00:00",
            "Amount": -500000.0
          },
          {
            "Description": "Savings Quota: outflow to Wealth Account",
            "ValutaDate": "2022-01-01T00:00:00",
            "Amount": -24935.10
          },
          {
            "Description": "Yearly Income and Wealth Tax: inflow from Wealth Account",
            "ValutaDate": "2022-01-01T00:00:00",
            "Amount": 9736.9150
          },
          {
            "Description": "Clear income account: inflow from Income Account",
            "ValutaDate": "2022-01-01T00:00:00",
            "Amount": 83117.0
          },
          {
            "Description": "Simple cash-flow: outflow to Income Account",
            "ValutaDate": "2022-01-01T00:00:00",
            "Amount": -101000.00
          },
          {
            "Description": "Savings Quota: outflow to Wealth Account",
            "ValutaDate": "2023-01-01T00:00:00",
            "Amount": -25235.1000
          },
          {
            "Description": "Yearly Income and Wealth Tax: inflow from Wealth Account",
            "ValutaDate": "2023-01-01T00:00:00",
            "Amount": 9965.255000
          },
          {
            "Description": "Clear income account: inflow from Income Account",
            "ValutaDate": "2023-01-01T00:00:00",
            "Amount": 84117.00
          },
          {
            "Description": "Simple cash-flow: outflow to Income Account",
            "ValutaDate": "2023-01-01T00:00:00",
            "Amount": -102010.0000
          },
          {
            "Description": "Savings Quota: outflow to Wealth Account",
            "ValutaDate": "2024-01-01T00:00:00",
            "Amount": -25538.100000
          },
          {
            "Description": "Yearly Income and Wealth Tax: inflow from Wealth Account",
            "ValutaDate": "2024-01-01T00:00:00",
            "Amount": 10193.59500000
          },
          {
            "Description": "Clear income account: inflow from Income Account",
            "ValutaDate": "2024-01-01T00:00:00",
            "Amount": 85127.0000
          },
          {
            "Description": "Simple cash-flow: outflow to Income Account",
            "ValutaDate": "2024-01-01T00:00:00",
            "Amount": -103030.100000
          },
          {
            "Description": "Savings Quota: outflow to Wealth Account",
            "ValutaDate": "2025-01-01T00:00:00",
            "Amount": -25844.13000000
          },
          {
            "Description": "Yearly Income and Wealth Tax: inflow from Wealth Account",
            "ValutaDate": "2025-01-01T00:00:00",
            "Amount": 10419.7450000000
          },
          {
            "Description": "Clear income account: inflow from Income Account",
            "ValutaDate": "2025-01-01T00:00:00",
            "Amount": 86147.100000
          },
          {
            "Description": "Simple cash-flow: outflow to Income Account",
            "ValutaDate": "2025-01-01T00:00:00",
            "Amount": -104060.40100000
          },
          {
            "Description": "Savings Quota: outflow to Wealth Account",
            "ValutaDate": "2026-01-01T00:00:00",
            "Amount": -26153.2203000000
          },
          {
            "Description": "Yearly Income and Wealth Tax: inflow from Wealth Account",
            "ValutaDate": "2026-01-01T00:00:00",
            "Amount": 10648.085000000000
          },
          {
            "Description": "Clear income account: inflow from Income Account",
            "ValutaDate": "2026-01-01T00:00:00",
            "Amount": 87177.40100000
          },
          {
            "Description": "Simple cash-flow: outflow to Income Account",
            "ValutaDate": "2026-01-01T00:00:00",
            "Amount": -105101.0050100000
          },
          {
            "Description": "Savings Quota: outflow to Wealth Account",
            "ValutaDate": "2027-01-01T00:00:00",
            "Amount": -29465.401503000000
          },
          {
            "Description": "Yearly Income and Wealth Tax: inflow from Wealth Account",
            "ValutaDate": "2027-01-01T00:00:00",
            "Amount": 13047.91500000000000
          },
          {
            "Description": "Clear income account: inflow from Income Account",
            "ValutaDate": "2027-01-01T00:00:00",
            "Amount": 98218.0050100000
          },
          {
            "Description": "Simple cash-flow: outflow to Income Account",
            "ValutaDate": "2027-01-01T00:00:00",
            "Amount": -106152.015060100000
          },
          {
            "Description": "Savings Quota: outflow to Wealth Account",
            "ValutaDate": "2028-01-01T00:00:00",
            "Amount": -29780.70451803000000
          },
          {
            "Description": "Yearly Income and Wealth Tax: inflow from Wealth Account",
            "ValutaDate": "2028-01-01T00:00:00",
            "Amount": 13308.1550000000000000
          },
          {
            "Description": "Clear income account: inflow from Income Account",
            "ValutaDate": "2028-01-01T00:00:00",
            "Amount": 99269.015060100000
          },
          {
            "Description": "Simple cash-flow: outflow to Income Account",
            "ValutaDate": "2028-01-01T00:00:00",
            "Amount": -107213.53521070100000
          },
          {
            "Description": "Savings Quota: outflow to Wealth Account",
            "ValutaDate": "2029-01-01T00:00:00",
            "Amount": -30099.1605632103000000
          },
          {
            "Description": "Yearly Income and Wealth Tax: inflow from Wealth Account",
            "ValutaDate": "2029-01-01T00:00:00",
            "Amount": 13593.105000000000000000
          },
          {
            "Description": "Clear income account: inflow from Income Account",
            "ValutaDate": "2029-01-01T00:00:00",
            "Amount": 100330.53521070100000
          },
          {
            "Description": "Simple cash-flow: outflow to Income Account",
            "ValutaDate": "2029-01-01T00:00:00",
            "Amount": -108285.6705628080100000
          },
          {
            "Description": "Residence change costs: inflow from Wealth Account",
            "ValutaDate": "2029-07-01T00:00:00",
            "Amount": 2000.0
          },
          {
            "Description": "Savings Quota: outflow to Wealth Account",
            "ValutaDate": "2030-01-01T00:00:00",
            "Amount": -30420.801168842403000000
          },
          {
            "Description": "Yearly Income and Wealth Tax: inflow from Wealth Account",
            "ValutaDate": "2030-01-01T00:00:00",
            "Amount": 15096.795427614286002102000000
          },
          {
            "Description": "Clear income account: inflow from Income Account",
            "ValutaDate": "2030-01-01T00:00:00",
            "Amount": 101402.6705628080100000
          },
          {
            "Description": "Simple cash-flow: outflow to Income Account",
            "ValutaDate": "2030-01-01T00:00:00",
            "Amount": -109368.527268436090100000
          },
          {
            "Description": "Savings Quota: outflow to Wealth Account",
            "ValutaDate": "2031-01-01T00:00:00",
            "Amount": -30745.65818053082703000000
          },
          {
            "Description": "Yearly Income and Wealth Tax: inflow from Wealth Account",
            "ValutaDate": "2031-01-01T00:00:00",
            "Amount": 15362.133622307801403991801732
          },
          {
            "Description": "Clear income account: inflow from Income Account",
            "ValutaDate": "2031-01-01T00:00:00",
            "Amount": 102485.527268436090100000
          },
          {
            "Description": "Yearly Income and Wealth Tax: inflow from Wealth Account",
            "ValutaDate": "2032-01-01T00:00:00",
            "Amount": 2248.7400554487964139704938850
          },
          {
            "Description": "Yearly Income and Wealth Tax: inflow from Wealth Account",
            "ValutaDate": "2033-01-01T00:00:00",
            "Amount": 2241.0178820983852470849192087
          },
          {
            "Description": "Yearly Income and Wealth Tax: inflow from Wealth Account",
            "ValutaDate": "2034-01-01T00:00:00",
            "Amount": 2233.3222266912593921464295963
          },
          {
            "Description": "Simple cash-flow: outflow to Income Account",
            "ValutaDate": "2034-01-01T00:00:00",
            "Amount": -63400.0
          },
          {
            "Description": "Simple cash-flow: inflow from Wealth Account",
            "ValutaDate": "2034-01-01T00:00:00",
            "Amount": 20000.0
          },
          {
            "Description": "Simple cash-flow: inflow from Occupational Pension Account",
            "ValutaDate": "2034-04-01T00:00:00",
            "Amount": 68000.0
          },
          {
            "Description": "Yearly Income and Wealth Tax: inflow from Wealth Account",
            "ValutaDate": "2035-01-01T00:00:00",
            "Amount": 7610.9649981648016073937987571
          },
          {
            "Description": "Clear income account: inflow from Income Account",
            "ValutaDate": "2035-01-01T00:00:00",
            "Amount": 63400.000000000000000000
          },
          {
            "Description": "Simple cash-flow: outflow to Income Account",
            "ValutaDate": "2035-01-01T00:00:00",
            "Amount": -63400.0
          },
          {
            "Description": "Simple cash-flow: inflow from Wealth Account",
            "ValutaDate": "2035-01-01T00:00:00",
            "Amount": 20000.0
          },
          {
            "Description": "Yearly Income and Wealth Tax: inflow from Wealth Account",
            "ValutaDate": "2036-01-01T00:00:00",
            "Amount": 7516.1489443611036786740084521
          },
          {
            "Description": "Clear income account: inflow from Income Account",
            "ValutaDate": "2036-01-01T00:00:00",
            "Amount": 63400.000000000000000000
          },
          {
            "Description": "Simple cash-flow: outflow to Income Account",
            "ValutaDate": "2036-01-01T00:00:00",
            "Amount": -63400.0
          },
          {
            "Description": "Simple cash-flow: inflow from Wealth Account",
            "ValutaDate": "2036-01-01T00:00:00",
            "Amount": 20000.0
          },
          {
            "Description": "Yearly Income and Wealth Tax: inflow from Wealth Account",
            "ValutaDate": "2037-01-01T00:00:00",
            "Amount": 7421.6584888861676486414419070
          },
          {
            "Description": "Clear income account: inflow from Income Account",
            "ValutaDate": "2037-01-01T00:00:00",
            "Amount": 63400.000000000000000000
          },
          {
            "Description": "Simple cash-flow: outflow to Income Account",
            "ValutaDate": "2037-01-01T00:00:00",
            "Amount": -63400.0
          },
          {
            "Description": "Simple cash-flow: inflow from Wealth Account",
            "ValutaDate": "2037-01-01T00:00:00",
            "Amount": 20000.0
          },
          {
            "Description": "Yearly Income and Wealth Tax: inflow from Wealth Account",
            "ValutaDate": "2038-01-01T00:00:00",
            "Amount": 7327.4925136353325489360071957
          },
          {
            "Description": "Clear income account: inflow from Income Account",
            "ValutaDate": "2038-01-01T00:00:00",
            "Amount": 63400.000000000000000000
          },
          {
            "Description": "Simple cash-flow: outflow to Income Account",
            "ValutaDate": "2038-01-01T00:00:00",
            "Amount": -63400.0
          },
          {
            "Description": "Simple cash-flow: inflow from Wealth Account",
            "ValutaDate": "2038-01-01T00:00:00",
            "Amount": 20000.0
          },
          {
            "Description": "Yearly Income and Wealth Tax: inflow from Wealth Account",
            "ValutaDate": "2039-01-01T00:00:00",
            "Amount": 7233.6499043435088169629609468
          },
          {
            "Description": "Clear income account: inflow from Income Account",
            "ValutaDate": "2039-01-01T00:00:00",
            "Amount": 63400.000000000000000000
          },
          {
            "Description": "Simple cash-flow: outflow to Income Account",
            "ValutaDate": "2039-01-01T00:00:00",
            "Amount": -63400.0
          },
          {
            "Description": "Simple cash-flow: inflow from Wealth Account",
            "ValutaDate": "2039-01-01T00:00:00",
            "Amount": 20000.0
          },
          {
            "Description": "Yearly Income and Wealth Tax: inflow from Wealth Account",
            "ValutaDate": "2040-01-01T00:00:00",
            "Amount": 7140.1295505719932076855101389
          },
          {
            "Description": "Clear income account: inflow from Income Account",
            "ValutaDate": "2040-01-01T00:00:00",
            "Amount": 63400.000000000000000000
          },
          {
            "Description": "Simple cash-flow: outflow to Income Account",
            "ValutaDate": "2040-01-01T00:00:00",
            "Amount": -63400.0
          },
          {
            "Description": "Simple cash-flow: inflow from Wealth Account",
            "ValutaDate": "2040-01-01T00:00:00",
            "Amount": 20000.0
          },
          {
            "Description": "Yearly Income and Wealth Tax: inflow from Wealth Account",
            "ValutaDate": "2041-01-01T00:00:00",
            "Amount": 7046.9303456953289830103180972
          },
          {
            "Description": "Clear income account: inflow from Income Account",
            "ValutaDate": "2041-01-01T00:00:00",
            "Amount": 63400.000000000000000000
          },
          {
            "Description": "Simple cash-flow: outflow to Income Account",
            "ValutaDate": "2041-01-01T00:00:00",
            "Amount": -63400.0
          },
          {
            "Description": "Simple cash-flow: inflow from Wealth Account",
            "ValutaDate": "2041-01-01T00:00:00",
            "Amount": 20000.0
          },
          {
            "Description": "Yearly Income and Wealth Tax: inflow from Wealth Account",
            "ValutaDate": "2042-01-01T00:00:00",
            "Amount": 6954.0511868882112232826606648
          },
          {
            "Description": "Clear income account: inflow from Income Account",
            "ValutaDate": "2042-01-01T00:00:00",
            "Amount": 63400.000000000000000000
          },
          {
            "Description": "Simple cash-flow: outflow to Income Account",
            "ValutaDate": "2042-01-01T00:00:00",
            "Amount": -63400.0
          },
          {
            "Description": "Simple cash-flow: inflow from Wealth Account",
            "ValutaDate": "2042-01-01T00:00:00",
            "Amount": 20000.0
          },
          {
            "Description": "Yearly Income and Wealth Tax: inflow from Wealth Account",
            "ValutaDate": "2043-01-01T00:00:00",
            "Amount": 6861.4909751124371059419080081
          },
          {
            "Description": "Clear income account: inflow from Income Account",
            "ValutaDate": "2043-01-01T00:00:00",
            "Amount": 63400.000000000000000000
          },
          {
            "Description": "Simple cash-flow: outflow to Income Account",
            "ValutaDate": "2043-01-01T00:00:00",
            "Amount": -63400.0
          },
          {
            "Description": "Simple cash-flow: inflow from Wealth Account",
            "ValutaDate": "2043-01-01T00:00:00",
            "Amount": 20000.0
          },
          {
            "Description": "Yearly Income and Wealth Tax: inflow from Wealth Account",
            "ValutaDate": "2044-01-01T00:00:00",
            "Amount": 6769.2486151039009969201034960
          },
          {
            "Description": "Clear income account: inflow from Income Account",
            "ValutaDate": "2044-01-01T00:00:00",
            "Amount": 63400.000000000000000000
          },
          {
            "Description": "Simple cash-flow: outflow to Income Account",
            "ValutaDate": "2044-01-01T00:00:00",
            "Amount": -63400.0
          },
          {
            "Description": "Simple cash-flow: inflow from Wealth Account",
            "ValutaDate": "2044-01-01T00:00:00",
            "Amount": 20000.0
          },
          {
            "Description": "Yearly Income and Wealth Tax: inflow from Wealth Account",
            "ValutaDate": "2045-01-01T00:00:00",
            "Amount": 6677.3230153596342008966798605
          },
          {
            "Description": "Clear income account: inflow from Income Account",
            "ValutaDate": "2045-01-01T00:00:00",
            "Amount": 63400.000000000000000000
          },
          {
            "Description": "Simple cash-flow: outflow to Income Account",
            "ValutaDate": "2045-01-01T00:00:00",
            "Amount": -63400.0
          },
          {
            "Description": "Simple cash-flow: inflow from Wealth Account",
            "ValutaDate": "2045-01-01T00:00:00",
            "Amount": 20000.0
          },
          {
            "Description": "Yearly Income and Wealth Tax: inflow from Wealth Account",
            "ValutaDate": "2046-01-01T00:00:00",
            "Amount": 6585.7130881248892170508006618
          },
          {
            "Description": "Clear income account: inflow from Income Account",
            "ValutaDate": "2046-01-01T00:00:00",
            "Amount": 63400.000000000000000000
          },
          {
            "Description": "Simple cash-flow: outflow to Income Account",
            "ValutaDate": "2046-01-01T00:00:00",
            "Amount": -63400.0
          },
          {
            "Description": "Simple cash-flow: inflow from Wealth Account",
            "ValutaDate": "2046-01-01T00:00:00",
            "Amount": 20000.0
          },
          {
            "Description": "Yearly Income and Wealth Tax: inflow from Wealth Account",
            "ValutaDate": "2047-01-01T00:00:00",
            "Amount": 6494.4177493802683474794482123
          },
          {
            "Description": "Clear income account: inflow from Income Account",
            "ValutaDate": "2047-01-01T00:00:00",
            "Amount": 63400.000000000000000000
          },
          {
            "Description": "Simple cash-flow: outflow to Income Account",
            "ValutaDate": "2047-01-01T00:00:00",
            "Amount": -63400.0
          },
          {
            "Description": "Simple cash-flow: inflow from Wealth Account",
            "ValutaDate": "2047-01-01T00:00:00",
            "Amount": 20000.0
          },
          {
            "Description": "Yearly Income and Wealth Tax: inflow from Wealth Account",
            "ValutaDate": "2048-01-01T00:00:00",
            "Amount": 6403.4359188288965059742037873
          },
          {
            "Description": "Clear income account: inflow from Income Account",
            "ValutaDate": "2048-01-01T00:00:00",
            "Amount": 63400.000000000000000000
          },
          {
            "Description": "Simple cash-flow: outflow to Income Account",
            "ValutaDate": "2048-01-01T00:00:00",
            "Amount": -63400.0
          },
          {
            "Description": "Simple cash-flow: inflow from Wealth Account",
            "ValutaDate": "2048-01-01T00:00:00",
            "Amount": 20000.0
          },
          {
            "Description": "Yearly Income and Wealth Tax: inflow from Wealth Account",
            "ValutaDate": "2049-01-01T00:00:00",
            "Amount": 6312.7665198836380753726883714
          },
          {
            "Description": "Clear income account: inflow from Income Account",
            "ValutaDate": "2049-01-01T00:00:00",
            "Amount": 63400.000000000000000000
          },
          {
            "Description": "Simple cash-flow: outflow to Income Account",
            "ValutaDate": "2049-01-01T00:00:00",
            "Amount": -63400.0
          },
          {
            "Description": "Simple cash-flow: inflow from Wealth Account",
            "ValutaDate": "2049-01-01T00:00:00",
            "Amount": 20000.0
          },
          {
            "Description": "Yearly Income and Wealth Tax: inflow from Wealth Account",
            "ValutaDate": "2050-01-01T00:00:00",
            "Amount": 6222.4084796543576622218585595
          },
          {
            "Description": "Clear income account: inflow from Income Account",
            "ValutaDate": "2050-01-01T00:00:00",
            "Amount": 63400.000000000000000000
          },
          {
            "Description": "Simple cash-flow: outflow to Income Account",
            "ValutaDate": "2050-01-01T00:00:00",
            "Amount": -63400.0
          },
          {
            "Description": "Simple cash-flow: inflow from Wealth Account",
            "ValutaDate": "2050-01-01T00:00:00",
            "Amount": 20000.0
          },
          {
            "Description": "Yearly Income and Wealth Tax: inflow from Wealth Account",
            "ValutaDate": "2051-01-01T00:00:00",
            "Amount": 6132.3607289352245980097886974
          },
          {
            "Description": "Clear income account: inflow from Income Account",
            "ValutaDate": "2051-01-01T00:00:00",
            "Amount": 63400.000000000000000000
          },
          {
            "Description": "Simple cash-flow: outflow to Income Account",
            "ValutaDate": "2051-01-01T00:00:00",
            "Amount": -63400.0
          },
          {
            "Description": "Simple cash-flow: inflow from Wealth Account",
            "ValutaDate": "2051-01-01T00:00:00",
            "Amount": 20000.0
          },
          {
            "Description": "Yearly Income and Wealth Tax: inflow from Wealth Account",
            "ValutaDate": "2052-01-01T00:00:00",
            "Amount": 6042.6222021920610367402230830
          },
          {
            "Description": "Clear income account: inflow from Income Account",
            "ValutaDate": "2052-01-01T00:00:00",
            "Amount": 63400.000000000000000000
          },
          {
            "Description": "Simple cash-flow: outflow to Income Account",
            "ValutaDate": "2052-01-01T00:00:00",
            "Amount": -63400.0
          },
          {
            "Description": "Simple cash-flow: inflow from Wealth Account",
            "ValutaDate": "2052-01-01T00:00:00",
            "Amount": 20000.0
          },
          {
            "Description": "Yearly Income and Wealth Tax: inflow from Wealth Account",
            "ValutaDate": "2053-01-01T00:00:00",
            "Amount": 5953.1918375497334991400571568
          },
          {
            "Description": "Clear income account: inflow from Income Account",
            "ValutaDate": "2053-01-01T00:00:00",
            "Amount": 63400.000000000000000000
          },
          {
            "Description": "Simple cash-flow: outflow to Income Account",
            "ValutaDate": "2053-01-01T00:00:00",
            "Amount": -63400.0
          },
          {
            "Description": "Simple cash-flow: inflow from Wealth Account",
            "ValutaDate": "2053-01-01T00:00:00",
            "Amount": 20000.0
          },
          {
            "Description": "Yearly Income and Wealth Tax: inflow from Wealth Account",
            "ValutaDate": "2054-01-01T00:00:00",
            "Amount": 5864.0685767795877143040102006
          },
          {
            "Description": "Clear income account: inflow from Income Account",
            "ValutaDate": "2054-01-01T00:00:00",
            "Amount": 63400.000000000000000000
          }
        ]
      },
      "IncomeAccount": {
        "Id": "73b1b670-1baf-4266-a494-b2bed371cb5b",
        "Name": "Income Account",
        "Balance": 0.000000000000000000,
        "InterestRate": 0.0,
        "Transactions": [
          {
            "Description": "Simple cash-flow: inflow from Exogenous Account",
            "ValutaDate": "2021-01-01T00:00:00",
            "Amount": 100000.0
          },
          {
            "Description": "Simple cash-flow: outflow to Third Pillar Account",
            "ValutaDate": "2021-01-01T00:00:00",
            "Amount": -6883.0
          },
          {
            "Description": "Simple cash-flow: outflow to Occupational Pension Account",
            "ValutaDate": "2021-01-01T00:00:00",
            "Amount": -10000.0
          },
          {
            "Description": "Clear income account: outflow to Exogenous Account",
            "ValutaDate": "2022-01-01T00:00:00",
            "Amount": -83117.0
          },
          {
            "Description": "Simple cash-flow: inflow from Exogenous Account",
            "ValutaDate": "2022-01-01T00:00:00",
            "Amount": 101000.00
          },
          {
            "Description": "Simple cash-flow: outflow to Third Pillar Account",
            "ValutaDate": "2022-01-01T00:00:00",
            "Amount": -6883.0
          },
          {
            "Description": "Simple cash-flow: outflow to Occupational Pension Account",
            "ValutaDate": "2022-01-01T00:00:00",
            "Amount": -10000.0
          },
          {
            "Description": "Clear income account: outflow to Exogenous Account",
            "ValutaDate": "2023-01-01T00:00:00",
            "Amount": -84117.00
          },
          {
            "Description": "Simple cash-flow: inflow from Exogenous Account",
            "ValutaDate": "2023-01-01T00:00:00",
            "Amount": 102010.0000
          },
          {
            "Description": "Simple cash-flow: outflow to Third Pillar Account",
            "ValutaDate": "2023-01-01T00:00:00",
            "Amount": -6883.0
          },
          {
            "Description": "Simple cash-flow: outflow to Occupational Pension Account",
            "ValutaDate": "2023-01-01T00:00:00",
            "Amount": -10000.0
          },
          {
            "Description": "Clear income account: outflow to Exogenous Account",
            "ValutaDate": "2024-01-01T00:00:00",
            "Amount": -85127.0000
          },
          {
            "Description": "Simple cash-flow: inflow from Exogenous Account",
            "ValutaDate": "2024-01-01T00:00:00",
            "Amount": 103030.100000
          },
          {
            "Description": "Simple cash-flow: outflow to Third Pillar Account",
            "ValutaDate": "2024-01-01T00:00:00",
            "Amount": -6883.0
          },
          {
            "Description": "Simple cash-flow: outflow to Occupational Pension Account",
            "ValutaDate": "2024-01-01T00:00:00",
            "Amount": -10000.0
          },
          {
            "Description": "Clear income account: outflow to Exogenous Account",
            "ValutaDate": "2025-01-01T00:00:00",
            "Amount": -86147.100000
          },
          {
            "Description": "Simple cash-flow: inflow from Exogenous Account",
            "ValutaDate": "2025-01-01T00:00:00",
            "Amount": 104060.40100000
          },
          {
            "Description": "Simple cash-flow: outflow to Third Pillar Account",
            "ValutaDate": "2025-01-01T00:00:00",
            "Amount": -6883.0
          },
          {
            "Description": "Simple cash-flow: outflow to Occupational Pension Account",
            "ValutaDate": "2025-01-01T00:00:00",
            "Amount": -10000.0
          },
          {
            "Description": "Clear income account: outflow to Exogenous Account",
            "ValutaDate": "2026-01-01T00:00:00",
            "Amount": -87177.40100000
          },
          {
            "Description": "Simple cash-flow: inflow from Exogenous Account",
            "ValutaDate": "2026-01-01T00:00:00",
            "Amount": 105101.0050100000
          },
          {
            "Description": "Simple cash-flow: outflow to Third Pillar Account",
            "ValutaDate": "2026-01-01T00:00:00",
            "Amount": -6883.0
          },
          {
            "Description": "Clear income account: outflow to Exogenous Account",
            "ValutaDate": "2027-01-01T00:00:00",
            "Amount": -98218.0050100000
          },
          {
            "Description": "Simple cash-flow: inflow from Exogenous Account",
            "ValutaDate": "2027-01-01T00:00:00",
            "Amount": 106152.015060100000
          },
          {
            "Description": "Simple cash-flow: outflow to Third Pillar Account",
            "ValutaDate": "2027-01-01T00:00:00",
            "Amount": -6883.0
          },
          {
            "Description": "Clear income account: outflow to Exogenous Account",
            "ValutaDate": "2028-01-01T00:00:00",
            "Amount": -99269.015060100000
          },
          {
            "Description": "Simple cash-flow: inflow from Exogenous Account",
            "ValutaDate": "2028-01-01T00:00:00",
            "Amount": 107213.53521070100000
          },
          {
            "Description": "Simple cash-flow: outflow to Third Pillar Account",
            "ValutaDate": "2028-01-01T00:00:00",
            "Amount": -6883.0
          },
          {
            "Description": "Clear income account: outflow to Exogenous Account",
            "ValutaDate": "2029-01-01T00:00:00",
            "Amount": -100330.53521070100000
          },
          {
            "Description": "Simple cash-flow: inflow from Exogenous Account",
            "ValutaDate": "2029-01-01T00:00:00",
            "Amount": 108285.6705628080100000
          },
          {
            "Description": "Simple cash-flow: outflow to Third Pillar Account",
            "ValutaDate": "2029-01-01T00:00:00",
            "Amount": -6883.0
          },
          {
            "Description": "Clear income account: outflow to Exogenous Account",
            "ValutaDate": "2030-01-01T00:00:00",
            "Amount": -101402.6705628080100000
          },
          {
            "Description": "Simple cash-flow: inflow from Exogenous Account",
            "ValutaDate": "2030-01-01T00:00:00",
            "Amount": 109368.527268436090100000
          },
          {
            "Description": "Simple cash-flow: outflow to Third Pillar Account",
            "ValutaDate": "2030-01-01T00:00:00",
            "Amount": -6883.0
          },
          {
            "Description": "Clear income account: outflow to Exogenous Account",
            "ValutaDate": "2031-01-01T00:00:00",
            "Amount": -102485.527268436090100000
          },
          {
            "Description": "Simple cash-flow: inflow from Exogenous Account",
            "ValutaDate": "2034-01-01T00:00:00",
            "Amount": 63400.0
          },
          {
            "Description": "Clear income account: outflow to Exogenous Account",
            "ValutaDate": "2035-01-01T00:00:00",
            "Amount": -63400.000000000000000000
          },
          {
            "Description": "Simple cash-flow: inflow from Exogenous Account",
            "ValutaDate": "2035-01-01T00:00:00",
            "Amount": 63400.0
          },
          {
            "Description": "Clear income account: outflow to Exogenous Account",
            "ValutaDate": "2036-01-01T00:00:00",
            "Amount": -63400.000000000000000000
          },
          {
            "Description": "Simple cash-flow: inflow from Exogenous Account",
            "ValutaDate": "2036-01-01T00:00:00",
            "Amount": 63400.0
          },
          {
            "Description": "Clear income account: outflow to Exogenous Account",
            "ValutaDate": "2037-01-01T00:00:00",
            "Amount": -63400.000000000000000000
          },
          {
            "Description": "Simple cash-flow: inflow from Exogenous Account",
            "ValutaDate": "2037-01-01T00:00:00",
            "Amount": 63400.0
          },
          {
            "Description": "Clear income account: outflow to Exogenous Account",
            "ValutaDate": "2038-01-01T00:00:00",
            "Amount": -63400.000000000000000000
          },
          {
            "Description": "Simple cash-flow: inflow from Exogenous Account",
            "ValutaDate": "2038-01-01T00:00:00",
            "Amount": 63400.0
          },
          {
            "Description": "Clear income account: outflow to Exogenous Account",
            "ValutaDate": "2039-01-01T00:00:00",
            "Amount": -63400.000000000000000000
          },
          {
            "Description": "Simple cash-flow: inflow from Exogenous Account",
            "ValutaDate": "2039-01-01T00:00:00",
            "Amount": 63400.0
          },
          {
            "Description": "Clear income account: outflow to Exogenous Account",
            "ValutaDate": "2040-01-01T00:00:00",
            "Amount": -63400.000000000000000000
          },
          {
            "Description": "Simple cash-flow: inflow from Exogenous Account",
            "ValutaDate": "2040-01-01T00:00:00",
            "Amount": 63400.0
          },
          {
            "Description": "Clear income account: outflow to Exogenous Account",
            "ValutaDate": "2041-01-01T00:00:00",
            "Amount": -63400.000000000000000000
          },
          {
            "Description": "Simple cash-flow: inflow from Exogenous Account",
            "ValutaDate": "2041-01-01T00:00:00",
            "Amount": 63400.0
          },
          {
            "Description": "Clear income account: outflow to Exogenous Account",
            "ValutaDate": "2042-01-01T00:00:00",
            "Amount": -63400.000000000000000000
          },
          {
            "Description": "Simple cash-flow: inflow from Exogenous Account",
            "ValutaDate": "2042-01-01T00:00:00",
            "Amount": 63400.0
          },
          {
            "Description": "Clear income account: outflow to Exogenous Account",
            "ValutaDate": "2043-01-01T00:00:00",
            "Amount": -63400.000000000000000000
          },
          {
            "Description": "Simple cash-flow: inflow from Exogenous Account",
            "ValutaDate": "2043-01-01T00:00:00",
            "Amount": 63400.0
          },
          {
            "Description": "Clear income account: outflow to Exogenous Account",
            "ValutaDate": "2044-01-01T00:00:00",
            "Amount": -63400.000000000000000000
          },
          {
            "Description": "Simple cash-flow: inflow from Exogenous Account",
            "ValutaDate": "2044-01-01T00:00:00",
            "Amount": 63400.0
          },
          {
            "Description": "Clear income account: outflow to Exogenous Account",
            "ValutaDate": "2045-01-01T00:00:00",
            "Amount": -63400.000000000000000000
          },
          {
            "Description": "Simple cash-flow: inflow from Exogenous Account",
            "ValutaDate": "2045-01-01T00:00:00",
            "Amount": 63400.0
          },
          {
            "Description": "Clear income account: outflow to Exogenous Account",
            "ValutaDate": "2046-01-01T00:00:00",
            "Amount": -63400.000000000000000000
          },
          {
            "Description": "Simple cash-flow: inflow from Exogenous Account",
            "ValutaDate": "2046-01-01T00:00:00",
            "Amount": 63400.0
          },
          {
            "Description": "Clear income account: outflow to Exogenous Account",
            "ValutaDate": "2047-01-01T00:00:00",
            "Amount": -63400.000000000000000000
          },
          {
            "Description": "Simple cash-flow: inflow from Exogenous Account",
            "ValutaDate": "2047-01-01T00:00:00",
            "Amount": 63400.0
          },
          {
            "Description": "Clear income account: outflow to Exogenous Account",
            "ValutaDate": "2048-01-01T00:00:00",
            "Amount": -63400.000000000000000000
          },
          {
            "Description": "Simple cash-flow: inflow from Exogenous Account",
            "ValutaDate": "2048-01-01T00:00:00",
            "Amount": 63400.0
          },
          {
            "Description": "Clear income account: outflow to Exogenous Account",
            "ValutaDate": "2049-01-01T00:00:00",
            "Amount": -63400.000000000000000000
          },
          {
            "Description": "Simple cash-flow: inflow from Exogenous Account",
            "ValutaDate": "2049-01-01T00:00:00",
            "Amount": 63400.0
          },
          {
            "Description": "Clear income account: outflow to Exogenous Account",
            "ValutaDate": "2050-01-01T00:00:00",
            "Amount": -63400.000000000000000000
          },
          {
            "Description": "Simple cash-flow: inflow from Exogenous Account",
            "ValutaDate": "2050-01-01T00:00:00",
            "Amount": 63400.0
          },
          {
            "Description": "Clear income account: outflow to Exogenous Account",
            "ValutaDate": "2051-01-01T00:00:00",
            "Amount": -63400.000000000000000000
          },
          {
            "Description": "Simple cash-flow: inflow from Exogenous Account",
            "ValutaDate": "2051-01-01T00:00:00",
            "Amount": 63400.0
          },
          {
            "Description": "Clear income account: outflow to Exogenous Account",
            "ValutaDate": "2052-01-01T00:00:00",
            "Amount": -63400.000000000000000000
          },
          {
            "Description": "Simple cash-flow: inflow from Exogenous Account",
            "ValutaDate": "2052-01-01T00:00:00",
            "Amount": 63400.0
          },
          {
            "Description": "Clear income account: outflow to Exogenous Account",
            "ValutaDate": "2053-01-01T00:00:00",
            "Amount": -63400.000000000000000000
          },
          {
            "Description": "Simple cash-flow: inflow from Exogenous Account",
            "ValutaDate": "2053-01-01T00:00:00",
            "Amount": 63400.0
          },
          {
            "Description": "Clear income account: outflow to Exogenous Account",
            "ValutaDate": "2054-01-01T00:00:00",
            "Amount": -63400.000000000000000000
          }
        ]
      },
      "WealthAccount": {
        "Id": "431fc73c-3cba-4ee6-8ad7-53b6850ac82d",
        "Name": "Wealth Account",
        "Balance": 181552.52338000192489606587930,
        "NetGrowthRate": 0.0,
        "Transactions": [
          {
            "Description": "Simple cash-flow: inflow from Exogenous Account",
            "ValutaDate": "2021-01-01T00:00:00",
            "Amount": 500000.0
          },
          {
            "Description": "Savings Quota: inflow from Exogenous Account",
            "ValutaDate": "2022-01-01T00:00:00",
            "Amount": 24935.10
          },
          {
            "Description": "Yearly Income and Wealth Tax: outflow to Exogenous Account",
            "ValutaDate": "2022-01-01T00:00:00",
            "Amount": -9736.9150
          },
          {
            "Description": "Savings Quota: inflow from Exogenous Account",
            "ValutaDate": "2023-01-01T00:00:00",
            "Amount": 25235.1000
          },
          {
            "Description": "Yearly Income and Wealth Tax: outflow to Exogenous Account",
            "ValutaDate": "2023-01-01T00:00:00",
            "Amount": -9965.255000
          },
          {
            "Description": "Savings Quota: inflow from Exogenous Account",
            "ValutaDate": "2024-01-01T00:00:00",
            "Amount": 25538.100000
          },
          {
            "Description": "Yearly Income and Wealth Tax: outflow to Exogenous Account",
            "ValutaDate": "2024-01-01T00:00:00",
            "Amount": -10193.59500000
          },
          {
            "Description": "Savings Quota: inflow from Exogenous Account",
            "ValutaDate": "2025-01-01T00:00:00",
            "Amount": 25844.13000000
          },
          {
            "Description": "Yearly Income and Wealth Tax: outflow to Exogenous Account",
            "ValutaDate": "2025-01-01T00:00:00",
            "Amount": -10419.7450000000
          },
          {
            "Description": "Savings Quota: inflow from Exogenous Account",
            "ValutaDate": "2026-01-01T00:00:00",
            "Amount": 26153.2203000000
          },
          {
            "Description": "Yearly Income and Wealth Tax: outflow to Exogenous Account",
            "ValutaDate": "2026-01-01T00:00:00",
            "Amount": -10648.085000000000
          },
          {
            "Description": "Savings Quota: inflow from Exogenous Account",
            "ValutaDate": "2027-01-01T00:00:00",
            "Amount": 29465.401503000000
          },
          {
            "Description": "Yearly Income and Wealth Tax: outflow to Exogenous Account",
            "ValutaDate": "2027-01-01T00:00:00",
            "Amount": -13047.91500000000000
          },
          {
            "Description": "Savings Quota: inflow from Exogenous Account",
            "ValutaDate": "2028-01-01T00:00:00",
            "Amount": 29780.70451803000000
          },
          {
            "Description": "Yearly Income and Wealth Tax: outflow to Exogenous Account",
            "ValutaDate": "2028-01-01T00:00:00",
            "Amount": -13308.1550000000000000
          },
          {
            "Description": "Savings Quota: inflow from Exogenous Account",
            "ValutaDate": "2029-01-01T00:00:00",
            "Amount": 30099.1605632103000000
          },
          {
            "Description": "Yearly Income and Wealth Tax: outflow to Exogenous Account",
            "ValutaDate": "2029-01-01T00:00:00",
            "Amount": -13593.105000000000000000
          },
          {
            "Description": "Residence change costs: outflow to Exogenous Account",
            "ValutaDate": "2029-07-01T00:00:00",
            "Amount": -2000.0
          },
          {
            "Description": "Savings Quota: inflow from Exogenous Account",
            "ValutaDate": "2030-01-01T00:00:00",
            "Amount": 30420.801168842403000000
          },
          {
            "Description": "Yearly Income and Wealth Tax: outflow to Exogenous Account",
            "ValutaDate": "2030-01-01T00:00:00",
            "Amount": -15096.795427614286002102000000
          },
          {
            "Description": "Savings Quota: inflow from Exogenous Account",
            "ValutaDate": "2031-01-01T00:00:00",
            "Amount": 30745.65818053082703000000
          },
          {
            "Description": "Yearly Income and Wealth Tax: outflow to Exogenous Account",
            "ValutaDate": "2031-01-01T00:00:00",
            "Amount": -15362.133622307801403991801732
          },
          {
            "Description": "Yearly Income and Wealth Tax: outflow to Exogenous Account",
            "ValutaDate": "2032-01-01T00:00:00",
            "Amount": -2248.7400554487964139704938850
          },
          {
            "Description": "Yearly Income and Wealth Tax: outflow to Exogenous Account",
            "ValutaDate": "2033-01-01T00:00:00",
            "Amount": -2241.0178820983852470849192087
          },
          {
            "Description": "Yearly Income and Wealth Tax: outflow to Exogenous Account",
            "ValutaDate": "2034-01-01T00:00:00",
            "Amount": -2233.3222266912593921464295963
          },
          {
            "Description": "Simple cash-flow: outflow to Exogenous Account",
            "ValutaDate": "2034-01-01T00:00:00",
            "Amount": -20000.0
          },
          {
            "Description": "Simple cash-flow: inflow from Third Pillar Account",
            "ValutaDate": "2034-04-01T00:00:00",
            "Amount": 68000.0
          },
          {
            "Description": "Yearly Income and Wealth Tax: outflow to Exogenous Account",
            "ValutaDate": "2035-01-01T00:00:00",
            "Amount": -7610.9649981648016073937987571
          },
          {
            "Description": "Simple cash-flow: outflow to Exogenous Account",
            "ValutaDate": "2035-01-01T00:00:00",
            "Amount": -20000.0
          },
          {
            "Description": "Yearly Income and Wealth Tax: outflow to Exogenous Account",
            "ValutaDate": "2036-01-01T00:00:00",
            "Amount": -7516.1489443611036786740084521
          },
          {
            "Description": "Simple cash-flow: outflow to Exogenous Account",
            "ValutaDate": "2036-01-01T00:00:00",
            "Amount": -20000.0
          },
          {
            "Description": "Yearly Income and Wealth Tax: outflow to Exogenous Account",
            "ValutaDate": "2037-01-01T00:00:00",
            "Amount": -7421.6584888861676486414419070
          },
          {
            "Description": "Simple cash-flow: outflow to Exogenous Account",
            "ValutaDate": "2037-01-01T00:00:00",
            "Amount": -20000.0
          },
          {
            "Description": "Yearly Income and Wealth Tax: outflow to Exogenous Account",
            "ValutaDate": "2038-01-01T00:00:00",
            "Amount": -7327.4925136353325489360071957
          },
          {
            "Description": "Simple cash-flow: outflow to Exogenous Account",
            "ValutaDate": "2038-01-01T00:00:00",
            "Amount": -20000.0
          },
          {
            "Description": "Yearly Income and Wealth Tax: outflow to Exogenous Account",
            "ValutaDate": "2039-01-01T00:00:00",
            "Amount": -7233.6499043435088169629609468
          },
          {
            "Description": "Simple cash-flow: outflow to Exogenous Account",
            "ValutaDate": "2039-01-01T00:00:00",
            "Amount": -20000.0
          },
          {
            "Description": "Yearly Income and Wealth Tax: outflow to Exogenous Account",
            "ValutaDate": "2040-01-01T00:00:00",
            "Amount": -7140.1295505719932076855101389
          },
          {
            "Description": "Simple cash-flow: outflow to Exogenous Account",
            "ValutaDate": "2040-01-01T00:00:00",
            "Amount": -20000.0
          },
          {
            "Description": "Yearly Income and Wealth Tax: outflow to Exogenous Account",
            "ValutaDate": "2041-01-01T00:00:00",
            "Amount": -7046.9303456953289830103180972
          },
          {
            "Description": "Simple cash-flow: outflow to Exogenous Account",
            "ValutaDate": "2041-01-01T00:00:00",
            "Amount": -20000.0
          },
          {
            "Description": "Yearly Income and Wealth Tax: outflow to Exogenous Account",
            "ValutaDate": "2042-01-01T00:00:00",
            "Amount": -6954.0511868882112232826606648
          },
          {
            "Description": "Simple cash-flow: outflow to Exogenous Account",
            "ValutaDate": "2042-01-01T00:00:00",
            "Amount": -20000.0
          },
          {
            "Description": "Yearly Income and Wealth Tax: outflow to Exogenous Account",
            "ValutaDate": "2043-01-01T00:00:00",
            "Amount": -6861.4909751124371059419080081
          },
          {
            "Description": "Simple cash-flow: outflow to Exogenous Account",
            "ValutaDate": "2043-01-01T00:00:00",
            "Amount": -20000.0
          },
          {
            "Description": "Yearly Income and Wealth Tax: outflow to Exogenous Account",
            "ValutaDate": "2044-01-01T00:00:00",
            "Amount": -6769.2486151039009969201034960
          },
          {
            "Description": "Simple cash-flow: outflow to Exogenous Account",
            "ValutaDate": "2044-01-01T00:00:00",
            "Amount": -20000.0
          },
          {
            "Description": "Yearly Income and Wealth Tax: outflow to Exogenous Account",
            "ValutaDate": "2045-01-01T00:00:00",
            "Amount": -6677.3230153596342008966798605
          },
          {
            "Description": "Simple cash-flow: outflow to Exogenous Account",
            "ValutaDate": "2045-01-01T00:00:00",
            "Amount": -20000.0
          },
          {
            "Description": "Yearly Income and Wealth Tax: outflow to Exogenous Account",
            "ValutaDate": "2046-01-01T00:00:00",
            "Amount": -6585.7130881248892170508006618
          },
          {
            "Description": "Simple cash-flow: outflow to Exogenous Account",
            "ValutaDate": "2046-01-01T00:00:00",
            "Amount": -20000.0
          },
          {
            "Description": "Yearly Income and Wealth Tax: outflow to Exogenous Account",
            "ValutaDate": "2047-01-01T00:00:00",
            "Amount": -6494.4177493802683474794482123
          },
          {
            "Description": "Simple cash-flow: outflow to Exogenous Account",
            "ValutaDate": "2047-01-01T00:00:00",
            "Amount": -20000.0
          },
          {
            "Description": "Yearly Income and Wealth Tax: outflow to Exogenous Account",
            "ValutaDate": "2048-01-01T00:00:00",
            "Amount": -6403.4359188288965059742037873
          },
          {
            "Description": "Simple cash-flow: outflow to Exogenous Account",
            "ValutaDate": "2048-01-01T00:00:00",
            "Amount": -20000.0
          },
          {
            "Description": "Yearly Income and Wealth Tax: outflow to Exogenous Account",
            "ValutaDate": "2049-01-01T00:00:00",
            "Amount": -6312.7665198836380753726883714
          },
          {
            "Description": "Simple cash-flow: outflow to Exogenous Account",
            "ValutaDate": "2049-01-01T00:00:00",
            "Amount": -20000.0
          },
          {
            "Description": "Yearly Income and Wealth Tax: outflow to Exogenous Account",
            "ValutaDate": "2050-01-01T00:00:00",
            "Amount": -6222.4084796543576622218585595
          },
          {
            "Description": "Simple cash-flow: outflow to Exogenous Account",
            "ValutaDate": "2050-01-01T00:00:00",
            "Amount": -20000.0
          },
          {
            "Description": "Yearly Income and Wealth Tax: outflow to Exogenous Account",
            "ValutaDate": "2051-01-01T00:00:00",
            "Amount": -6132.3607289352245980097886974
          },
          {
            "Description": "Simple cash-flow: outflow to Exogenous Account",
            "ValutaDate": "2051-01-01T00:00:00",
            "Amount": -20000.0
          },
          {
            "Description": "Yearly Income and Wealth Tax: outflow to Exogenous Account",
            "ValutaDate": "2052-01-01T00:00:00",
            "Amount": -6042.6222021920610367402230830
          },
          {
            "Description": "Simple cash-flow: outflow to Exogenous Account",
            "ValutaDate": "2052-01-01T00:00:00",
            "Amount": -20000.0
          },
          {
            "Description": "Yearly Income and Wealth Tax: outflow to Exogenous Account",
            "ValutaDate": "2053-01-01T00:00:00",
            "Amount": -5953.1918375497334991400571568
          },
          {
            "Description": "Simple cash-flow: outflow to Exogenous Account",
            "ValutaDate": "2053-01-01T00:00:00",
            "Amount": -20000.0
          },
          {
            "Description": "Yearly Income and Wealth Tax: outflow to Exogenous Account",
            "ValutaDate": "2054-01-01T00:00:00",
            "Amount": -5864.0685767795877143040102006
          }
        ]
      },
      "OccupationalPensionAccount": {
        "Id": "58ae969d-632b-44d9-8a64-48817f67305c",
        "Name": "Occupational Pension Account",
        "Balance": 482000.0,
        "NetGrowthRate": 0.0,
        "Transactions": [
          {
            "Description": "Simple cash-flow: inflow from Exogenous Account",
            "ValutaDate": "2021-01-01T00:00:00",
            "Amount": 500000.0
          },
          {
            "Description": "Simple cash-flow: inflow from Income Account",
            "ValutaDate": "2021-01-01T00:00:00",
            "Amount": 10000.0
          },
          {
            "Description": "Simple cash-flow: inflow from Income Account",
            "ValutaDate": "2022-01-01T00:00:00",
            "Amount": 10000.0
          },
          {
            "Description": "Simple cash-flow: inflow from Income Account",
            "ValutaDate": "2023-01-01T00:00:00",
            "Amount": 10000.0
          },
          {
            "Description": "Simple cash-flow: inflow from Income Account",
            "ValutaDate": "2024-01-01T00:00:00",
            "Amount": 10000.0
          },
          {
            "Description": "Simple cash-flow: inflow from Income Account",
            "ValutaDate": "2025-01-01T00:00:00",
            "Amount": 10000.0
          },
          {
            "Description": "Simple cash-flow: outflow to Exogenous Account",
            "ValutaDate": "2034-04-01T00:00:00",
            "Amount": -68000.0
          }
        ]
      },
      "ThirdPillarAccount": {
        "Id": "f838ff53-3e45-4829-b16a-a4192b8a38fe",
        "Name": "Third Pillar Account",
        "Balance": 830.0,
        "NetGrowthRate": 0.0,
        "Transactions": [
          {
            "Description": "Simple cash-flow: inflow from Income Account",
            "ValutaDate": "2021-01-01T00:00:00",
            "Amount": 6883.0
          },
          {
            "Description": "Simple cash-flow: inflow from Income Account",
            "ValutaDate": "2022-01-01T00:00:00",
            "Amount": 6883.0
          },
          {
            "Description": "Simple cash-flow: inflow from Income Account",
            "ValutaDate": "2023-01-01T00:00:00",
            "Amount": 6883.0
          },
          {
            "Description": "Simple cash-flow: inflow from Income Account",
            "ValutaDate": "2024-01-01T00:00:00",
            "Amount": 6883.0
          },
          {
            "Description": "Simple cash-flow: inflow from Income Account",
            "ValutaDate": "2025-01-01T00:00:00",
            "Amount": 6883.0
          },
          {
            "Description": "Simple cash-flow: inflow from Income Account",
            "ValutaDate": "2026-01-01T00:00:00",
            "Amount": 6883.0
          },
          {
            "Description": "Simple cash-flow: inflow from Income Account",
            "ValutaDate": "2027-01-01T00:00:00",
            "Amount": 6883.0
          },
          {
            "Description": "Simple cash-flow: inflow from Income Account",
            "ValutaDate": "2028-01-01T00:00:00",
            "Amount": 6883.0
          },
          {
            "Description": "Simple cash-flow: inflow from Income Account",
            "ValutaDate": "2029-01-01T00:00:00",
            "Amount": 6883.0
          },
          {
            "Description": "Simple cash-flow: inflow from Income Account",
            "ValutaDate": "2030-01-01T00:00:00",
            "Amount": 6883.0
          },
          {
            "Description": "Simple cash-flow: outflow to Wealth Account",
            "ValutaDate": "2034-04-01T00:00:00",
            "Amount": -68000.0
          }
        ]
      }
    },
    "Left": null
  }
]
