[
  {
    "State": "IsRight",
    "Right": {
      "StartingYear": 2021,
      "NumberOfPeriods": 33,
      "Accounts": [
        {
          "Year": 2021,
          "Amount": -1032081.1850,
          "AccountType": "Exogenous"
        },
        {
          "Year": 2021,
          "Amount": 0.0,
          "AccountType": "Income"
        },
        {
          "Year": 2021,
          "Amount": 515198.1850,
          "AccountType": "Wealth"
        },
        {
          "Year": 2021,
          "Amount": 510000.0,
          "AccountType": "OccupationalPension"
        },
        {
          "Year": 2021,
          "Amount": 6883.0,
          "AccountType": "ThirdPillar"
        },
        {
          "Year": 2022,
          "Amount": -1064234.030000,
          "AccountType": "Exogenous"
        },
        {
          "Year": 2022,
          "Amount": 0.00,
          "AccountType": "Income"
        },
        {
          "Year": 2022,
          "Amount": 530468.030000,
          "AccountType": "Wealth"
        },
        {
          "Year": 2022,
          "Amount": 520000.0,
          "AccountType": "OccupationalPension"
        },
        {
          "Year": 2022,
          "Amount": 13766.0,
          "AccountType": "ThirdPillar"
        },
        {
          "Year": 2023,
          "Amount": -1096461.53500000,
          "AccountType": "Exogenous"
        },
        {
          "Year": 2023,
          "Amount": 0.0000,
          "AccountType": "Income"
        },
        {
          "Year": 2023,
          "Amount": 545812.53500000,
          "AccountType": "Wealth"
        },
        {
          "Year": 2023,
          "Amount": 530000.0,
          "AccountType": "OccupationalPension"
        },
        {
          "Year": 2023,
          "Amount": 20649.0,
          "AccountType": "ThirdPillar"
        },
        {
          "Year": 2024,
          "Amount": -1128768.9200000000,
          "AccountType": "Exogenous"
        },
        {
          "Year": 2024,
          "Amount": 0.000000,
          "AccountType": "Income"
        },
        {
          "Year": 2024,
          "Amount": 561236.9200000000,
          "AccountType": "Wealth"
        },
        {
          "Year": 2024,
          "Amount": 540000.0,
          "AccountType": "OccupationalPension"
        },
        {
          "Year": 2024,
          "Amount": 27532.0,
          "AccountType": "ThirdPillar"
        },
        {
          "Year": 2025,
          "Amount": -1161157.055300000000,
          "AccountType": "Exogenous"
        },
        {
          "Year": 2025,
          "Amount": 0.00000000,
          "AccountType": "Income"
        },
        {
          "Year": 2025,
          "Amount": 576742.055300000000,
          "AccountType": "Wealth"
        },
        {
          "Year": 2025,
          "Amount": 550000.0,
          "AccountType": "OccupationalPension"
        },
        {
          "Year": 2025,
          "Amount": 34415.0,
          "AccountType": "ThirdPillar"
        },
        {
          "Year": 2026,
          "Amount": -1184457.54180300000000,
          "AccountType": "Exogenous"
        },
        {
          "Year": 2026,
          "Amount": 0.0000000000,
          "AccountType": "Income"
        },
        {
          "Year": 2026,
          "Amount": 593159.54180300000000,
          "AccountType": "Wealth"
        },
        {
          "Year": 2026,
          "Amount": 550000.0,
          "AccountType": "OccupationalPension"
        },
        {
          "Year": 2026,
          "Amount": 41298.0,
          "AccountType": "ThirdPillar"
        },
        {
          "Year": 2027,
          "Amount": -1207813.0913210300000000,
          "AccountType": "Exogenous"
        },
        {
          "Year": 2027,
          "Amount": 0.000000000000,
          "AccountType": "Income"
        },
        {
          "Year": 2027,
          "Amount": 609632.0913210300000000,
          "AccountType": "Wealth"
        },
        {
          "Year": 2027,
          "Amount": 550000.0,
          "AccountType": "OccupationalPension"
        },
        {
          "Year": 2027,
          "Amount": 48181.0,
          "AccountType": "ThirdPillar"
        },
        {
          "Year": 2028,
          "Amount": -1231202.146884240300000000,
          "AccountType": "Exogenous"
        },
        {
          "Year": 2028,
          "Amount": 0.00000000000000,
          "AccountType": "Income"
        },
        {
          "Year": 2028,
          "Amount": 626138.146884240300000000,
          "AccountType": "Wealth"
        },
        {
          "Year": 2028,
          "Amount": 550000.0,
          "AccountType": "OccupationalPension"
        },
        {
          "Year": 2028,
          "Amount": 55064.0,
          "AccountType": "ThirdPillar"
        },
        {
          "Year": 2029,
          "Amount": -1251409.1526254684169978980000,
          "AccountType": "Exogenous"
        },
        {
          "Year": 2029,
          "Amount": 0.0000000000000000,
          "AccountType": "Income"
        },
        {
          "Year": 2029,
          "Amount": 639462.15262546841699789800000,
          "AccountType": "Wealth"
        },
        {
          "Year": 2029,
          "Amount": 550000.0,
          "AccountType": "OccupationalPension"
        },
        {
          "Year": 2029,
          "Amount": 61947.0,
          "AccountType": "ThirdPillar"
        },
        {
          "Year": 2030,
          "Amount": -1273675.6771836914426239061983,
          "AccountType": "Exogenous"
        },
        {
          "Year": 2030,
          "Amount": 0.000000000000000000,
          "AccountType": "Income"
        },
        {
          "Year": 2030,
          "Amount": 654845.67718369144262390619827,
          "AccountType": "Wealth"
        },
        {
          "Year": 2030,
          "Amount": 550000.0,
          "AccountType": "OccupationalPension"
        },
        {
          "Year": 2030,
          "Amount": 68830.0,
          "AccountType": "ThirdPillar"
        },
        {
          "Year": 2031,
          "Amount": -1289628.3627192189192216144742,
          "AccountType": "Exogenous"
        },
        {
          "Year": 2031,
          "Amount": 0.00000000000000000000,
          "AccountType": "Income"
        },
        {
          "Year": 2031,
          "Amount": 670798.36271921891922161447418,
          "AccountType": "Wealth"
        },
        {
          "Year": 2031,
          "Amount": 550000.0,
          "AccountType": "OccupationalPension"
        },
        {
          "Year": 2031,
          "Amount": 68830.0,
          "AccountType": "ThirdPillar"
        },
        {
          "Year": 2032,
          "Amount": -1305628.9153885271571948030076,
          "AccountType": "Exogenous"
        },
        {
          "Year": 2032,
          "Amount": 0.0000000000000000000000,
          "AccountType": "Income"
        },
        {
          "Year": 2032,
          "Amount": 686798.91538852715719480300757,
          "AccountType": "Wealth"
        },
        {
          "Year": 2032,
          "Amount": 550000.0,
          "AccountType": "OccupationalPension"
        },
        {
          "Year": 2032,
          "Amount": 68830.0,
          "AccountType": "ThirdPillar"
        },
        {
          "Year": 2033,
          "Amount": -1321648.1533024378510362095671,
          "AccountType": "Exogenous"
        },
        {
          "Year": 2033,
          "Amount": 0.00000000000000000000000,
          "AccountType": "Income"
        },
        {
          "Year": 2033,
          "Amount": 702818.15330243785103620956712,
          "AccountType": "Wealth"
        },
        {
          "Year": 2033,
          "Amount": 550000.0,
          "AccountType": "OccupationalPension"
        },
        {
          "Year": 2033,
          "Amount": 68830.0,
          "AccountType": "ThirdPillar"
        },
        {
          "Year": 2034,
          "Amount": -738812.62606239727945575122340,
          "AccountType": "Exogenous"
        },
        {
          "Year": 2034,
          "Amount": 0.00000000000000000000000,
          "AccountType": "Income"
        },
        {
          "Year": 2034,
          "Amount": 738812.62606239727945575122347,
          "AccountType": "Wealth"
        },
        {
          "Year": 2034,
          "Amount": 0.0,
          "AccountType": "OccupationalPension"
        },
        {
          "Year": 2034,
          "Amount": 0.0,
          "AccountType": "ThirdPillar"
        },
        {
          "Year": 2035,
          "Amount": -711123.74350449900719810017370,
          "AccountType": "Exogenous"
        },
        {
          "Year": 2035,
          "Amount": 0.00000000000000000000000,
          "AccountType": "Income"
        },
        {
          "Year": 2035,
          "Amount": 711123.74350449900719810017377,
          "AccountType": "Wealth"
        },
        {
          "Year": 2035,
          "Amount": 0.0,
          "AccountType": "OccupationalPension"
        },
        {
          "Year": 2035,
          "Amount": 0.0,
          "AccountType": "ThirdPillar"
        },
        {
          "Year": 2036,
          "Amount": -683529.94456930455760738189770,
          "AccountType": "Exogenous"
        },
        {
          "Year": 2036,
          "Amount": 0.00000000000000000000000,
          "AccountType": "Income"
        },
        {
          "Year": 2036,
          "Amount": 683529.94456930455760738189777,
          "AccountType": "Wealth"
        },
        {
          "Year": 2036,
          "Amount": 0.0,
          "AccountType": "OccupationalPension"
        },
        {
          "Year": 2036,
          "Amount": 0.0,
          "AccountType": "ThirdPillar"
        },
        {
          "Year": 2037,
          "Amount": -656030.90273965356575655814826,
          "AccountType": "Exogenous"
        },
        {
          "Year": 2037,
          "Amount": 0.00000000000000000000000,
          "AccountType": "Income"
        },
        {
          "Year": 2037,
          "Amount": 656030.90273965356575655814833,
          "AccountType": "Wealth"
        },
        {
          "Year": 2037,
          "Amount": 0.0,
          "AccountType": "OccupationalPension"
        },
        {
          "Year": 2037,
          "Amount": 0.0,
          "AccountType": "ThirdPillar"
        },
        {
          "Year": 2038,
          "Amount": -628626.29261964559541175012758,
          "AccountType": "Exogenous"
        },
        {
          "Year": 2038,
          "Amount": 0.00000000000000000000000,
          "AccountType": "Income"
        },
        {
          "Year": 2038,
          "Amount": 628626.29261964559541175012765,
          "AccountType": "Wealth"
        },
        {
          "Year": 2038,
          "Amount": 0.0,
          "AccountType": "OccupationalPension"
        },
        {
          "Year": 2038,
          "Amount": 0.0,
          "AccountType": "ThirdPillar"
        },
        {
          "Year": 2039,
          "Amount": -601315.78993078973243710617764,
          "AccountType": "Exogenous"
        },
        {
          "Year": 2039,
          "Amount": 0.00000000000000000000000,
          "AccountType": "Income"
        },
        {
          "Year": 2039,
          "Amount": 601315.78993078973243710617771,
          "AccountType": "Wealth"
        },
        {
          "Year": 2039,
          "Amount": 0.0,
          "AccountType": "OccupationalPension"
        },
        {
          "Year": 2039,
          "Amount": 0.0,
          "AccountType": "ThirdPillar"
        },
        {
          "Year": 2040,
          "Amount": -574099.07150816740049591715503,
          "AccountType": "Exogenous"
        },
        {
          "Year": 2040,
          "Amount": 0.00000000000000000000000,
          "AccountType": "Income"
        },
        {
          "Year": 2040,
          "Amount": 574099.07150816740049591715510,
          "AccountType": "Wealth"
        },
        {
          "Year": 2040,
          "Amount": 0.0,
          "AccountType": "OccupationalPension"
        },
        {
          "Year": 2040,
          "Amount": 0.0,
          "AccountType": "ThirdPillar"
        },
        {
          "Year": 2041,
          "Amount": -546975.81529660835364261417552,
          "AccountType": "Exogenous"
        },
        {
          "Year": 2041,
          "Amount": 0.00000000000000000000000,
          "AccountType": "Income"
        },
        {
          "Year": 2041,
          "Amount": 546975.81529660835364261417559,
          "AccountType": "Wealth"
        },
        {
          "Year": 2041,
          "Amount": 0.0,
          "AccountType": "OccupationalPension"
        },
        {
          "Year": 2041,
          "Amount": 0.0,
          "AccountType": "ThirdPillar"
        },
        {
          "Year": 2042,
          "Amount": -519945.70034687980055620543844,
          "AccountType": "Exogenous"
        },
        {
          "Year": 2042,
          "Amount": 0.00000000000000000000000,
          "AccountType": "Income"
        },
        {
          "Year": 2042,
          "Amount": 519945.70034687980055620543851,
          "AccountType": "Wealth"
        },
        {
          "Year": 2042,
          "Amount": 0.0,
          "AccountType": "OccupationalPension"
        },
        {
          "Year": 2042,
          "Amount": 0.0,
          "AccountType": "ThirdPillar"
        },
        {
          "Year": 2043,
          "Amount": -493008.40681188861532109542896,
          "AccountType": "Exogenous"
        },
        {
          "Year": 2043,
          "Amount": 0.00000000000000000000000,
          "AccountType": "Income"
        },
        {
          "Year": 2043,
          "Amount": 493008.40681188861532109542903,
          "AccountType": "Wealth"
        },
        {
          "Year": 2043,
          "Amount": 0.0,
          "AccountType": "OccupationalPension"
        },
        {
          "Year": 2043,
          "Amount": 0.0,
          "AccountType": "ThirdPillar"
        },
        {
          "Year": 2044,
          "Amount": -466163.61594289658981608278726,
          "AccountType": "Exogenous"
        },
        {
          "Year": 2044,
          "Amount": 0.00000000000000000000000,
          "AccountType": "Income"
        },
        {
          "Year": 2044,
          "Amount": 466163.61594289658981608278733,
          "AccountType": "Wealth"
        },
        {
          "Year": 2044,
          "Amount": 0.0,
          "AccountType": "OccupationalPension"
        },
        {
          "Year": 2044,
          "Amount": 0.0,
          "AccountType": "ThirdPillar"
        },
        {
          "Year": 2045,
          "Amount": -439411.01008574868292665435897,
          "AccountType": "Exogenous"
        },
        {
          "Year": 2045,
          "Amount": 0.00000000000000000000000,
          "AccountType": "Income"
        },
        {
          "Year": 2045,
          "Amount": 439411.01008574868292665435904,
          "AccountType": "Wealth"
        },
        {
          "Year": 2045,
          "Amount": 0.0,
          "AccountType": "OccupationalPension"
        },
        {
          "Year": 2045,
          "Amount": 0.0,
          "AccountType": "ThirdPillar"
        },
        {
          "Year": 2046,
          "Amount": -412750.27267711422194948422790,
          "AccountType": "Exogenous"
        },
        {
          "Year": 2046,
          "Amount": 0.00000000000000000000000,
          "AccountType": "Income"
        },
        {
          "Year": 2046,
          "Amount": 412750.27267711422194948422797,
          "AccountType": "Wealth"
        },
        {
          "Year": 2046,
          "Amount": 0.0,
          "AccountType": "OccupationalPension"
        },
        {
          "Year": 2046,
          "Amount": 0.0,
          "AccountType": "ThirdPillar"
        },
        {
          "Year": 2047,
          "Amount": -386181.08824074101171130969906,
          "AccountType": "Exogenous"
        },
        {
          "Year": 2047,
          "Amount": 0.00000000000000000000000,
          "AccountType": "Income"
        },
        {
          "Year": 2047,
          "Amount": 386181.08824074101171130969913,
          "AccountType": "Wealth"
        },
        {
          "Year": 2047,
          "Amount": 0.0,
          "AccountType": "OccupationalPension"
        },
        {
          "Year": 2047,
          "Amount": 0.0,
          "AccountType": "ThirdPillar"
        },
        {
          "Year": 2048,
          "Amount": -359703.14238372230707709306155,
          "AccountType": "Exogenous"
        },
        {
          "Year": 2048,
          "Amount": 0.00000000000000000000000,
          "AccountType": "Income"
        },
        {
          "Year": 2048,
          "Amount": 359703.14238372230707709306162,
          "AccountType": "Wealth"
        },
        {
          "Year": 2048,
          "Amount": 0.0,
          "AccountType": "OccupationalPension"
        },
        {
          "Year": 2048,
          "Amount": 0.0,
          "AccountType": "ThirdPillar"
        },
        {
          "Year": 2049,
          "Amount": -333316.12179277660467459032398,
          "AccountType": "Exogenous"
        },
        {
          "Year": 2049,
          "Amount": 0.00000000000000000000000,
          "AccountType": "Income"
        },
        {
          "Year": 2049,
          "Amount": 333316.12179277660467459032405,
          "AccountType": "Wealth"
        },
        {
          "Year": 2049,
          "Amount": 0.0,
          "AccountType": "OccupationalPension"
        },
        {
          "Year": 2049,
          "Amount": 0.0,
          "AccountType": "ThirdPillar"
        },
        {
          "Year": 2050,
          "Amount": -307019.71423054020981413778081,
          "AccountType": "Exogenous"
        },
        {
          "Year": 2050,
          "Amount": 0.00000000000000000000000,
          "AccountType": "Income"
        },
        {
          "Year": 2050,
          "Amount": 307019.71423054020981413778088,
          "AccountType": "Wealth"
        },
        {
          "Year": 2050,
          "Amount": 0.0,
          "AccountType": "OccupationalPension"
        },
        {
          "Year": 2050,
          "Amount": 0.0,
          "AccountType": "ThirdPillar"
        },
        {
          "Year": 2051,
          "Amount": -280813.60853187253473363603167,
          "AccountType": "Exogenous"
        },
        {
          "Year": 2051,
          "Amount": 0.00000000000000000000000,
          "AccountType": "Income"
        },
        {
          "Year": 2051,
          "Amount": 280813.60853187253473363603174,
          "AccountType": "Wealth"
        },
        {
          "Year": 2051,
          "Amount": 0.0,
          "AccountType": "OccupationalPension"
        },
        {
          "Year": 2051,
          "Amount": 0.0,
          "AccountType": "ThirdPillar"
        },
        {
          "Year": 2052,
          "Amount": -254697.49460017408444936072554,
          "AccountType": "Exogenous"
        },
        {
          "Year": 2052,
          "Amount": 0.00000000000000000000000,
          "AccountType": "Income"
        },
        {
          "Year": 2052,
          "Amount": 254697.49460017408444936072561,
          "AccountType": "Wealth"
        },
        {
          "Year": 2052,
          "Amount": 0.0,
          "AccountType": "OccupationalPension"
        },
        {
          "Year": 2052,
          "Amount": 0.0,
          "AccountType": "ThirdPillar"
        },
        {
          "Year": 2053,
          "Amount": -228671.06340371708664336162081,
          "AccountType": "Exogenous"
        },
        {
          "Year": 2053,
          "Amount": 0.00000000000000000000000,
          "AccountType": "Income"
        },
        {
          "Year": 2053,
          "Amount": 228671.06340371708664336162088,
          "AccountType": "Wealth"
        },
        {
          "Year": 2053,
          "Amount": 0.0,
          "AccountType": "OccupationalPension"
        },
        {
          "Year": 2053,
          "Amount": 0.0,
          "AccountType": "ThirdPillar"
        }
      ],
      "ExogenousAccount": {
        "Id": "26812581-ecf1-4d62-871e-7eec0a6e462a",
        "Name": "Exogenous Account",
        "Balance": -228671.06340371708664336162081,
        "InterestRate": 0.0,
        "Transactions": [
          {
            "Description": "Simple cash-flow: outflow to Income Account",
            "ValutaDate": "2021-01-01T00:00:00",
            "Amount": -100000.0
          },
          {
            "Description": "Simple cash-flow: outflow to Wealth Account",
            "ValutaDate": "2021-01-01T00:00:00",
            "Amount": -500000.0
          },
          {
            "Description": "Simple cash-flow: outflow to Occupational Pension Account",
            "ValutaDate": "2021-01-01T00:00:00",
            "Amount": -500000.0
          },
          {
            "Description": "Savings Quota: outflow to Wealth Account",
            "ValutaDate": "2022-01-01T00:00:00",
            "Amount": -24935.10
          },
          {
            "Description": "Yearly Income and Wealth Tax: inflow from Wealth Account",
            "ValutaDate": "2022-01-01T00:00:00",
            "Amount": 9736.9150
          },
          {
            "Description": "Clear income account: inflow from Income Account",
            "ValutaDate": "2022-01-01T00:00:00",
            "Amount": 83117.0
          },
          {
            "Description": "Simple cash-flow: outflow to Income Account",
            "ValutaDate": "2022-01-01T00:00:00",
            "Amount": -101000.00
          },
          {
            "Description": "Savings Quota: outflow to Wealth Account",
            "ValutaDate": "2023-01-01T00:00:00",
            "Amount": -25235.1000
          },
          {
            "Description": "Yearly Income and Wealth Tax: inflow from Wealth Account",
            "ValutaDate": "2023-01-01T00:00:00",
            "Amount": 9965.255000
          },
          {
            "Description": "Clear income account: inflow from Income Account",
            "ValutaDate": "2023-01-01T00:00:00",
            "Amount": 84117.00
          },
          {
            "Description": "Simple cash-flow: outflow to Income Account",
            "ValutaDate": "2023-01-01T00:00:00",
            "Amount": -102010.0000
          },
          {
            "Description": "Savings Quota: outflow to Wealth Account",
            "ValutaDate": "2024-01-01T00:00:00",
            "Amount": -25538.100000
          },
          {
            "Description": "Yearly Income and Wealth Tax: inflow from Wealth Account",
            "ValutaDate": "2024-01-01T00:00:00",
            "Amount": 10193.59500000
          },
          {
            "Description": "Clear income account: inflow from Income Account",
            "ValutaDate": "2024-01-01T00:00:00",
            "Amount": 85127.0000
          },
          {
            "Description": "Simple cash-flow: outflow to Income Account",
            "ValutaDate": "2024-01-01T00:00:00",
            "Amount": -103030.100000
          },
          {
            "Description": "Savings Quota: outflow to Wealth Account",
            "ValutaDate": "2025-01-01T00:00:00",
            "Amount": -25844.13000000
          },
          {
            "Description": "Yearly Income and Wealth Tax: inflow from Wealth Account",
            "ValutaDate": "2025-01-01T00:00:00",
            "Amount": 10419.7450000000
          },
          {
            "Description": "Clear income account: inflow from Income Account",
            "ValutaDate": "2025-01-01T00:00:00",
            "Amount": 86147.100000
          },
          {
            "Description": "Simple cash-flow: outflow to Income Account",
            "ValutaDate": "2025-01-01T00:00:00",
            "Amount": -104060.40100000
          },
          {
            "Description": "Savings Quota: outflow to Wealth Account",
            "ValutaDate": "2026-01-01T00:00:00",
            "Amount": -26153.2203000000
          },
          {
            "Description": "Yearly Income and Wealth Tax: inflow from Wealth Account",
            "ValutaDate": "2026-01-01T00:00:00",
            "Amount": 10648.085000000000
          },
          {
            "Description": "Clear income account: inflow from Income Account",
            "ValutaDate": "2026-01-01T00:00:00",
            "Amount": 87177.40100000
          },
          {
            "Description": "Simple cash-flow: outflow to Income Account",
            "ValutaDate": "2026-01-01T00:00:00",
            "Amount": -105101.0050100000
          },
          {
            "Description": "Savings Quota: outflow to Wealth Account",
            "ValutaDate": "2027-01-01T00:00:00",
            "Amount": -29465.401503000000
          },
          {
            "Description": "Yearly Income and Wealth Tax: inflow from Wealth Account",
            "ValutaDate": "2027-01-01T00:00:00",
            "Amount": 13047.91500000000000
          },
          {
            "Description": "Clear income account: inflow from Income Account",
            "ValutaDate": "2027-01-01T00:00:00",
            "Amount": 98218.0050100000
          },
          {
            "Description": "Simple cash-flow: outflow to Income Account",
            "ValutaDate": "2027-01-01T00:00:00",
            "Amount": -106152.015060100000
          },
          {
            "Description": "Savings Quota: outflow to Wealth Account",
            "ValutaDate": "2028-01-01T00:00:00",
            "Amount": -29780.70451803000000
          },
          {
            "Description": "Yearly Income and Wealth Tax: inflow from Wealth Account",
            "ValutaDate": "2028-01-01T00:00:00",
            "Amount": 13308.1550000000000000
          },
          {
            "Description": "Clear income account: inflow from Income Account",
            "ValutaDate": "2028-01-01T00:00:00",
            "Amount": 99269.015060100000
          },
          {
            "Description": "Simple cash-flow: outflow to Income Account",
            "ValutaDate": "2028-01-01T00:00:00",
            "Amount": -107213.53521070100000
          },
          {
            "Description": "Savings Quota: outflow to Wealth Account",
            "ValutaDate": "2029-01-01T00:00:00",
            "Amount": -30099.1605632103000000
          },
          {
            "Description": "Yearly Income and Wealth Tax: inflow from Wealth Account",
            "ValutaDate": "2029-01-01T00:00:00",
            "Amount": 13593.105000000000000000
          },
          {
            "Description": "Clear income account: inflow from Income Account",
            "ValutaDate": "2029-01-01T00:00:00",
            "Amount": 100330.53521070100000
          },
          {
            "Description": "Simple cash-flow: outflow to Income Account",
            "ValutaDate": "2029-01-01T00:00:00",
            "Amount": -108285.6705628080100000
          },
          {
            "Description": "Residence change costs: inflow from Wealth Account",
            "ValutaDate": "2029-07-01T00:00:00",
            "Amount": 2000.0
          },
          {
            "Description": "Savings Quota: outflow to Wealth Account",
            "ValutaDate": "2030-01-01T00:00:00",
            "Amount": -30420.801168842403000000
          },
          {
            "Description": "Yearly Income and Wealth Tax: inflow from Wealth Account",
            "ValutaDate": "2030-01-01T00:00:00",
            "Amount": 15096.795427614286002102000000
          },
          {
            "Description": "Clear income account: inflow from Income Account",
            "ValutaDate": "2030-01-01T00:00:00",
            "Amount": 101402.6705628080100000
          },
          {
            "Description": "Simple cash-flow: outflow to Income Account",
            "ValutaDate": "2030-01-01T00:00:00",
            "Amount": -109368.527268436090100000
          },
          {
            "Description": "Savings Quota: outflow to Wealth Account",
            "ValutaDate": "2031-01-01T00:00:00",
            "Amount": -30745.65818053082703000000
          },
          {
            "Description": "Yearly Income and Wealth Tax: inflow from Wealth Account",
            "ValutaDate": "2031-01-01T00:00:00",
            "Amount": 15362.133622307801403991801732
          },
          {
            "Description": "Clear income account: inflow from Income Account",
            "ValutaDate": "2031-01-01T00:00:00",
            "Amount": 102485.527268436090100000
          },
          {
            "Description": "Simple cash-flow: outflow to Income Account",
            "ValutaDate": "2031-01-01T00:00:00",
            "Amount": -110462.21254112045100100000
          },
          {
            "Description": "Savings Quota: outflow to Wealth Account",
            "ValutaDate": "2032-01-01T00:00:00",
            "Amount": -33138.6637623361353003000000
          },
          {
            "Description": "Yearly Income and Wealth Tax: inflow from Wealth Account",
            "ValutaDate": "2032-01-01T00:00:00",
            "Amount": 17185.978226808658702591724085
          },
          {
            "Description": "Clear income account: inflow from Income Account",
            "ValutaDate": "2032-01-01T00:00:00",
            "Amount": 110462.21254112045100100000
          },
          {
            "Description": "Simple cash-flow: outflow to Income Account",
            "ValutaDate": "2032-01-01T00:00:00",
            "Amount": -111566.8346665316555110100000
          },
          {
            "Description": "Savings Quota: outflow to Wealth Account",
            "ValutaDate": "2033-01-01T00:00:00",
            "Amount": -33470.050399959496653303000000
          },
          {
            "Description": "Yearly Income and Wealth Tax: inflow from Wealth Account",
            "ValutaDate": "2033-01-01T00:00:00",
            "Amount": 17469.497730651258680114466606
          },
          {
            "Description": "Clear income account: inflow from Income Account",
            "ValutaDate": "2033-01-01T00:00:00",
            "Amount": 111566.8346665316555110100000
          },
          {
            "Description": "Simple cash-flow: outflow to Income Account",
            "ValutaDate": "2033-01-01T00:00:00",
            "Amount": -112682.50301319697206612010000
          },
          {
            "Description": "Savings Quota: outflow to Wealth Account",
            "ValutaDate": "2034-01-01T00:00:00",
            "Amount": -33804.750903959091619836030000
          },
          {
            "Description": "Yearly Income and Wealth Tax: inflow from Wealth Account",
            "ValutaDate": "2034-01-01T00:00:00",
            "Amount": 17785.512990048397778429470455
          },
          {
            "Description": "Clear income account: inflow from Income Account",
            "ValutaDate": "2034-01-01T00:00:00",
            "Amount": 112682.50301319697206612010000
          },
          {
            "Description": "Simple cash-flow: outflow to Income Account",
            "ValutaDate": "2034-01-01T00:00:00",
            "Amount": -25000.00
          },
          {
            "Description": "Simple cash-flow: outflow to Income Account",
            "ValutaDate": "2034-04-01T00:00:00",
            "Amount": -63400.0
          },
          {
            "Description": "Simple cash-flow: inflow from Wealth Account",
            "ValutaDate": "2034-04-01T00:00:00",
            "Amount": 20000.0
          },
          {
            "Description": "Tax payment: inflow from Wealth Account",
            "ValutaDate": "2034-04-01T00:00:00",
            "Amount": 137.60
          },
          {
            "Description": "Simple cash-flow: inflow from Occupational Pension Account",
            "ValutaDate": "2034-04-01T00:00:00",
            "Amount": 550000.0
          },
          {
            "Description": "Yearly Income and Wealth Tax: inflow from Wealth Account",
            "ValutaDate": "2035-01-01T00:00:00",
            "Amount": 12697.927240040571580458343654
          },
          {
            "Description": "Clear income account: inflow from Income Account",
            "ValutaDate": "2035-01-01T00:00:00",
            "Amount": 88400.00000000000000000000000
          },
          {
            "Description": "Simple cash-flow: outflow to Income Account",
            "ValutaDate": "2035-04-01T00:00:00",
            "Amount": -63400.0
          },
          {
            "Description": "Simple cash-flow: inflow from Wealth Account",
            "ValutaDate": "2035-04-01T00:00:00",
            "Amount": 20000.0
          },
          {
            "Description": "Yearly Income and Wealth Tax: inflow from Wealth Account",
            "ValutaDate": "2036-01-01T00:00:00",
            "Amount": 7688.8825578982722576510497014
          },
          {
            "Description": "Clear income account: inflow from Income Account",
            "ValutaDate": "2036-01-01T00:00:00",
            "Amount": 63400.00000000000000000000000
          },
          {
            "Description": "Simple cash-flow: outflow to Income Account",
            "ValutaDate": "2036-04-01T00:00:00",
            "Amount": -63400.0
          },
          {
            "Description": "Simple cash-flow: inflow from Wealth Account",
            "ValutaDate": "2036-04-01T00:00:00",
            "Amount": 20000.0
          },
          {
            "Description": "Yearly Income and Wealth Tax: inflow from Wealth Account",
            "ValutaDate": "2037-01-01T00:00:00",
            "Amount": 7593.7989351944495907182759967
          },
          {
            "Description": "Clear income account: inflow from Income Account",
            "ValutaDate": "2037-01-01T00:00:00",
            "Amount": 63400.00000000000000000000000
          },
          {
            "Description": "Simple cash-flow: outflow to Income Account",
            "ValutaDate": "2037-04-01T00:00:00",
            "Amount": -63400.0
          },
          {
            "Description": "Simple cash-flow: inflow from Wealth Account",
            "ValutaDate": "2037-04-01T00:00:00",
            "Amount": 20000.0
          },
          {
            "Description": "Yearly Income and Wealth Tax: inflow from Wealth Account",
            "ValutaDate": "2038-01-01T00:00:00",
            "Amount": 7499.0418296509918508237494369
          },
          {
            "Description": "Clear income account: inflow from Income Account",
            "ValutaDate": "2038-01-01T00:00:00",
            "Amount": 63400.00000000000000000000000
          },
          {
            "Description": "Simple cash-flow: outflow to Income Account",
            "ValutaDate": "2038-04-01T00:00:00",
            "Amount": -63400.0
          },
          {
            "Description": "Simple cash-flow: inflow from Wealth Account",
            "ValutaDate": "2038-04-01T00:00:00",
            "Amount": 20000.0
          },
          {
            "Description": "Yearly Income and Wealth Tax: inflow from Wealth Account",
            "ValutaDate": "2039-01-01T00:00:00",
            "Amount": 7404.6101200079703448080206814
          },
          {
            "Description": "Clear income account: inflow from Income Account",
            "ValutaDate": "2039-01-01T00:00:00",
            "Amount": 63400.00000000000000000000000
          },
          {
            "Description": "Simple cash-flow: outflow to Income Account",
            "ValutaDate": "2039-04-01T00:00:00",
            "Amount": -63400.0
          },
          {
            "Description": "Simple cash-flow: inflow from Wealth Account",
            "ValutaDate": "2039-04-01T00:00:00",
            "Amount": 20000.0
          },
          {
            "Description": "Yearly Income and Wealth Tax: inflow from Wealth Account",
            "ValutaDate": "2040-01-01T00:00:00",
            "Amount": 7310.5026888558629746439499384
          },
          {
            "Description": "Clear income account: inflow from Income Account",
            "ValutaDate": "2040-01-01T00:00:00",
            "Amount": 63400.00000000000000000000000
          },
          {
            "Description": "Simple cash-flow: outflow to Income Account",
            "ValutaDate": "2040-04-01T00:00:00",
            "Amount": -63400.0
          },
          {
            "Description": "Simple cash-flow: inflow from Wealth Account",
            "ValutaDate": "2040-04-01T00:00:00",
            "Amount": 20000.0
          },
          {
            "Description": "Yearly Income and Wealth Tax: inflow from Wealth Account",
            "ValutaDate": "2041-01-01T00:00:00",
            "Amount": 7216.7184226223319411890226142
          },
          {
            "Description": "Clear income account: inflow from Income Account",
            "ValutaDate": "2041-01-01T00:00:00",
            "Amount": 63400.00000000000000000000000
          },
          {
            "Description": "Simple cash-flow: outflow to Income Account",
            "ValutaDate": "2041-04-01T00:00:00",
            "Amount": -63400.0
          },
          {
            "Description": "Simple cash-flow: inflow from Wealth Account",
            "ValutaDate": "2041-04-01T00:00:00",
            "Amount": 20000.0
          },
          {
            "Description": "Yearly Income and Wealth Tax: inflow from Wealth Account",
            "ValutaDate": "2042-01-01T00:00:00",
            "Amount": 7123.2562115590468533029795107
          },
          {
            "Description": "Clear income account: inflow from Income Account",
            "ValutaDate": "2042-01-01T00:00:00",
            "Amount": 63400.00000000000000000000000
          },
          {
            "Description": "Simple cash-flow: outflow to Income Account",
            "ValutaDate": "2042-04-01T00:00:00",
            "Amount": -63400.0
          },
          {
            "Description": "Simple cash-flow: inflow from Wealth Account",
            "ValutaDate": "2042-04-01T00:00:00",
            "Amount": 20000.0
          },
          {
            "Description": "Yearly Income and Wealth Tax: inflow from Wealth Account",
            "ValutaDate": "2043-01-01T00:00:00",
            "Amount": 7030.1149497285530864087370790
          },
          {
            "Description": "Clear income account: inflow from Income Account",
            "ValutaDate": "2043-01-01T00:00:00",
            "Amount": 63400.00000000000000000000000
          },
          {
            "Description": "Simple cash-flow: outflow to Income Account",
            "ValutaDate": "2043-04-01T00:00:00",
            "Amount": -63400.0
          },
          {
            "Description": "Simple cash-flow: inflow from Wealth Account",
            "ValutaDate": "2043-04-01T00:00:00",
            "Amount": 20000.0
          },
          {
            "Description": "Yearly Income and Wealth Tax: inflow from Wealth Account",
            "ValutaDate": "2044-01-01T00:00:00",
            "Amount": 6937.2935349911852351100094759
          },
          {
            "Description": "Clear income account: inflow from Income Account",
            "ValutaDate": "2044-01-01T00:00:00",
            "Amount": 63400.00000000000000000000000
          },
          {
            "Description": "Simple cash-flow: outflow to Income Account",
            "ValutaDate": "2044-04-01T00:00:00",
            "Amount": -63400.0
          },
          {
            "Description": "Simple cash-flow: inflow from Wealth Account",
            "ValutaDate": "2044-04-01T00:00:00",
            "Amount": 20000.0
          },
          {
            "Description": "Yearly Income and Wealth Tax: inflow from Wealth Account",
            "ValutaDate": "2045-01-01T00:00:00",
            "Amount": 6844.7908689920255050126417034
          },
          {
            "Description": "Clear income account: inflow from Income Account",
            "ValutaDate": "2045-01-01T00:00:00",
            "Amount": 63400.00000000000000000000000
          },
          {
            "Description": "Simple cash-flow: outflow to Income Account",
            "ValutaDate": "2045-04-01T00:00:00",
            "Amount": -63400.0
          },
          {
            "Description": "Simple cash-flow: inflow from Wealth Account",
            "ValutaDate": "2045-04-01T00:00:00",
            "Amount": 20000.0
          },
          {
            "Description": "Yearly Income and Wealth Tax: inflow from Wealth Account",
            "ValutaDate": "2046-01-01T00:00:00",
            "Amount": 6752.6058571479068894284282918
          },
          {
            "Description": "Clear income account: inflow from Income Account",
            "ValutaDate": "2046-01-01T00:00:00",
            "Amount": 63400.00000000000000000000000
          },
          {
            "Description": "Simple cash-flow: outflow to Income Account",
            "ValutaDate": "2046-04-01T00:00:00",
            "Amount": -63400.0
          },
          {
            "Description": "Simple cash-flow: inflow from Wealth Account",
            "ValutaDate": "2046-04-01T00:00:00",
            "Amount": 20000.0
          },
          {
            "Description": "Yearly Income and Wealth Tax: inflow from Wealth Account",
            "ValutaDate": "2047-01-01T00:00:00",
            "Amount": 6660.7374086344609771701310690
          },
          {
            "Description": "Clear income account: inflow from Income Account",
            "ValutaDate": "2047-01-01T00:00:00",
            "Amount": 63400.00000000000000000000000
          },
          {
            "Description": "Simple cash-flow: outflow to Income Account",
            "ValutaDate": "2047-04-01T00:00:00",
            "Amount": -63400.0
          },
          {
            "Description": "Simple cash-flow: inflow from Wealth Account",
            "ValutaDate": "2047-04-01T00:00:00",
            "Amount": 20000.0
          },
          {
            "Description": "Yearly Income and Wealth Tax: inflow from Wealth Account",
            "ValutaDate": "2048-01-01T00:00:00",
            "Amount": 6569.1844363732102381745288389
          },
          {
            "Description": "Clear income account: inflow from Income Account",
            "ValutaDate": "2048-01-01T00:00:00",
            "Amount": 63400.00000000000000000000000
          },
          {
            "Description": "Simple cash-flow: outflow to Income Account",
            "ValutaDate": "2048-04-01T00:00:00",
            "Amount": -63400.0
          },
          {
            "Description": "Simple cash-flow: inflow from Wealth Account",
            "ValutaDate": "2048-04-01T00:00:00",
            "Amount": 20000.0
          },
          {
            "Description": "Yearly Income and Wealth Tax: inflow from Wealth Account",
            "ValutaDate": "2049-01-01T00:00:00",
            "Amount": 6477.9458570187046342166375068
          },
          {
            "Description": "Clear income account: inflow from Income Account",
            "ValutaDate": "2049-01-01T00:00:00",
            "Amount": 63400.00000000000000000000000
          },
          {
            "Description": "Simple cash-flow: outflow to Income Account",
            "ValutaDate": "2049-04-01T00:00:00",
            "Amount": -63400.0
          },
          {
            "Description": "Simple cash-flow: inflow from Wealth Account",
            "ValutaDate": "2049-04-01T00:00:00",
            "Amount": 20000.0
          },
          {
            "Description": "Yearly Income and Wealth Tax: inflow from Wealth Account",
            "ValutaDate": "2050-01-01T00:00:00",
            "Amount": 6387.0205909457024025027375737
          },
          {
            "Description": "Clear income account: inflow from Income Account",
            "ValutaDate": "2050-01-01T00:00:00",
            "Amount": 63400.00000000000000000000000
          },
          {
            "Description": "Simple cash-flow: outflow to Income Account",
            "ValutaDate": "2050-04-01T00:00:00",
            "Amount": -63400.0
          },
          {
            "Description": "Simple cash-flow: inflow from Wealth Account",
            "ValutaDate": "2050-04-01T00:00:00",
            "Amount": 20000.0
          },
          {
            "Description": "Yearly Income and Wealth Tax: inflow from Wealth Account",
            "ValutaDate": "2051-01-01T00:00:00",
            "Amount": 6296.4075622363948604525431728
          },
          {
            "Description": "Clear income account: inflow from Income Account",
            "ValutaDate": "2051-01-01T00:00:00",
            "Amount": 63400.00000000000000000000000
          },
          {
            "Description": "Simple cash-flow: outflow to Income Account",
            "ValutaDate": "2051-04-01T00:00:00",
            "Amount": -63400.0
          },
          {
            "Description": "Simple cash-flow: inflow from Wealth Account",
            "ValutaDate": "2051-04-01T00:00:00",
            "Amount": 20000.0
          },
          {
            "Description": "Yearly Income and Wealth Tax: inflow from Wealth Account",
            "ValutaDate": "2052-01-01T00:00:00",
            "Amount": 6206.1056986676750805017491395
          },
          {
            "Description": "Clear income account: inflow from Income Account",
            "ValutaDate": "2052-01-01T00:00:00",
            "Amount": 63400.00000000000000000000000
          },
          {
            "Description": "Simple cash-flow: outflow to Income Account",
            "ValutaDate": "2052-04-01T00:00:00",
            "Amount": -63400.0
          },
          {
            "Description": "Simple cash-flow: inflow from Wealth Account",
            "ValutaDate": "2052-04-01T00:00:00",
            "Amount": 20000.0
          },
          {
            "Description": "Yearly Income and Wealth Tax: inflow from Wealth Account",
            "ValutaDate": "2053-01-01T00:00:00",
            "Amount": 6116.1139316984502842753061331
          },
          {
            "Description": "Clear income account: inflow from Income Account",
            "ValutaDate": "2053-01-01T00:00:00",
            "Amount": 63400.00000000000000000000000
          },
          {
            "Description": "Simple cash-flow: outflow to Income Account",
            "ValutaDate": "2053-04-01T00:00:00",
            "Amount": -63400.0
          },
          {
            "Description": "Simple cash-flow: inflow from Wealth Account",
            "ValutaDate": "2053-04-01T00:00:00",
            "Amount": 20000.0
          },
          {
            "Description": "Yearly Income and Wealth Tax: inflow from Wealth Account",
            "ValutaDate": "2054-01-01T00:00:00",
            "Amount": 6026.4311964569978059991047316
          },
          {
            "Description": "Clear income account: inflow from Income Account",
            "ValutaDate": "2054-01-01T00:00:00",
            "Amount": 63400.00000000000000000000000
          }
        ]
      },
      "IncomeAccount": {
        "Id": "3c915b0b-2861-48aa-abd1-455b75bcffed",
        "Name": "Income Account",
        "Balance": 0.00000000000000000000000,
        "InterestRate": 0.0,
        "Transactions": [
          {
            "Description": "Simple cash-flow: inflow from Exogenous Account",
            "ValutaDate": "2021-01-01T00:00:00",
            "Amount": 100000.0
          },
          {
            "Description": "Simple cash-flow: outflow to Third Pillar Account",
            "ValutaDate": "2021-01-01T00:00:00",
            "Amount": -6883.0
          },
          {
            "Description": "Simple cash-flow: outflow to Occupational Pension Account",
            "ValutaDate": "2021-01-01T00:00:00",
            "Amount": -10000.0
          },
          {
            "Description": "Clear income account: outflow to Exogenous Account",
            "ValutaDate": "2022-01-01T00:00:00",
            "Amount": -83117.0
          },
          {
            "Description": "Simple cash-flow: inflow from Exogenous Account",
            "ValutaDate": "2022-01-01T00:00:00",
            "Amount": 101000.00
          },
          {
            "Description": "Simple cash-flow: outflow to Third Pillar Account",
            "ValutaDate": "2022-01-01T00:00:00",
            "Amount": -6883.0
          },
          {
            "Description": "Simple cash-flow: outflow to Occupational Pension Account",
            "ValutaDate": "2022-01-01T00:00:00",
            "Amount": -10000.0
          },
          {
            "Description": "Clear income account: outflow to Exogenous Account",
            "ValutaDate": "2023-01-01T00:00:00",
            "Amount": -84117.00
          },
          {
            "Description": "Simple cash-flow: inflow from Exogenous Account",
            "ValutaDate": "2023-01-01T00:00:00",
            "Amount": 102010.0000
          },
          {
            "Description": "Simple cash-flow: outflow to Third Pillar Account",
            "ValutaDate": "2023-01-01T00:00:00",
            "Amount": -6883.0
          },
          {
            "Description": "Simple cash-flow: outflow to Occupational Pension Account",
            "ValutaDate": "2023-01-01T00:00:00",
            "Amount": -10000.0
          },
          {
            "Description": "Clear income account: outflow to Exogenous Account",
            "ValutaDate": "2024-01-01T00:00:00",
            "Amount": -85127.0000
          },
          {
            "Description": "Simple cash-flow: inflow from Exogenous Account",
            "ValutaDate": "2024-01-01T00:00:00",
            "Amount": 103030.100000
          },
          {
            "Description": "Simple cash-flow: outflow to Third Pillar Account",
            "ValutaDate": "2024-01-01T00:00:00",
            "Amount": -6883.0
          },
          {
            "Description": "Simple cash-flow: outflow to Occupational Pension Account",
            "ValutaDate": "2024-01-01T00:00:00",
            "Amount": -10000.0
          },
          {
            "Description": "Clear income account: outflow to Exogenous Account",
            "ValutaDate": "2025-01-01T00:00:00",
            "Amount": -86147.100000
          },
          {
            "Description": "Simple cash-flow: inflow from Exogenous Account",
            "ValutaDate": "2025-01-01T00:00:00",
            "Amount": 104060.40100000
          },
          {
            "Description": "Simple cash-flow: outflow to Third Pillar Account",
            "ValutaDate": "2025-01-01T00:00:00",
            "Amount": -6883.0
          },
          {
            "Description": "Simple cash-flow: outflow to Occupational Pension Account",
            "ValutaDate": "2025-01-01T00:00:00",
            "Amount": -10000.0
          },
          {
            "Description": "Clear income account: outflow to Exogenous Account",
            "ValutaDate": "2026-01-01T00:00:00",
            "Amount": -87177.40100000
          },
          {
            "Description": "Simple cash-flow: inflow from Exogenous Account",
            "ValutaDate": "2026-01-01T00:00:00",
            "Amount": 105101.0050100000
          },
          {
            "Description": "Simple cash-flow: outflow to Third Pillar Account",
            "ValutaDate": "2026-01-01T00:00:00",
            "Amount": -6883.0
          },
          {
            "Description": "Clear income account: outflow to Exogenous Account",
            "ValutaDate": "2027-01-01T00:00:00",
            "Amount": -98218.0050100000
          },
          {
            "Description": "Simple cash-flow: inflow from Exogenous Account",
            "ValutaDate": "2027-01-01T00:00:00",
            "Amount": 106152.015060100000
          },
          {
            "Description": "Simple cash-flow: outflow to Third Pillar Account",
            "ValutaDate": "2027-01-01T00:00:00",
            "Amount": -6883.0
          },
          {
            "Description": "Clear income account: outflow to Exogenous Account",
            "ValutaDate": "2028-01-01T00:00:00",
            "Amount": -99269.015060100000
          },
          {
            "Description": "Simple cash-flow: inflow from Exogenous Account",
            "ValutaDate": "2028-01-01T00:00:00",
            "Amount": 107213.53521070100000
          },
          {
            "Description": "Simple cash-flow: outflow to Third Pillar Account",
            "ValutaDate": "2028-01-01T00:00:00",
            "Amount": -6883.0
          },
          {
            "Description": "Clear income account: outflow to Exogenous Account",
            "ValutaDate": "2029-01-01T00:00:00",
            "Amount": -100330.53521070100000
          },
          {
            "Description": "Simple cash-flow: inflow from Exogenous Account",
            "ValutaDate": "2029-01-01T00:00:00",
            "Amount": 108285.6705628080100000
          },
          {
            "Description": "Simple cash-flow: outflow to Third Pillar Account",
            "ValutaDate": "2029-01-01T00:00:00",
            "Amount": -6883.0
          },
          {
            "Description": "Clear income account: outflow to Exogenous Account",
            "ValutaDate": "2030-01-01T00:00:00",
            "Amount": -101402.6705628080100000
          },
          {
            "Description": "Simple cash-flow: inflow from Exogenous Account",
            "ValutaDate": "2030-01-01T00:00:00",
            "Amount": 109368.527268436090100000
          },
          {
            "Description": "Simple cash-flow: outflow to Third Pillar Account",
            "ValutaDate": "2030-01-01T00:00:00",
            "Amount": -6883.0
          },
          {
            "Description": "Clear income account: outflow to Exogenous Account",
            "ValutaDate": "2031-01-01T00:00:00",
            "Amount": -102485.527268436090100000
          },
          {
            "Description": "Simple cash-flow: inflow from Exogenous Account",
            "ValutaDate": "2031-01-01T00:00:00",
            "Amount": 110462.21254112045100100000
          },
          {
            "Description": "Clear income account: outflow to Exogenous Account",
            "ValutaDate": "2032-01-01T00:00:00",
            "Amount": -110462.21254112045100100000
          },
          {
            "Description": "Simple cash-flow: inflow from Exogenous Account",
            "ValutaDate": "2032-01-01T00:00:00",
            "Amount": 111566.8346665316555110100000
          },
          {
            "Description": "Clear income account: outflow to Exogenous Account",
            "ValutaDate": "2033-01-01T00:00:00",
            "Amount": -111566.8346665316555110100000
          },
          {
            "Description": "Simple cash-flow: inflow from Exogenous Account",
            "ValutaDate": "2033-01-01T00:00:00",
            "Amount": 112682.50301319697206612010000
          },
          {
            "Description": "Clear income account: outflow to Exogenous Account",
            "ValutaDate": "2034-01-01T00:00:00",
            "Amount": -112682.50301319697206612010000
          },
          {
            "Description": "Simple cash-flow: inflow from Exogenous Account",
            "ValutaDate": "2034-01-01T00:00:00",
            "Amount": 25000.00
          },
          {
            "Description": "Simple cash-flow: inflow from Exogenous Account",
            "ValutaDate": "2034-04-01T00:00:00",
            "Amount": 63400.0
          },
          {
            "Description": "Clear income account: outflow to Exogenous Account",
            "ValutaDate": "2035-01-01T00:00:00",
            "Amount": -88400.00000000000000000000000
          },
          {
            "Description": "Simple cash-flow: inflow from Exogenous Account",
            "ValutaDate": "2035-04-01T00:00:00",
            "Amount": 63400.0
          },
          {
            "Description": "Clear income account: outflow to Exogenous Account",
            "ValutaDate": "2036-01-01T00:00:00",
            "Amount": -63400.00000000000000000000000
          },
          {
            "Description": "Simple cash-flow: inflow from Exogenous Account",
            "ValutaDate": "2036-04-01T00:00:00",
            "Amount": 63400.0
          },
          {
            "Description": "Clear income account: outflow to Exogenous Account",
            "ValutaDate": "2037-01-01T00:00:00",
            "Amount": -63400.00000000000000000000000
          },
          {
            "Description": "Simple cash-flow: inflow from Exogenous Account",
            "ValutaDate": "2037-04-01T00:00:00",
            "Amount": 63400.0
          },
          {
            "Description": "Clear income account: outflow to Exogenous Account",
            "ValutaDate": "2038-01-01T00:00:00",
            "Amount": -63400.00000000000000000000000
          },
          {
            "Description": "Simple cash-flow: inflow from Exogenous Account",
            "ValutaDate": "2038-04-01T00:00:00",
            "Amount": 63400.0
          },
          {
            "Description": "Clear income account: outflow to Exogenous Account",
            "ValutaDate": "2039-01-01T00:00:00",
            "Amount": -63400.00000000000000000000000
          },
          {
            "Description": "Simple cash-flow: inflow from Exogenous Account",
            "ValutaDate": "2039-04-01T00:00:00",
            "Amount": 63400.0
          },
          {
            "Description": "Clear income account: outflow to Exogenous Account",
            "ValutaDate": "2040-01-01T00:00:00",
            "Amount": -63400.00000000000000000000000
          },
          {
            "Description": "Simple cash-flow: inflow from Exogenous Account",
            "ValutaDate": "2040-04-01T00:00:00",
            "Amount": 63400.0
          },
          {
            "Description": "Clear income account: outflow to Exogenous Account",
            "ValutaDate": "2041-01-01T00:00:00",
            "Amount": -63400.00000000000000000000000
          },
          {
            "Description": "Simple cash-flow: inflow from Exogenous Account",
            "ValutaDate": "2041-04-01T00:00:00",
            "Amount": 63400.0
          },
          {
            "Description": "Clear income account: outflow to Exogenous Account",
            "ValutaDate": "2042-01-01T00:00:00",
            "Amount": -63400.00000000000000000000000
          },
          {
            "Description": "Simple cash-flow: inflow from Exogenous Account",
            "ValutaDate": "2042-04-01T00:00:00",
            "Amount": 63400.0
          },
          {
            "Description": "Clear income account: outflow to Exogenous Account",
            "ValutaDate": "2043-01-01T00:00:00",
            "Amount": -63400.00000000000000000000000
          },
          {
            "Description": "Simple cash-flow: inflow from Exogenous Account",
            "ValutaDate": "2043-04-01T00:00:00",
            "Amount": 63400.0
          },
          {
            "Description": "Clear income account: outflow to Exogenous Account",
            "ValutaDate": "2044-01-01T00:00:00",
            "Amount": -63400.00000000000000000000000
          },
          {
            "Description": "Simple cash-flow: inflow from Exogenous Account",
            "ValutaDate": "2044-04-01T00:00:00",
            "Amount": 63400.0
          },
          {
            "Description": "Clear income account: outflow to Exogenous Account",
            "ValutaDate": "2045-01-01T00:00:00",
            "Amount": -63400.00000000000000000000000
          },
          {
            "Description": "Simple cash-flow: inflow from Exogenous Account",
            "ValutaDate": "2045-04-01T00:00:00",
            "Amount": 63400.0
          },
          {
            "Description": "Clear income account: outflow to Exogenous Account",
            "ValutaDate": "2046-01-01T00:00:00",
            "Amount": -63400.00000000000000000000000
          },
          {
            "Description": "Simple cash-flow: inflow from Exogenous Account",
            "ValutaDate": "2046-04-01T00:00:00",
            "Amount": 63400.0
          },
          {
            "Description": "Clear income account: outflow to Exogenous Account",
            "ValutaDate": "2047-01-01T00:00:00",
            "Amount": -63400.00000000000000000000000
          },
          {
            "Description": "Simple cash-flow: inflow from Exogenous Account",
            "ValutaDate": "2047-04-01T00:00:00",
            "Amount": 63400.0
          },
          {
            "Description": "Clear income account: outflow to Exogenous Account",
            "ValutaDate": "2048-01-01T00:00:00",
            "Amount": -63400.00000000000000000000000
          },
          {
            "Description": "Simple cash-flow: inflow from Exogenous Account",
            "ValutaDate": "2048-04-01T00:00:00",
            "Amount": 63400.0
          },
          {
            "Description": "Clear income account: outflow to Exogenous Account",
            "ValutaDate": "2049-01-01T00:00:00",
            "Amount": -63400.00000000000000000000000
          },
          {
            "Description": "Simple cash-flow: inflow from Exogenous Account",
            "ValutaDate": "2049-04-01T00:00:00",
            "Amount": 63400.0
          },
          {
            "Description": "Clear income account: outflow to Exogenous Account",
            "ValutaDate": "2050-01-01T00:00:00",
            "Amount": -63400.00000000000000000000000
          },
          {
            "Description": "Simple cash-flow: inflow from Exogenous Account",
            "ValutaDate": "2050-04-01T00:00:00",
            "Amount": 63400.0
          },
          {
            "Description": "Clear income account: outflow to Exogenous Account",
            "ValutaDate": "2051-01-01T00:00:00",
            "Amount": -63400.00000000000000000000000
          },
          {
            "Description": "Simple cash-flow: inflow from Exogenous Account",
            "ValutaDate": "2051-04-01T00:00:00",
            "Amount": 63400.0
          },
          {
            "Description": "Clear income account: outflow to Exogenous Account",
            "ValutaDate": "2052-01-01T00:00:00",
            "Amount": -63400.00000000000000000000000
          },
          {
            "Description": "Simple cash-flow: inflow from Exogenous Account",
            "ValutaDate": "2052-04-01T00:00:00",
            "Amount": 63400.0
          },
          {
            "Description": "Clear income account: outflow to Exogenous Account",
            "ValutaDate": "2053-01-01T00:00:00",
            "Amount": -63400.00000000000000000000000
          },
          {
            "Description": "Simple cash-flow: inflow from Exogenous Account",
            "ValutaDate": "2053-04-01T00:00:00",
            "Amount": 63400.0
          },
          {
            "Description": "Clear income account: outflow to Exogenous Account",
            "ValutaDate": "2054-01-01T00:00:00",
            "Amount": -63400.00000000000000000000000
          }
        ]
      },
      "WealthAccount": {
        "Id": "c84c5323-a0d0-4f22-873c-37bae946c560",
        "Name": "Wealth Account",
        "Balance": 228671.06340371708664336162088,
        "NetGrowthRate": 0.0,
        "Transactions": [
          {
            "Description": "Simple cash-flow: inflow from Exogenous Account",
            "ValutaDate": "2021-01-01T00:00:00",
            "Amount": 500000.0
          },
          {
            "Description": "Savings Quota: inflow from Exogenous Account",
            "ValutaDate": "2022-01-01T00:00:00",
            "Amount": 24935.10
          },
          {
            "Description": "Yearly Income and Wealth Tax: outflow to Exogenous Account",
            "ValutaDate": "2022-01-01T00:00:00",
            "Amount": -9736.9150
          },
          {
            "Description": "Savings Quota: inflow from Exogenous Account",
            "ValutaDate": "2023-01-01T00:00:00",
            "Amount": 25235.1000
          },
          {
            "Description": "Yearly Income and Wealth Tax: outflow to Exogenous Account",
            "ValutaDate": "2023-01-01T00:00:00",
            "Amount": -9965.255000
          },
          {
            "Description": "Savings Quota: inflow from Exogenous Account",
            "ValutaDate": "2024-01-01T00:00:00",
            "Amount": 25538.100000
          },
          {
            "Description": "Yearly Income and Wealth Tax: outflow to Exogenous Account",
            "ValutaDate": "2024-01-01T00:00:00",
            "Amount": -10193.59500000
          },
          {
            "Description": "Savings Quota: inflow from Exogenous Account",
            "ValutaDate": "2025-01-01T00:00:00",
            "Amount": 25844.13000000
          },
          {
            "Description": "Yearly Income and Wealth Tax: outflow to Exogenous Account",
            "ValutaDate": "2025-01-01T00:00:00",
            "Amount": -10419.7450000000
          },
          {
            "Description": "Savings Quota: inflow from Exogenous Account",
            "ValutaDate": "2026-01-01T00:00:00",
            "Amount": 26153.2203000000
          },
          {
            "Description": "Yearly Income and Wealth Tax: outflow to Exogenous Account",
            "ValutaDate": "2026-01-01T00:00:00",
            "Amount": -10648.085000000000
          },
          {
            "Description": "Savings Quota: inflow from Exogenous Account",
            "ValutaDate": "2027-01-01T00:00:00",
            "Amount": 29465.401503000000
          },
          {
            "Description": "Yearly Income and Wealth Tax: outflow to Exogenous Account",
            "ValutaDate": "2027-01-01T00:00:00",
            "Amount": -13047.91500000000000
          },
          {
            "Description": "Savings Quota: inflow from Exogenous Account",
            "ValutaDate": "2028-01-01T00:00:00",
            "Amount": 29780.70451803000000
          },
          {
            "Description": "Yearly Income and Wealth Tax: outflow to Exogenous Account",
            "ValutaDate": "2028-01-01T00:00:00",
            "Amount": -13308.1550000000000000
          },
          {
            "Description": "Savings Quota: inflow from Exogenous Account",
            "ValutaDate": "2029-01-01T00:00:00",
            "Amount": 30099.1605632103000000
          },
          {
            "Description": "Yearly Income and Wealth Tax: outflow to Exogenous Account",
            "ValutaDate": "2029-01-01T00:00:00",
            "Amount": -13593.105000000000000000
          },
          {
            "Description": "Residence change costs: outflow to Exogenous Account",
            "ValutaDate": "2029-07-01T00:00:00",
            "Amount": -2000.0
          },
          {
            "Description": "Savings Quota: inflow from Exogenous Account",
            "ValutaDate": "2030-01-01T00:00:00",
            "Amount": 30420.801168842403000000
          },
          {
            "Description": "Yearly Income and Wealth Tax: outflow to Exogenous Account",
            "ValutaDate": "2030-01-01T00:00:00",
            "Amount": -15096.795427614286002102000000
          },
          {
            "Description": "Savings Quota: inflow from Exogenous Account",
            "ValutaDate": "2031-01-01T00:00:00",
            "Amount": 30745.65818053082703000000
          },
          {
            "Description": "Yearly Income and Wealth Tax: outflow to Exogenous Account",
            "ValutaDate": "2031-01-01T00:00:00",
            "Amount": -15362.133622307801403991801732
          },
          {
            "Description": "Savings Quota: inflow from Exogenous Account",
            "ValutaDate": "2032-01-01T00:00:00",
            "Amount": 33138.6637623361353003000000
          },
          {
            "Description": "Yearly Income and Wealth Tax: outflow to Exogenous Account",
            "ValutaDate": "2032-01-01T00:00:00",
            "Amount": -17185.978226808658702591724085
          },
          {
            "Description": "Savings Quota: inflow from Exogenous Account",
            "ValutaDate": "2033-01-01T00:00:00",
            "Amount": 33470.050399959496653303000000
          },
          {
            "Description": "Yearly Income and Wealth Tax: outflow to Exogenous Account",
            "ValutaDate": "2033-01-01T00:00:00",
            "Amount": -17469.497730651258680114466606
          },
          {
            "Description": "Savings Quota: inflow from Exogenous Account",
            "ValutaDate": "2034-01-01T00:00:00",
            "Amount": 33804.750903959091619836030000
          },
          {
            "Description": "Yearly Income and Wealth Tax: outflow to Exogenous Account",
            "ValutaDate": "2034-01-01T00:00:00",
            "Amount": -17785.512990048397778429470455
          },
          {
            "Description": "Simple cash-flow: outflow to Exogenous Account",
            "ValutaDate": "2034-04-01T00:00:00",
            "Amount": -20000.0
          },
          {
            "Description": "Simple cash-flow: inflow from Third Pillar Account",
            "ValutaDate": "2034-04-01T00:00:00",
            "Amount": 68830.0
          },
          {
            "Description": "Tax payment: outflow to Exogenous Account",
            "ValutaDate": "2034-04-01T00:00:00",
            "Amount": -137.60
          },
          {
            "Description": "Yearly Income and Wealth Tax: outflow to Exogenous Account",
            "ValutaDate": "2035-01-01T00:00:00",
            "Amount": -12697.927240040571580458343654
          },
          {
            "Description": "Simple cash-flow: outflow to Exogenous Account",
            "ValutaDate": "2035-04-01T00:00:00",
            "Amount": -20000.0
          },
          {
            "Description": "Yearly Income and Wealth Tax: outflow to Exogenous Account",
            "ValutaDate": "2036-01-01T00:00:00",
            "Amount": -7688.8825578982722576510497014
          },
          {
            "Description": "Simple cash-flow: outflow to Exogenous Account",
            "ValutaDate": "2036-04-01T00:00:00",
            "Amount": -20000.0
          },
          {
            "Description": "Yearly Income and Wealth Tax: outflow to Exogenous Account",
            "ValutaDate": "2037-01-01T00:00:00",
            "Amount": -7593.7989351944495907182759967
          },
          {
            "Description": "Simple cash-flow: outflow to Exogenous Account",
            "ValutaDate": "2037-04-01T00:00:00",
            "Amount": -20000.0
          },
          {
            "Description": "Yearly Income and Wealth Tax: outflow to Exogenous Account",
            "ValutaDate": "2038-01-01T00:00:00",
            "Amount": -7499.0418296509918508237494369
          },
          {
            "Description": "Simple cash-flow: outflow to Exogenous Account",
            "ValutaDate": "2038-04-01T00:00:00",
            "Amount": -20000.0
          },
          {
            "Description": "Yearly Income and Wealth Tax: outflow to Exogenous Account",
            "ValutaDate": "2039-01-01T00:00:00",
            "Amount": -7404.6101200079703448080206814
          },
          {
            "Description": "Simple cash-flow: outflow to Exogenous Account",
            "ValutaDate": "2039-04-01T00:00:00",
            "Amount": -20000.0
          },
          {
            "Description": "Yearly Income and Wealth Tax: outflow to Exogenous Account",
            "ValutaDate": "2040-01-01T00:00:00",
            "Amount": -7310.5026888558629746439499384
          },
          {
            "Description": "Simple cash-flow: outflow to Exogenous Account",
            "ValutaDate": "2040-04-01T00:00:00",
            "Amount": -20000.0
          },
          {
            "Description": "Yearly Income and Wealth Tax: outflow to Exogenous Account",
            "ValutaDate": "2041-01-01T00:00:00",
            "Amount": -7216.7184226223319411890226142
          },
          {
            "Description": "Simple cash-flow: outflow to Exogenous Account",
            "ValutaDate": "2041-04-01T00:00:00",
            "Amount": -20000.0
          },
          {
            "Description": "Yearly Income and Wealth Tax: outflow to Exogenous Account",
            "ValutaDate": "2042-01-01T00:00:00",
            "Amount": -7123.2562115590468533029795107
          },
          {
            "Description": "Simple cash-flow: outflow to Exogenous Account",
            "ValutaDate": "2042-04-01T00:00:00",
            "Amount": -20000.0
          },
          {
            "Description": "Yearly Income and Wealth Tax: outflow to Exogenous Account",
            "ValutaDate": "2043-01-01T00:00:00",
            "Amount": -7030.1149497285530864087370790
          },
          {
            "Description": "Simple cash-flow: outflow to Exogenous Account",
            "ValutaDate": "2043-04-01T00:00:00",
            "Amount": -20000.0
          },
          {
            "Description": "Yearly Income and Wealth Tax: outflow to Exogenous Account",
            "ValutaDate": "2044-01-01T00:00:00",
            "Amount": -6937.2935349911852351100094759
          },
          {
            "Description": "Simple cash-flow: outflow to Exogenous Account",
            "ValutaDate": "2044-04-01T00:00:00",
            "Amount": -20000.0
          },
          {
            "Description": "Yearly Income and Wealth Tax: outflow to Exogenous Account",
            "ValutaDate": "2045-01-01T00:00:00",
            "Amount": -6844.7908689920255050126417034
          },
          {
            "Description": "Simple cash-flow: outflow to Exogenous Account",
            "ValutaDate": "2045-04-01T00:00:00",
            "Amount": -20000.0
          },
          {
            "Description": "Yearly Income and Wealth Tax: outflow to Exogenous Account",
            "ValutaDate": "2046-01-01T00:00:00",
            "Amount": -6752.6058571479068894284282918
          },
          {
            "Description": "Simple cash-flow: outflow to Exogenous Account",
            "ValutaDate": "2046-04-01T00:00:00",
            "Amount": -20000.0
          },
          {
            "Description": "Yearly Income and Wealth Tax: outflow to Exogenous Account",
            "ValutaDate": "2047-01-01T00:00:00",
            "Amount": -6660.7374086344609771701310690
          },
          {
            "Description": "Simple cash-flow: outflow to Exogenous Account",
            "ValutaDate": "2047-04-01T00:00:00",
            "Amount": -20000.0
          },
          {
            "Description": "Yearly Income and Wealth Tax: outflow to Exogenous Account",
            "ValutaDate": "2048-01-01T00:00:00",
            "Amount": -6569.1844363732102381745288389
          },
          {
            "Description": "Simple cash-flow: outflow to Exogenous Account",
            "ValutaDate": "2048-04-01T00:00:00",
            "Amount": -20000.0
          },
          {
            "Description": "Yearly Income and Wealth Tax: outflow to Exogenous Account",
            "ValutaDate": "2049-01-01T00:00:00",
            "Amount": -6477.9458570187046342166375068
          },
          {
            "Description": "Simple cash-flow: outflow to Exogenous Account",
            "ValutaDate": "2049-04-01T00:00:00",
            "Amount": -20000.0
          },
          {
            "Description": "Yearly Income and Wealth Tax: outflow to Exogenous Account",
            "ValutaDate": "2050-01-01T00:00:00",
            "Amount": -6387.0205909457024025027375737
          },
          {
            "Description": "Simple cash-flow: outflow to Exogenous Account",
            "ValutaDate": "2050-04-01T00:00:00",
            "Amount": -20000.0
          },
          {
            "Description": "Yearly Income and Wealth Tax: outflow to Exogenous Account",
            "ValutaDate": "2051-01-01T00:00:00",
            "Amount": -6296.4075622363948604525431728
          },
          {
            "Description": "Simple cash-flow: outflow to Exogenous Account",
            "ValutaDate": "2051-04-01T00:00:00",
            "Amount": -20000.0
          },
          {
            "Description": "Yearly Income and Wealth Tax: outflow to Exogenous Account",
            "ValutaDate": "2052-01-01T00:00:00",
            "Amount": -6206.1056986676750805017491395
          },
          {
            "Description": "Simple cash-flow: outflow to Exogenous Account",
            "ValutaDate": "2052-04-01T00:00:00",
            "Amount": -20000.0
          },
          {
            "Description": "Yearly Income and Wealth Tax: outflow to Exogenous Account",
            "ValutaDate": "2053-01-01T00:00:00",
            "Amount": -6116.1139316984502842753061331
          },
          {
            "Description": "Simple cash-flow: outflow to Exogenous Account",
            "ValutaDate": "2053-04-01T00:00:00",
            "Amount": -20000.0
          },
          {
            "Description": "Yearly Income and Wealth Tax: outflow to Exogenous Account",
            "ValutaDate": "2054-01-01T00:00:00",
            "Amount": -6026.4311964569978059991047316
          }
        ]
      },
      "OccupationalPensionAccount": {
        "Id": "3ee8af84-fcbd-41de-aefa-952b1c4de0cc",
        "Name": "Occupational Pension Account",
        "Balance": 0.0,
        "NetGrowthRate": 0.0,
        "Transactions": [
          {
            "Description": "Simple cash-flow: inflow from Income Account",
            "ValutaDate": "2021-01-01T00:00:00",
            "Amount": 10000.0
          },
          {
            "Description": "Simple cash-flow: inflow from Exogenous Account",
            "ValutaDate": "2021-01-01T00:00:00",
            "Amount": 500000.0
          },
          {
            "Description": "Simple cash-flow: inflow from Income Account",
            "ValutaDate": "2022-01-01T00:00:00",
            "Amount": 10000.0
          },
          {
            "Description": "Simple cash-flow: inflow from Income Account",
            "ValutaDate": "2023-01-01T00:00:00",
            "Amount": 10000.0
          },
          {
            "Description": "Simple cash-flow: inflow from Income Account",
            "ValutaDate": "2024-01-01T00:00:00",
            "Amount": 10000.0
          },
          {
            "Description": "Simple cash-flow: inflow from Income Account",
            "ValutaDate": "2025-01-01T00:00:00",
            "Amount": 10000.0
          },
          {
            "Description": "Simple cash-flow: outflow to Exogenous Account",
            "ValutaDate": "2034-04-01T00:00:00",
            "Amount": -550000.0
          }
        ]
      },
      "ThirdPillarAccount": {
        "Id": "7271cefb-4b56-4d18-aa12-73b62ee9ddae",
        "Name": "Third Pillar Account",
        "Balance": 0.0,
        "NetGrowthRate": 0.0,
        "Transactions": [
          {
            "Description": "Simple cash-flow: inflow from Income Account",
            "ValutaDate": "2021-01-01T00:00:00",
            "Amount": 6883.0
          },
          {
            "Description": "Simple cash-flow: inflow from Income Account",
            "ValutaDate": "2022-01-01T00:00:00",
            "Amount": 6883.0
          },
          {
            "Description": "Simple cash-flow: inflow from Income Account",
            "ValutaDate": "2023-01-01T00:00:00",
            "Amount": 6883.0
          },
          {
            "Description": "Simple cash-flow: inflow from Income Account",
            "ValutaDate": "2024-01-01T00:00:00",
            "Amount": 6883.0
          },
          {
            "Description": "Simple cash-flow: inflow from Income Account",
            "ValutaDate": "2025-01-01T00:00:00",
            "Amount": 6883.0
          },
          {
            "Description": "Simple cash-flow: inflow from Income Account",
            "ValutaDate": "2026-01-01T00:00:00",
            "Amount": 6883.0
          },
          {
            "Description": "Simple cash-flow: inflow from Income Account",
            "ValutaDate": "2027-01-01T00:00:00",
            "Amount": 6883.0
          },
          {
            "Description": "Simple cash-flow: inflow from Income Account",
            "ValutaDate": "2028-01-01T00:00:00",
            "Amount": 6883.0
          },
          {
            "Description": "Simple cash-flow: inflow from Income Account",
            "ValutaDate": "2029-01-01T00:00:00",
            "Amount": 6883.0
          },
          {
            "Description": "Simple cash-flow: inflow from Income Account",
            "ValutaDate": "2030-01-01T00:00:00",
            "Amount": 6883.0
          },
          {
            "Description": "Simple cash-flow: outflow to Wealth Account",
            "ValutaDate": "2034-04-01T00:00:00",
            "Amount": -68830.0
          }
        ]
      }
    },
    "Left": null
  }
]
