{
  "CurrentMarginalTaxRate": {
    "Salary": 500000.0,
    "Rate": 0.1658,
    "TotalTaxAmount": 43398.400
  },
  "MarginalTaxCurve": [
    {
      "Salary": 0.0,
      "Rate": 0.000,
      "TotalTaxAmount": 0.000
    },
    {
      "Salary": 83333.0,
      "Rate": 0.0080,
      "TotalTaxAmount": 240.6000
    },
    {
      "Salary": 166666.0,
      "Rate": 0.0726,
      "TotalTaxAmount": 3088.6000
    },
    {
      "Salary": 249999.0,
      "Rate": 0.0959,
      "TotalTaxAmount": 10357.1000
    },
    {
      "Salary": 333333.0,
      "Rate": 0.1192,
      "TotalTaxAmount": 19795.1000
    },
    {
      "Salary": 416666.0,
      "Rate": 0.1425,
      "TotalTaxAmount": 30838.2000
    },
    {
      "Salary": 499999.0,
      "Rate": 0.1658,
      "TotalTaxAmount": 43256.0000
    },
    {
      "Salary": 500000.0,
      "Rate": 0.1658,
      "TotalTaxAmount": 43398.400
    },
    {
      "Salary": 583333.0,
      "Rate": 0.1658,
      "TotalTaxAmount": 57167.6000
    },
    {
      "Salary": 666666.0,
      "Rate": 0.1891,
      "TotalTaxAmount": 72171.7000
    },
    {
      "Salary": 749999.0,
      "Rate": 0.1891,
      "TotalTaxAmount": 87874.8000
    },
    {
      "Salary": 833333.0,
      "Rate": 0.1891,
      "TotalTaxAmount": 103743.6000
    },
    {
      "Salary": 916666.0,
      "Rate": 0.1891,
      "TotalTaxAmount": 119384.5000
    },
    {
      "Salary": 1000000.0,
      "Rate": 0.2094,
      "TotalTaxAmount": 136843.800
    },
    {
      "Salary": 1083333.0,
      "Rate": 0.2094,
      "TotalTaxAmount": 154230.9000
    },
    {
      "Salary": 1166666.0,
      "Rate": 0.2094,
      "TotalTaxAmount": 171618.0000
    },
    {
      "Salary": 1250000.0,
      "Rate": 0.2327,
      "TotalTaxAmount": 189683.100
    },
    {
      "Salary": 1333333.0,
      "Rate": 0.2327,
      "TotalTaxAmount": 209004.1000
    },
    {
      "Salary": 1416666.0,
      "Rate": 0.2327,
      "TotalTaxAmount": 228325.1000
    },
    {
      "Salary": 1499999.0,
      "Rate": 0.2327,
      "TotalTaxAmount": 247646.1000
    },
    {
      "Salary": 1583333.0,
      "Rate": 0.2327,
      "TotalTaxAmount": 267179.1000
    },
    {
      "Salary": 1666666.0,
      "Rate": 0.2327,
      "TotalTaxAmount": 286500.1000
    },
    {
      "Salary": 1749999.0,
      "Rate": 0.2560,
      "TotalTaxAmount": 307125.9000
    },
    {
      "Salary": 1833333.0,
      "Rate": 0.2560,
      "TotalTaxAmount": 328616.1000
    },
    {
      "Salary": 1916666.0,
      "Rate": 0.2560,
      "TotalTaxAmount": 349871.0000
    },
    {
      "Salary": 2000000.0,
      "Rate": 0.2560,
      "TotalTaxAmount": 371361.200
    }
  ]
}
