{
  "CurrentMarginalTaxRate": {
    "Salary": 100000.0,
    "Rate": 0.2364,
    "TotalTaxAmount": 13400.380
  },
  "MarginalTaxCurve": [
    {
      "Salary": 21052.0,
      "Rate": 0.0699,
      "TotalTaxAmount": 430.120
    },
    {
      "Salary": 31578.0,
      "Rate": 0.1032,
      "TotalTaxAmount": 1293.930
    },
    {
      "Salary": 42105.0,
      "Rate": 0.1265,
      "TotalTaxAmount": 2513.670
    },
    {
      "Salary": 52631.0,
      "Rate": 0.1598,
      "TotalTaxAmount": 3980.080
    },
    {
      "Salary": 63157.0,
      "Rate": 0.1931,
      "TotalTaxAmount": 5746.920
    },
    {
      "Salary": 84210.0,
      "Rate": 0.2031,
      "TotalTaxAmount": 9910.330
    },
    {
      "Salary": 94736.0,
      "Rate": 0.2364,
      "TotalTaxAmount": 12147.460
    },
    {
      "Salary": 105263.0,
      "Rate": 0.2464,
      "TotalTaxAmount": 14647.660
    },
    {
      "Salary": 115789.0,
      "Rate": 0.2564,
      "TotalTaxAmount": 17244.860
    },
    {
      "Salary": 126315.0,
      "Rate": 0.2897,
      "TotalTaxAmount": 20062.920
    },
    {
      "Salary": 136842.0,
      "Rate": 0.3047,
      "TotalTaxAmount": 23155.770
    },
    {
      "Salary": 147368.0,
      "Rate": 0.3397,
      "TotalTaxAmount": 26528.620
    },
    {
      "Salary": 168421.0,
      "Rate": 0.34203,
      "TotalTaxAmount": 33696.290
    },
    {
      "Salary": 178947.0,
      "Rate": 0.363,
      "TotalTaxAmount": 37486.820
    },
    {
      "Salary": 100000.0,
      "Rate": 0.2364,
      "TotalTaxAmount": 13400.380
    }
  ]
}
