[
  {
    "Age": {
      "Years": 24,
      "Months": 9
    },
    "Date": "2027-01-01T00:00:00",
    "Value": 0.09
  },
  {
    "Age": {
      "Years": 25,
      "Months": 9
    },
    "Date": "2028-01-01T00:00:00",
    "Value": 0.09
  },
  {
    "Age": {
      "Years": 26,
      "Months": 9
    },
    "Date": "2029-01-01T00:00:00",
    "Value": 0.09
  },
  {
    "Age": {
      "Years": 27,
      "Months": 9
    },
    "Date": "2030-01-01T00:00:00",
    "Value": 0.09
  },
  {
    "Age": {
      "Years": 28,
      "Months": 9
    },
    "Date": "2031-01-01T00:00:00",
    "Value": 0.09
  },
  {
    "Age": {
      "Years": 29,
      "Months": 9
    },
    "Date": "2032-01-01T00:00:00",
    "Value": 0.09
  },
  {
    "Age": {
      "Years": 30,
      "Months": 9
    },
    "Date": "2033-01-01T00:00:00",
    "Value": 0.09
  },
  {
    "Age": {
      "Years": 31,
      "Months": 9
    },
    "Date": "2034-01-01T00:00:00",
    "Value": 0.09
  },
  {
    "Age": {
      "Years": 32,
      "Months": 9
    },
    "Date": "2035-01-01T00:00:00",
    "Value": 0.09
  },
  {
    "Age": {
      "Years": 33,
      "Months": 9
    },
    "Date": "2036-01-01T00:00:00",
    "Value": 0.09
  },
  {
    "Age": {
      "Years": 34,
      "Months": 9
    },
    "Date": "2037-01-01T00:00:00",
    "Value": 0.09
  },
  {
    "Age": {
      "Years": 35,
      "Months": 9
    },
    "Date": "2038-01-01T00:00:00",
    "Value": 0.09
  },
  {
    "Age": {
      "Years": 36,
      "Months": 9
    },
    "Date": "2039-01-01T00:00:00",
    "Value": 0.09
  },
  {
    "Age": {
      "Years": 37,
      "Months": 9
    },
    "Date": "2040-01-01T00:00:00",
    "Value": 0.09
  },
  {
    "Age": {
      "Years": 38,
      "Months": 9
    },
    "Date": "2041-01-01T00:00:00",
    "Value": 0.09
  },
  {
    "Age": {
      "Years": 39,
      "Months": 9
    },
    "Date": "2042-01-01T00:00:00",
    "Value": 0.09
  },
  {
    "Age": {
      "Years": 40,
      "Months": 9
    },
    "Date": "2043-01-01T00:00:00",
    "Value": 0.09
  },
  {
    "Age": {
      "Years": 41,
      "Months": 9
    },
    "Date": "2044-01-01T00:00:00",
    "Value": 0.09
  },
  {
    "Age": {
      "Years": 42,
      "Months": 9
    },
    "Date": "2045-01-01T00:00:00",
    "Value": 0.09
  },
  {
    "Age": {
      "Years": 43,
      "Months": 9
    },
    "Date": "2046-01-01T00:00:00",
    "Value": 0.09
  },
  {
    "Age": {
      "Years": 44,
      "Months": 9
    },
    "Date": "2047-01-01T00:00:00",
    "Value": 0.14
  },
  {
    "Age": {
      "Years": 45,
      "Months": 9
    },
    "Date": "2048-01-01T00:00:00",
    "Value": 0.14
  },
  {
    "Age": {
      "Years": 46,
      "Months": 9
    },
    "Date": "2049-01-01T00:00:00",
    "Value": 0.14
  },
  {
    "Age": {
      "Years": 47,
      "Months": 9
    },
    "Date": "2050-01-01T00:00:00",
    "Value": 0.14
  },
  {
    "Age": {
      "Years": 48,
      "Months": 9
    },
    "Date": "2051-01-01T00:00:00",
    "Value": 0.14
  },
  {
    "Age": {
      "Years": 49,
      "Months": 9
    },
    "Date": "2052-01-01T00:00:00",
    "Value": 0.14
  },
  {
    "Age": {
      "Years": 50,
      "Months": 9
    },
    "Date": "2053-01-01T00:00:00",
    "Value": 0.14
  },
  {
    "Age": {
      "Years": 51,
      "Months": 9
    },
    "Date": "2054-01-01T00:00:00",
    "Value": 0.14
  },
  {
    "Age": {
      "Years": 52,
      "Months": 9
    },
    "Date": "2055-01-01T00:00:00",
    "Value": 0.14
  },
  {
    "Age": {
      "Years": 53,
      "Months": 9
    },
    "Date": "2056-01-01T00:00:00",
    "Value": 0.14
  },
  {
    "Age": {
      "Years": 54,
      "Months": 9
    },
    "Date": "2057-01-01T00:00:00",
    "Value": 0.14
  },
  {
    "Age": {
      "Years": 55,
      "Months": 9
    },
    "Date": "2058-01-01T00:00:00",
    "Value": 0.14
  },
  {
    "Age": {
      "Years": 56,
      "Months": 9
    },
    "Date": "2059-01-01T00:00:00",
    "Value": 0.14
  },
  {
    "Age": {
      "Years": 57,
      "Months": 9
    },
    "Date": "2060-01-01T00:00:00",
    "Value": 0.14
  },
  {
    "Age": {
      "Years": 58,
      "Months": 9
    },
    "Date": "2061-01-01T00:00:00",
    "Value": 0.14
  },
  {
    "Age": {
      "Years": 59,
      "Months": 9
    },
    "Date": "2062-01-01T00:00:00",
    "Value": 0.14
  },
  {
    "Age": {
      "Years": 60,
      "Months": 9
    },
    "Date": "2063-01-01T00:00:00",
    "Value": 0.14
  },
  {
    "Age": {
      "Years": 61,
      "Months": 9
    },
    "Date": "2064-01-01T00:00:00",
    "Value": 0.14
  },
  {
    "Age": {
      "Years": 62,
      "Months": 9
    },
    "Date": "2065-01-01T00:00:00",
    "Value": 0.14
  },
  {
    "Age": {
      "Years": 63,
      "Months": 9
    },
    "Date": "2066-01-01T00:00:00",
    "Value": 0.14
  },
  {
    "Age": {
      "Years": 64,
      "Months": 9
    },
    "Date": "2067-01-01T00:00:00",
    "Value": 0.14
  },
  {
    "Age": {
      "Years": 65,
      "Months": 9
    },
    "Date": "2068-01-01T00:00:00",
    "Value": 0.0
  },
  {
    "Age": {
      "Years": 66,
      "Months": 9
    },
    "Date": "2069-01-01T00:00:00",
    "Value": 0.0
  },
  {
    "Age": {
      "Years": 67,
      "Months": 9
    },
    "Date": "2070-01-01T00:00:00",
    "Value": 0.0
  },
  {
    "Age": {
      "Years": 68,
      "Months": 9
    },
    "Date": "2071-01-01T00:00:00",
    "Value": 0.0
  },
  {
    "Age": {
      "Years": 69,
      "Months": 9
    },
    "Date": "2072-01-01T00:00:00",
    "Value": 0.0
  }
]
